bun test v1.3.5 (1e86cebd)

tests\branch-selector.test.ts:
(pass) Branch Selector > should allow main branch
(pass) Branch Selector > should allow beta/7.0 branch
(pass) Branch Selector > should allow feature/bun-executable branch
(pass) Branch Selector > should reject invalid branch names
(pass) Branch Selector > should have exactly 3 allowed branches

tests\cursor-context-update.test.ts:
(pass) Cursor Context Update > writeContextFile > creates .cursor/rules directory structure [16.00ms]
(pass) Cursor Context Update > writeContextFile > creates claude-mem-context.mdc file
(pass) Cursor Context Update > writeContextFile > includes alwaysApply: true in frontmatter [15.00ms]
(pass) Cursor Context Update > writeContextFile > includes description in frontmatter
(pass) Cursor Context Update > writeContextFile > includes the provided context in the file body [16.00ms]
(pass) Cursor Context Update > writeContextFile > includes Memory Context header [16.00ms]
(pass) Cursor Context Update > writeContextFile > includes footer with MCP tools mention
(pass) Cursor Context Update > writeContextFile > uses atomic write (no temp file left behind) [15.00ms]
(pass) Cursor Context Update > writeContextFile > overwrites existing context file
(pass) Cursor Context Update > writeContextFile > handles empty context gracefully [16.00ms]
(pass) Cursor Context Update > writeContextFile > preserves multi-line context with proper formatting [15.00ms]
(pass) Cursor Context Update > MDC format validation > has valid YAML frontmatter delimiters
(pass) Cursor Context Update > MDC format validation > frontmatter is parseable as YAML [16.00ms]
(pass) Cursor Context Update > MDC format validation > content after frontmatter is proper markdown
(pass) Cursor Context Update > edge cases > handles special characters in context
(pass) Cursor Context Update > edge cases > handles unicode in context [15.00ms]
(pass) Cursor Context Update > edge cases > handles very long context
(pass) Cursor Context Update > edge cases > works when .cursor directory already exists [16.00ms]

tests\cursor-hooks-json-utils.test.ts:
(pass) Cursor Hooks JSON Utilities > parseArrayField > parses simple array access
(pass) Cursor Hooks JSON Utilities > parseArrayField > parses array access with higher index
(pass) Cursor Hooks JSON Utilities > parseArrayField > returns null for simple field
(pass) Cursor Hooks JSON Utilities > parseArrayField > returns null for empty string
(pass) Cursor Hooks JSON Utilities > parseArrayField > returns null for malformed array syntax
(pass) Cursor Hooks JSON Utilities > parseArrayField > handles underscores in field name
(pass) Cursor Hooks JSON Utilities > jsonGet > gets simple field
(pass) Cursor Hooks JSON Utilities > jsonGet > gets array element with [0]
(pass) Cursor Hooks JSON Utilities > jsonGet > gets array element with higher index
(pass) Cursor Hooks JSON Utilities > jsonGet > returns fallback for missing field
(pass) Cursor Hooks JSON Utilities > jsonGet > returns fallback for out-of-bounds array access
(pass) Cursor Hooks JSON Utilities > jsonGet > returns fallback for array access on non-array
(pass) Cursor Hooks JSON Utilities > jsonGet > returns empty string fallback by default
(pass) Cursor Hooks JSON Utilities > jsonGet > returns fallback for null value
(pass) Cursor Hooks JSON Utilities > jsonGet > returns empty string value (not fallback)
(pass) Cursor Hooks JSON Utilities > getProjectName > extracts basename from Unix path
(pass) Cursor Hooks JSON Utilities > getProjectName > extracts basename from Windows path
(pass) Cursor Hooks JSON Utilities > getProjectName > handles path with trailing slash
(pass) Cursor Hooks JSON Utilities > getProjectName > returns unknown-project for empty string
(pass) Cursor Hooks JSON Utilities > getProjectName > handles Windows drive root C:\
(pass) Cursor Hooks JSON Utilities > getProjectName > handles Windows drive root C:
(pass) Cursor Hooks JSON Utilities > getProjectName > handles lowercase drive letter
(pass) Cursor Hooks JSON Utilities > getProjectName > handles project name with dots
(pass) Cursor Hooks JSON Utilities > getProjectName > handles project name with spaces
(pass) Cursor Hooks JSON Utilities > getProjectName > handles project name with special characters
(pass) Cursor Hooks JSON Utilities > isEmpty > returns true for null
(pass) Cursor Hooks JSON Utilities > isEmpty > returns true for undefined
(pass) Cursor Hooks JSON Utilities > isEmpty > returns true for empty string
(pass) Cursor Hooks JSON Utilities > isEmpty > returns true for literal "null" string
(pass) Cursor Hooks JSON Utilities > isEmpty > returns true for literal "empty" string
(pass) Cursor Hooks JSON Utilities > isEmpty > returns false for non-empty string
(pass) Cursor Hooks JSON Utilities > isEmpty > returns false for whitespace-only string
(pass) Cursor Hooks JSON Utilities > isEmpty > returns false for "0" string
(pass) Cursor Hooks JSON Utilities > isEmpty > returns false for "false" string
(pass) Cursor Hooks JSON Utilities > urlEncode > encodes spaces
(pass) Cursor Hooks JSON Utilities > urlEncode > encodes special characters
(pass) Cursor Hooks JSON Utilities > urlEncode > encodes unicode
(pass) Cursor Hooks JSON Utilities > urlEncode > preserves alphanumeric characters
(pass) Cursor Hooks JSON Utilities > urlEncode > preserves dashes and underscores
(pass) Cursor Hooks JSON Utilities > urlEncode > handles empty string
(pass) Cursor Hooks JSON Utilities > urlEncode > encodes forward slash
(pass) Cursor Hooks JSON Utilities > integration: hook payload parsing > extracts all fields from typical beforeSubmitPrompt payload
(pass) Cursor Hooks JSON Utilities > integration: hook payload parsing > handles payload with missing optional fields
(pass) Cursor Hooks JSON Utilities > integration: hook payload parsing > constructs valid API URL with encoded project name

tests\cursor-mcp-config.test.ts:
(pass) Cursor MCP Configuration > configureCursorMcp > creates mcp.json if it does not exist
(pass) Cursor MCP Configuration > configureCursorMcp > creates .cursor directory if it does not exist
(pass) Cursor MCP Configuration > configureCursorMcp > adds claude-mem server with correct structure [15.00ms]
(pass) Cursor MCP Configuration > configureCursorMcp > preserves existing MCP servers when adding claude-mem
(pass) Cursor MCP Configuration > configureCursorMcp > updates existing claude-mem server path
(pass) Cursor MCP Configuration > configureCursorMcp > recovers from corrupt mcp.json [16.00ms]
(pass) Cursor MCP Configuration > configureCursorMcp > handles mcp.json with missing mcpServers key
(pass) Cursor MCP Configuration > MCP config format validation > produces valid JSON [15.00ms]
(pass) Cursor MCP Configuration > MCP config format validation > uses pretty-printed JSON (2-space indent)
(pass) Cursor MCP Configuration > MCP config format validation > matches Cursor MCP server schema
(pass) Cursor MCP Configuration > removeMcpConfig > removes claude-mem server from config
(pass) Cursor MCP Configuration > removeMcpConfig > preserves other servers when removing claude-mem [16.00ms]
(pass) Cursor MCP Configuration > removeMcpConfig > does nothing if mcp.json does not exist
(pass) Cursor MCP Configuration > removeMcpConfig > does nothing if claude-mem not in config
(pass) Cursor MCP Configuration > path handling > handles absolute path with spaces
(pass) Cursor MCP Configuration > path handling > handles Windows-style path [16.00ms]
(pass) Cursor MCP Configuration > path handling > handles path with special characters

tests\cursor-registry.test.ts:
(pass) Cursor Project Registry > readCursorRegistry > returns empty object when registry file does not exist
(pass) Cursor Project Registry > readCursorRegistry > returns empty object when registry file is corrupt JSON [15.00ms]
(pass) Cursor Project Registry > readCursorRegistry > returns parsed registry when file exists
(pass) Cursor Project Registry > registerCursorProject > creates registry file if it does not exist
(pass) Cursor Project Registry > registerCursorProject > stores project with workspacePath and installedAt
(pass) Cursor Project Registry > registerCursorProject > preserves existing projects when registering new one [16.00ms]
(pass) Cursor Project Registry > registerCursorProject > overwrites existing project with same name
(pass) Cursor Project Registry > registerCursorProject > handles special characters in project name [16.00ms]
(pass) Cursor Project Registry > unregisterCursorProject > removes specified project from registry
(pass) Cursor Project Registry > unregisterCursorProject > does nothing when unregistering non-existent project [15.00ms]
(pass) Cursor Project Registry > unregisterCursorProject > handles unregister when registry file does not exist
(pass) Cursor Project Registry > registry format validation > stores registry as pretty-printed JSON
(pass) Cursor Project Registry > registry format validation > registry file is valid JSON that can be read by other tools [16.00ms]

tests\fk-constraint-fix.test.ts:
(pass) FK Constraint Fix (Issue #846) > should auto-register memory_session_id before observation INSERT [63.00ms]
(pass) FK Constraint Fix (Issue #846) > should not update if memory_session_id already matches [47.00ms]
(pass) FK Constraint Fix (Issue #846) > should throw if session does not exist [47.00ms]
(pass) FK Constraint Fix (Issue #846) > should handle observation storage after worker restart scenario [47.00ms]

tests\gemini_agent.test.ts:
(pass) GeminiAgent > should initialize with correct config [16.00ms]
(pass) GeminiAgent > should handle multi-turn conversation
(pass) GeminiAgent > should process observations and store them [15.00ms]
(pass) GeminiAgent > should fallback to Claude on rate limit error
(pass) GeminiAgent > should NOT fallback on other errors
(pass) GeminiAgent > should respect rate limits when rate limiting enabled
(pass) GeminiAgent > gemini-3-flash-preview model support > should accept gemini-3-flash-preview as a valid model
(pass) GeminiAgent > gemini-3-flash-preview model support > should have rate limit defined for gemini-3-flash-preview

tests\hook-command.test.ts:
(pass) isWorkerUnavailableError > transport failures → true (graceful) > should classify ECONNREFUSED as worker unavailable [16.00ms]
(pass) isWorkerUnavailableError > transport failures → true (graceful) > should classify ECONNRESET as worker unavailable
(pass) isWorkerUnavailableError > transport failures → true (graceful) > should classify EPIPE as worker unavailable
(pass) isWorkerUnavailableError > transport failures → true (graceful) > should classify ETIMEDOUT as worker unavailable
(pass) isWorkerUnavailableError > transport failures → true (graceful) > should classify "fetch failed" as worker unavailable
(pass) isWorkerUnavailableError > transport failures → true (graceful) > should classify "Unable to connect" as worker unavailable
(pass) isWorkerUnavailableError > transport failures → true (graceful) > should classify ENOTFOUND as worker unavailable
(pass) isWorkerUnavailableError > transport failures → true (graceful) > should classify "socket hang up" as worker unavailable
(pass) isWorkerUnavailableError > transport failures → true (graceful) > should classify ECONNABORTED as worker unavailable
(pass) isWorkerUnavailableError > timeout errors → true (graceful) > should classify "timed out" as worker unavailable
(pass) isWorkerUnavailableError > timeout errors → true (graceful) > should classify "timeout" as worker unavailable
(pass) isWorkerUnavailableError > HTTP 5xx server errors → true (graceful) > should classify 500 status as worker unavailable
(pass) isWorkerUnavailableError > HTTP 5xx server errors → true (graceful) > should classify 502 status as worker unavailable
(pass) isWorkerUnavailableError > HTTP 5xx server errors → true (graceful) > should classify 503 status as worker unavailable
(pass) isWorkerUnavailableError > HTTP 5xx server errors → true (graceful) > should classify "status: 500" format as worker unavailable
(pass) isWorkerUnavailableError > HTTP 429 rate limit → true (graceful) > should classify 429 as worker unavailable (rate limit is transient)
(pass) isWorkerUnavailableError > HTTP 429 rate limit → true (graceful) > should classify "status: 429" format as worker unavailable
(pass) isWorkerUnavailableError > HTTP 4xx client errors → false (blocking) > should NOT classify 400 Bad Request as worker unavailable
(pass) isWorkerUnavailableError > HTTP 4xx client errors → false (blocking) > should NOT classify 404 Not Found as worker unavailable
(pass) isWorkerUnavailableError > HTTP 4xx client errors → false (blocking) > should NOT classify 422 Validation Error as worker unavailable
(pass) isWorkerUnavailableError > HTTP 4xx client errors → false (blocking) > should NOT classify "status: 400" format as worker unavailable
(pass) isWorkerUnavailableError > programming errors → false (blocking) > should NOT classify TypeError as worker unavailable
(pass) isWorkerUnavailableError > programming errors → false (blocking) > should NOT classify ReferenceError as worker unavailable
(pass) isWorkerUnavailableError > programming errors → false (blocking) > should NOT classify SyntaxError as worker unavailable
(pass) isWorkerUnavailableError > unknown errors → false (blocking, conservative) > should NOT classify generic Error as worker unavailable
(pass) isWorkerUnavailableError > unknown errors → false (blocking, conservative) > should handle string errors
(pass) isWorkerUnavailableError > unknown errors → false (blocking, conservative) > should handle null/undefined errors

tests\hook-constants.test.ts:
(pass) hook-constants > HOOK_TIMEOUTS > should define DEFAULT timeout
(pass) hook-constants > HOOK_TIMEOUTS > should define HEALTH_CHECK timeout as 3s (reduced from 30s)
(pass) hook-constants > HOOK_TIMEOUTS > should define POST_SPAWN_WAIT as 5s
(pass) hook-constants > HOOK_TIMEOUTS > should define PORT_IN_USE_WAIT as 3s
(pass) hook-constants > HOOK_TIMEOUTS > should define WORKER_STARTUP_WAIT
(pass) hook-constants > HOOK_TIMEOUTS > should define PRE_RESTART_SETTLE_DELAY
(pass) hook-constants > HOOK_TIMEOUTS > should define WINDOWS_MULTIPLIER
(pass) hook-constants > HOOK_TIMEOUTS > should define POWERSHELL_COMMAND timeout as 10000ms
(pass) hook-constants > HOOK_EXIT_CODES > should define SUCCESS exit code
(pass) hook-constants > HOOK_EXIT_CODES > should define FAILURE exit code
(pass) hook-constants > HOOK_EXIT_CODES > should define BLOCKING_ERROR exit code
(pass) hook-constants > getTimeout > should return base timeout on non-Windows platforms
(pass) hook-constants > getTimeout > should apply Windows multiplier on Windows platform
(pass) hook-constants > getTimeout > should round Windows timeout to nearest integer
(pass) hook-constants > getTimeout > should return base timeout on Linux

tests\hook-lifecycle.test.ts:
(pass) Hook Lifecycle - Event Handlers > getEventHandler > should return handler for all recognized event types
(pass) Hook Lifecycle - Event Handlers > getEventHandler > should return no-op handler for unknown event types (#984)
(pass) Hook Lifecycle - Event Handlers > getEventHandler > should include session-complete as a recognized event type (#984)
(pass) Codex CLI Compatibility (#744) > getPlatformAdapter > should return rawAdapter for unknown platforms like codex
(pass) Codex CLI Compatibility (#744) > getPlatformAdapter > should return rawAdapter for any unrecognized platform string
(pass) Codex CLI Compatibility (#744) > claudeCodeAdapter session_id fallbacks > should use session_id when present
(pass) Codex CLI Compatibility (#744) > claudeCodeAdapter session_id fallbacks > should fall back to id field (Codex CLI format)
(pass) Codex CLI Compatibility (#744) > claudeCodeAdapter session_id fallbacks > should fall back to sessionId field (camelCase format)
(pass) Codex CLI Compatibility (#744) > claudeCodeAdapter session_id fallbacks > should return undefined when no session ID field is present
(pass) Codex CLI Compatibility (#744) > claudeCodeAdapter session_id fallbacks > should handle undefined input gracefully
(pass) Codex CLI Compatibility (#744) > session-init handler undefined prompt > should not throw when prompt is undefined [15.00ms]
(pass) Codex CLI Compatibility (#744) > session-init handler undefined prompt > should not throw when prompt is empty string
(pass) Codex CLI Compatibility (#744) > session-init handler undefined prompt > should not throw when prompt is whitespace-only
(pass) Codex CLI Compatibility (#744) > session-init handler undefined prompt > should preserve valid prompts
(pass) Cursor IDE Compatibility (#838, #1049) > cursorAdapter session ID fallbacks > should use conversation_id when present
(pass) Cursor IDE Compatibility (#838, #1049) > cursorAdapter session ID fallbacks > should fall back to generation_id
(pass) Cursor IDE Compatibility (#838, #1049) > cursorAdapter session ID fallbacks > should fall back to id field
(pass) Cursor IDE Compatibility (#838, #1049) > cursorAdapter session ID fallbacks > should return undefined when no session ID field is present
(pass) Cursor IDE Compatibility (#838, #1049) > cursorAdapter prompt field fallbacks > should use prompt when present
(pass) Cursor IDE Compatibility (#838, #1049) > cursorAdapter prompt field fallbacks > should fall back to query field
(pass) Cursor IDE Compatibility (#838, #1049) > cursorAdapter prompt field fallbacks > should fall back to input field
(pass) Cursor IDE Compatibility (#838, #1049) > cursorAdapter prompt field fallbacks > should fall back to message field
(pass) Cursor IDE Compatibility (#838, #1049) > cursorAdapter prompt field fallbacks > should return undefined when no prompt field is present
(pass) Cursor IDE Compatibility (#838, #1049) > cursorAdapter prompt field fallbacks > should prefer prompt over query
(pass) Cursor IDE Compatibility (#838, #1049) > cursorAdapter cwd fallbacks > should use workspace_roots[0] when present
(pass) Cursor IDE Compatibility (#838, #1049) > cursorAdapter cwd fallbacks > should fall back to cwd field
(pass) Cursor IDE Compatibility (#838, #1049) > cursorAdapter cwd fallbacks > should fall back to process.cwd() when nothing provided
(pass) Cursor IDE Compatibility (#838, #1049) > cursorAdapter undefined input handling > should handle undefined input gracefully
(pass) Cursor IDE Compatibility (#838, #1049) > cursorAdapter undefined input handling > should handle null input gracefully
(pass) Cursor IDE Compatibility (#838, #1049) > cursorAdapter formatOutput > should return simple continue flag
(pass) Cursor IDE Compatibility (#838, #1049) > cursorAdapter formatOutput > should default continue to true
(pass) Hook Lifecycle - Claude Code Adapter > should default suppressOutput to true when not explicitly set
(pass) Hook Lifecycle - Claude Code Adapter > should default both continue and suppressOutput to true for empty result
(pass) Hook Lifecycle - Claude Code Adapter > should respect explicit suppressOutput: false
(pass) Hook Lifecycle - Claude Code Adapter > should use hookSpecificOutput format for context injection
(pass) Hook Lifecycle - stderr Suppression (#1181) > should not use console.error in handlers/index.ts for unknown events
(pass) Hook Lifecycle - Standard Response > should define standard hook response with suppressOutput: true
ENOENT: no such file or directory, open '/C:/Users/hyper/workspace/claude-mem/src/cli/hook-command.ts'
    path: "/C:/Users/hyper/workspace/claude-mem/src/cli/hook-command.ts",
 syscall: "open",
   errno: -2,
    code: "ENOENT"

(fail) hookCommand - stderr suppression > should not use console.error for worker unavailable errors

tests\log-level-audit.test.ts:
(pass) Log Level Audit > should scan all TypeScript files and extract logger calls [156.00ms]

=== LOG LEVEL AUDIT REPORT ===

Total logger calls found: 643


ERROR (should be critical failures only):
────────────────────────────────────────────────────────────
  src\cli\claude-md-commands.ts:431 [CLAUDE_MD]
    message: "Fatal error during CLAUDE.md generation"
    full: logger.error('CLAUDE_MD', 'Fatal error during CLAUDE.md generation', { error: String(error)

  src\cli\claude-md-commands.ts:540 [CLAUDE_MD]
    message: "Fatal error during CLAUDE.md cleanup"
    full: logger.error('CLAUDE_MD', 'Fatal error during CLAUDE.md cleanup', { error: String(error)

  src\cli\handlers\session-init.ts:63 [HOOK]
    message: "Session initialization failed: ${initResponse.status}"
    full: logger.failure('HOOK', `Session initialization failed: ${initResponse.status}`, { contentSessionId: sessionId, project })

  src\cli\handlers\session-init.ts:119 [HOOK]
    message: "SDK agent start failed: ${response.status}"
    full: logger.failure('HOOK', `SDK agent start failed: ${response.status}`, { sessionDbId, promptNumber })

  src\cli\hook-command.ts:103 [HOOK]
    message: "Hook error: ${error instanceof Error ? error.message : error}"
    full: logger.error('HOOK', `Hook error: ${error instanceof Error ? error.message : error}`, {}, error instanceof Error ? error : undefined)

  src\hooks\pre-tool-use-hook.ts:59 [HOOK]
    message: "Failed to send pre-tool-use tracking"
    full: logger.failure('HOOK', 'Failed to send pre-tool-use tracking', { status: response.status }, errorText)

  src\hooks\save-hook.ts:128 [HOOK]
    message: "Failed to get observation"
    full: logger.failure('HOOK', 'Failed to get observation', { status: response.status }, errorText)

  src\hooks\save-hook.ts:175 [HOOK]
    message: "Error in save-hook"
    full: logger.failure('HOOK', 'Error in save-hook', {}, error.message)

  src\hooks\summary-hook.ts:62 [HOOK]
    message: "Failed to read transcript"
    error: error as Error
    full: logger.error('HOOK', 'Failed to read transcript', { transcriptPath }, error as Error)

  src\hooks\summary-hook.ts:119 [HOOK]
    message: "Failed to read transcript"
    error: error as Error
    full: logger.error('HOOK', 'Failed to read transcript', { transcriptPath }, error as Error)

  src\hooks\summary-hook.ts:203 [HOOK]
    message: "Failed to generate summary"
    full: logger.failure('HOOK', 'Failed to generate summary', { sessionId: sessionDbId, status: response.status }, errorText)

  src\sdk\parser.ts:66 [PARSER]
    message: "Invalid observation type: ${type}, using "${fallbackType}""
    full: logger.error('PARSER', `Invalid observation type: ${type}, using "${fallbackType}"`, { correlationId })

  src\sdk\parser.ts:69 [PARSER]
    message: "Observation missing type field, using "${fallbackType}""
    full: logger.error('PARSER', `Observation missing type field, using "${fallbackType}"`, { correlationId })

  src\sdk\parser.ts:78 [PARSER]
    message: "Removed observation type from concepts array"
    full: logger.error('PARSER', 'Removed observation type from concepts array', { correlationId, type: finalType, originalConcepts: concepts, cleanedConcepts })

  src\sdk\prompts.ts:127 [SDK]
    message: "Missing last_assistant_message in session for summary prompt"
    full: logger.error('SDK', 'Missing last_assistant_message in session for summary prompt', { sessionId: session.id })

  src\servers\mcp-server.ts:21 [CONSOLE]
    message: "(message not captured)"
    full: logger.error('CONSOLE', 'Intercepted console output (MCP protocol protection)

  src\servers\mcp-server.ts:85 [SYSTEM]
    message: "← Worker API error"
    error: error as Error
    full: logger.error('SYSTEM', '← Worker API error', { endpoint }, error as Error)

  src\servers\mcp-server.ts:132 [HTTP]
    message: "(message not captured)"
    full: logger.error('HTTP', 'Worker API error (POST)

  src\servers\mcp-server.ts:390 [SYSTEM]
    message: "Tool execution failed"
    error: error as Error
    full: logger.error('SYSTEM', 'Tool execution failed', { tool: request.params.name }, error as Error)

  src\servers\mcp-server.ts:451 [SYSTEM]
    message: "Worker not available"
    full: logger.error('SYSTEM', 'Worker not available', undefined, { workerUrl: WORKER_BASE_URL })

  src\servers\mcp-server.ts:452 [SYSTEM]
    message: "Tools will fail until Worker is started"
    full: logger.error('SYSTEM', 'Tools will fail until Worker is started')

  src\servers\mcp-server.ts:453 [SYSTEM]
    message: "Start Worker with: npm run worker:restart"
    full: logger.error('SYSTEM', 'Start Worker with: npm run worker:restart')

  src\servers\mcp-server.ts:461 [SYSTEM]
    message: "Fatal error"
    error: error
    full: logger.error('SYSTEM', 'Fatal error', undefined, error)

  src\services\context\ContextBuilder.ts:59 [SYSTEM]
    message: "Native module rebuild needed - restart Claude Code to auto-fix"
    full: logger.error('SYSTEM', 'Native module rebuild needed - restart Claude Code to auto-fix')

  src\services\context\ObservationCompiler.ts:181 [WORKER]
    message: "Failed to extract prior messages from transcript"
    error: error as Error
    full: logger.failure('WORKER', `Failed to extract prior messages from transcript`, { transcriptPath }, error as Error)

  src\services\infrastructure\HealthMonitor.ts:111 [SYSTEM]
    message: "Shutdown request failed unexpectedly"
    error: error as Error
    full: logger.error('SYSTEM', 'Shutdown request failed unexpectedly', { port }, error as Error)

  src\services\infrastructure\ProcessManager.ts:207 [SYSTEM]
    message: "Failed to enumerate child processes"
    error: error as Error
    full: logger.error('SYSTEM', 'Failed to enumerate child processes', { parentPid }, error as Error)

  src\services\infrastructure\ProcessManager.ts:387 [SYSTEM]
    message: "Failed to enumerate orphaned processes"
    error: error as Error
    full: logger.error('SYSTEM', 'Failed to enumerate orphaned processes', {}, error as Error)

  src\services\infrastructure\ProcessManager.ts:538 [SYSTEM]
    message: "Failed to enumerate orphaned processes during aggressive cleanup"
    error: error as Error
    full: logger.error('SYSTEM', 'Failed to enumerate orphaned processes during aggressive cleanup', {}, error as Error)

  src\services\infrastructure\ProcessManager.ts:641 [SYSTEM]
    message: "Failed to locate Bun runtime for Windows worker spawn"
    full: logger.error('SYSTEM', 'Failed to locate Bun runtime for Windows worker spawn')

  src\services\infrastructure\ProcessManager.ts:657 [SYSTEM]
    message: "Failed to spawn worker daemon on Windows"
    error: error as Error
    full: logger.error('SYSTEM', 'Failed to spawn worker daemon on Windows', { runtimePath }, error as Error)

  src\services\infrastructure\ProcessManager.ts:802 [SYSTEM]
    message: "Error during shutdown"
    error: error as Error
    full: logger.error('SYSTEM', 'Error during shutdown', {}, error as Error)

  src\services\integrations\CursorHooksInstaller.ts:120 [CURSOR]
    message: "Failed to update context file"
    error: error as Error
    full: logger.error('CURSOR', 'Failed to update context file', { projectName }, error as Error)

  src\services\integrations\CursorHooksInstaller.ts:266 [SYSTEM]
    message: "Corrupt mcp.json, creating new config"
    error: error as Error
    full: logger.error('SYSTEM', 'Corrupt mcp.json, creating new config', { path: mcpJsonPath }, error as Error)

  src\services\queue\SessionQueueProcessor.ts:69 [SESSION]
    message: "Error in queue processor loop"
    error: error as Error
    full: logger.error('SESSION', 'Error in queue processor loop', { sessionDbId }, error as Error)

  src\services\server\ErrorHandler.ts:64 [HTTP]
    message: "Error handling ${req.method} ${req.path}"
    error: err
    full: logger.error('HTTP', `Error handling ${req.method} ${req.path}`, { statusCode, error: err.message, code: err instanceof AppError ? err.code : undefined }, err)

  src\services\sqlite\SessionStore.ts:2003 [DB]
    message: "Error getting boundary observations"
    full: logger.error('DB', 'Error getting boundary observations', undefined, { error: err, project })

  src\services\sqlite\SessionStore.ts:2035 [DB]
    message: "Error getting boundary timestamps"
    full: logger.error('DB', 'Error getting boundary timestamps', undefined, { error: err, project })

  src\services\sqlite\timeline\queries.ts:114 [DB]
    message: "Error getting boundary observations"
    full: logger.error('DB', 'Error getting boundary observations', undefined, { error: err, project })

  src\services\sqlite\timeline\queries.ts:146 [DB]
    message: "Error getting boundary timestamps"
    full: logger.error('DB', 'Error getting boundary timestamps', undefined, { error: err, project })

  src\services\sync\ChromaSync.ts:286 [CHROMA_SYNC]
    message: "Batch add failed, continuing with remaining batches"
    error: error as Error
    full: logger.error('CHROMA_SYNC', 'Batch add failed, continuing with remaining batches', { collection: this.collectionName, batchStart: i, batchSize: batch.length }, error as Error)

  src\services\sync\ChromaSync.ts:676 [CHROMA_SYNC]
    message: "Backfill failed"
    error: error as Error
    full: logger.error('CHROMA_SYNC', 'Backfill failed', { project: backfillProject }, error as Error)

  src\services\sync\ChromaSync.ts:760 [CHROMA_SYNC]
    message: "Connection lost during query"
    error: error as Error
    full: logger.error('CHROMA_SYNC', 'Connection lost during query', { project: this.project, query }, error as Error)

  src\services\sync\ChromaSync.ts:765 [CHROMA_SYNC]
    message: "Query failed"
    error: error as Error
    full: logger.error('CHROMA_SYNC', 'Query failed', { project: this.project, query }, error as Error)

  src\services\sync\ChromaSync.ts:792 [CHROMA_SYNC]
    message: "Backfill failed for project: ${project}"
    error: error as Error
    full: logger.error('CHROMA_SYNC', `Backfill failed for project: ${project}`, {}, error as Error)

  src\services\transcript-transformer.ts:254 [TRANSFORMER]
    message: "JSONL validation failed"
    error: error as Error
    full: logger.error('TRANSFORMER', 'JSONL validation failed', { path: filePath }, error as Error)

  src\services\transcript-transformer.ts:325 [BACKUP]
    message: "Failed to create transcript backup"
    error: error as Error
    full: logger.error('BACKUP', 'Failed to create transcript backup', { transcriptPath }, error as Error)

  src\services\worker-service.ts:330 [HTTP]
    message: "Request to ${req.method} ${req.path} rejected — DB not initialized"
    error: error as Error
    full: logger.error('HTTP', `Request to ${req.method} ${req.path} rejected — DB not initialized`, {}, error as Error)

  src\services\worker-service.ts:370 [SYSTEM]
    message: "Background initialization failed"
    error: error as Error
    full: logger.error('SYSTEM', 'Background initialization failed', {}, error as Error)

  src\services\worker-service.ts:443 [CHROMA_SYNC]
    message: "(message not captured)"
    full: logger.error('CHROMA_SYNC', 'Backfill failed (non-blocking)

  src\services\worker-service.ts:483 [SYSTEM]
    message: "Stale session reaper error"
    full: logger.error('SYSTEM', 'Stale session reaper error', { error: e instanceof Error ? e.message : String(e)

  src\services\worker-service.ts:497 [SYSTEM]
    message: "Auto-recovery of pending queues failed"
    error: error as Error
    full: logger.error('SYSTEM', 'Auto-recovery of pending queues failed', {}, error as Error)

  src\services\worker-service.ts:500 [SYSTEM]
    message: "Background initialization failed"
    error: error as Error
    full: logger.error('SYSTEM', 'Background initialization failed', {}, error as Error)

  src\services\worker-service.ts:573 [SDK]
    message: "Unrecoverable generator error - will NOT restart"
    full: logger.error('SDK', 'Unrecoverable generator error - will NOT restart', { sessionId: session.sessionDbId, project: session.project, errorMessage })

  src\services\worker-service.ts:604 [SDK]
    message: "Session generator failed"
    error: error as Error
    full: logger.error('SDK', 'Session generator failed', { sessionId: session.sessionDbId, project: session.project, provider: providerName }, error as Error)

  src\services\worker-service.ts:798 [SYSTEM]
    message: "Failed to clean up stale sessions"
    error: error as Error
    full: logger.error('SYSTEM', 'Failed to clean up stale sessions', {}, error as Error)

  src\services\worker-service.ts:836 [SYSTEM]
    message: "Failed to process session ${sessionDbId}"
    error: error as Error
    full: logger.error('SYSTEM', `Failed to process session ${sessionDbId}`, {}, error as Error)

  src\services\worker-service.ts:935 [SYSTEM]
    message: "Port did not free up after shutdown for version mismatch restart"
    full: logger.error('SYSTEM', 'Port did not free up after shutdown for version mismatch restart', { port })

  src\services\worker-service.ts:954 [SYSTEM]
    message: "Port in use but worker not responding to health checks"
    full: logger.error('SYSTEM', 'Port in use but worker not responding to health checks')

  src\services\worker-service.ts:969 [SYSTEM]
    message: "Failed to spawn worker daemon"
    full: logger.error('SYSTEM', 'Failed to spawn worker daemon')

  src\services\worker-service.ts:979 [SYSTEM]
    message: "(message not captured)"
    full: logger.error('SYSTEM', 'Worker failed to start (health check timeout)

  src\services\worker-service.ts:1050 [SYSTEM]
    message: "Port did not free up after shutdown, aborting restart"
    full: logger.error('SYSTEM', 'Port did not free up after shutdown, aborting restart', { port })

  src\services\worker-service.ts:1059 [SYSTEM]
    message: "Failed to spawn worker daemon during restart"
    full: logger.error('SYSTEM', 'Failed to spawn worker daemon during restart')

  src\services\worker-service.ts:1071 [SYSTEM]
    message: "Worker failed to restart"
    full: logger.error('SYSTEM', 'Worker failed to restart')

  src\services\worker-service.ts:1135 [SYSTEM]
    message: "Worker failed to start in hook"
    error: error as Error
    full: logger.failure('SYSTEM', 'Worker failed to start in hook', {}, error as Error)

  src\services\worker-service.ts:1193 [SYSTEM]
    message: "Unhandled rejection in daemon"
    full: logger.error('SYSTEM', 'Unhandled rejection in daemon', { reason: reason instanceof Error ? reason.message : String(reason)

  src\services\worker-service.ts:1198 [SYSTEM]
    message: "Uncaught exception in daemon"
    error: error as Error
    full: logger.error('SYSTEM', 'Uncaught exception in daemon', {}, error as Error)

  src\services\worker-service.ts:1204 [SYSTEM]
    message: "Worker failed to start"
    error: error as Error
    full: logger.failure('SYSTEM', 'Worker failed to start', {}, error as Error)

  src\services\worker-service.ts:1221 [SYSTEM]
    message: "Fatal error in main"
    full: logger.error('SYSTEM', 'Fatal error in main', {}, error instanceof Error ? error : undefined)

  src\services\worker\agents\ResponseProcessor.ts:213 [CHROMA]
    message: "${agentName} chroma sync failed, continuing without vector search"
    full: logger.error('CHROMA', `${agentName} chroma sync failed, continuing without vector search`, { obsId, type: obs.type, title: obs.title || '(untitled)

  src\services\worker\agents\ResponseProcessor.ts:305 [CHROMA]
    message: "${agentName} chroma sync failed, continuing without vector search"
    full: logger.error('CHROMA', `${agentName} chroma sync failed, continuing without vector search`, { summaryId: result.summaryId, request: summaryForStore.request || '(no request)

  src\services\worker\BranchManager.ts:140 [BRANCH]
    message: "Failed to get branch info"
    error: error as Error
    full: logger.error('BRANCH', 'Failed to get branch info', {}, error as Error)

  src\services\worker\BranchManager.ts:237 [BRANCH]
    message: "Branch switch failed"
    error: error as Error
    full: logger.error('BRANCH', 'Branch switch failed', { targetBranch }, error as Error)

  src\services\worker\BranchManager.ts:246 [BRANCH]
    message: "Recovery checkout also failed"
    full: logger.error('BRANCH', 'Recovery checkout also failed', { originalBranch: info.branch }, recoveryError as Error)

  src\services\worker\BranchManager.ts:302 [BRANCH]
    message: "Pull failed"
    error: error as Error
    full: logger.error('BRANCH', 'Pull failed', {}, error as Error)

  src\services\worker\GeminiAgent.ts:181 [SDK]
    message: "Empty Gemini init response - session may lack context"
    full: logger.error('SDK', 'Empty Gemini init response - session may lack context', { sessionId: session.sessionDbId, model })

  src\services\worker\GeminiAgent.ts:340 [SDK]
    message: "Gemini agent error"
    error: error as Error
    full: logger.failure('SDK', 'Gemini agent error', { sessionDbId: session.sessionDbId }, error as Error)

  src\services\worker\GeminiAgent.ts:401 [SDK]
    message: "Empty response from Gemini"
    full: logger.error('SDK', 'Empty response from Gemini')

  src\services\worker\http\BaseRouteHandler.ts:29 [HTTP]
    message: "Route handler error"
    error: error as Error
    full: logger.error('HTTP', 'Route handler error', { path: req.path }, error as Error)

  src\services\worker\http\BaseRouteHandler.ts:81 [WORKER]
    message: "(message not captured)"
    error: error
    full: logger.failure('WORKER', context || 'Request failed', {}, error)

  src\services\worker\http\routes\MemoryRoutes.ts:81 [CHROMA]
    message: "ChromaDB sync failed"
    error: err as Error
    full: logger.error('CHROMA', 'ChromaDB sync failed', { id: result.id }, err as Error)

  src\services\worker\http\routes\SessionRoutes.ts:189 [SESSION]
    message: "Generator failed"
    error: error
    full: logger.error('SESSION', `Generator failed`, { sessionId: session.sessionDbId, provider: provider, error: error.message }, error)

  src\services\worker\http\routes\SessionRoutes.ts:200 [SESSION]
    message: "Marked messages as failed after generator error"
    full: logger.error('SESSION', `Marked messages as failed after generator error`, { sessionId: session.sessionDbId, failedCount })

  src\services\worker\http\routes\SessionRoutes.ts:206 [SESSION]
    message: "Failed to mark messages as failed"
    full: logger.error('SESSION', 'Failed to mark messages as failed', { sessionId: session.sessionDbId }, dbError as Error)

  src\services\worker\http\routes\SessionRoutes.ts:225 [SESSION]
    message: "Generator exited unexpectedly"
    full: logger.error('SESSION', `Generator exited unexpectedly`, { sessionId: sessionDbId })

  src\services\worker\http\routes\SessionRoutes.ts:252 [SESSION]
    message: "CRITICAL: Generator restart limit exceeded - stopping to prevent runaway costs"
    full: logger.error('SESSION', `CRITICAL: Generator restart limit exceeded - stopping to prevent runaway costs`, { sessionId: sessionDbId, pendingCount, consecutiveRestarts: session.consecutiveRestarts, maxRestarts: MAX_CONSECUTIVE_RESTARTS, action: 'Generator will NOT restart. Check logs for root cause. Messages remain in pending state.' })

  src\services\worker\http\routes\SessionRoutes.ts:377 [CHROMA]
    message: "User prompt sync failed, continuing without vector search"
    full: logger.error('CHROMA', 'User prompt sync failed, continuing without vector search', { promptId: latestPrompt.id, prompt: promptText.length > 60 ? promptText.substring(0, 60)

  src\services\worker\http\routes\SessionRoutes.ts:567 [SESSION]
    message: "Missing cwd when queueing observation in SessionRoutes"
    full: logger.error('SESSION', 'Missing cwd when queueing observation in SessionRoutes', { sessionId: sessionDbId, tool_name })

  src\services\worker\http\routes\SessionRoutes.ts:584 [SESSION]
    message: "Observation storage failed"
    error: error as Error
    full: logger.error('SESSION', 'Observation storage failed', { contentSessionId, tool_name }, error as Error)

  src\services\worker\http\routes\SettingsRoutes.ts:77 [SETTINGS]
    message: "Failed to parse settings file"
    full: logger.error('SETTINGS', 'Failed to parse settings file', { settingsPath }, parseError as Error)

  src\services\worker\OpenRouterAgent.ts:137 [SDK]
    message: "Empty OpenRouter init response - session may lack context"
    full: logger.error('SDK', 'Empty OpenRouter init response - session may lack context', { sessionId: session.sessionDbId, model })

  src\services\worker\OpenRouterAgent.ts:280 [SDK]
    message: "OpenRouter agent error"
    error: error as Error
    full: logger.failure('SDK', 'OpenRouter agent error', { sessionDbId: session.sessionDbId }, error as Error)

  src\services\worker\OpenRouterAgent.ts:399 [SDK]
    message: "Empty response from OpenRouter"
    full: logger.error('SDK', 'Empty response from OpenRouter')

  src\services\worker\ProcessRegistry.ts:405 [PROCESS]
    message: "Reaper error"
    error: error as Error
    full: logger.error('PROCESS', 'Reaper error', {}, error as Error)

  src\services\worker\SDKAgent.ts:184 [SESSION]
    message: "MEMORY_ID_MISMATCH | sessionDbId=${session.sessionDbId} | expected=${message.session_id} | got=${verification?.memory_session_id}"
    full: logger.error('SESSION', `MEMORY_ID_MISMATCH | sessionDbId=${session.sessionDbId} | expected=${message.session_id} | got=${verification?.memory_session_id}`, { sessionId: session.sessionDbId })

  src\services\worker\SDKAgent.ts:202 [SDK]
    message: "Context overflow detected - terminating session"
    full: logger.error('SDK', 'Context overflow detected - terminating session')

  src\services\worker\search\strategies\ChromaSearchStrategy.ts:141 [SEARCH]
    message: "ChromaSearchStrategy: Search failed"
    error: error as Error
    full: logger.error('SEARCH', 'ChromaSearchStrategy: Search failed', {}, error as Error)

  src\services\worker\search\strategies\HybridSearchStrategy.ts:114 [SEARCH]
    message: "HybridSearchStrategy: findByConcept failed"
    error: error as Error
    full: logger.error('SEARCH', 'HybridSearchStrategy: findByConcept failed', {}, error as Error)

  src\services\worker\search\strategies\HybridSearchStrategy.ts:179 [SEARCH]
    message: "HybridSearchStrategy: findByType failed"
    error: error as Error
    full: logger.error('SEARCH', 'HybridSearchStrategy: findByType failed', {}, error as Error)

  src\services\worker\search\strategies\HybridSearchStrategy.ts:245 [SEARCH]
    message: "HybridSearchStrategy: findByFile failed"
    error: error as Error
    full: logger.error('SEARCH', 'HybridSearchStrategy: findByFile failed', {}, error as Error)

  src\services\worker\search\strategies\SQLiteSearchStrategy.ts:100 [SEARCH]
    message: "SQLiteSearchStrategy: Search failed"
    error: error as Error
    full: logger.error('SEARCH', 'SQLiteSearchStrategy: Search failed', {}, error as Error)

  src\services\worker\SearchManager.ts:424 [SEARCH]
    message: "Chroma search failed for timeline, continuing without semantic results"
    full: logger.error('SEARCH', 'Chroma search failed for timeline, continuing without semantic results', {}, chromaError as Error)

  src\services\worker\SearchManager.ts:692 [SEARCH]
    message: "Chroma search failed for decisions, falling back to metadata search"
    full: logger.error('SEARCH', 'Chroma search failed for decisions, falling back to metadata search', {}, chromaError as Error)

  src\services\worker\SearchManager.ts:760 [SEARCH]
    message: "Chroma search failed for changes, falling back to metadata search"
    full: logger.error('SEARCH', 'Chroma search failed for changes, falling back to metadata search', {}, chromaError as Error)

  src\services\worker\SessionManager.ts:226 [SESSION]
    message: "Failed to persist observation to DB"
    error: error
    full: logger.error('SESSION', 'Failed to persist observation to DB', { sessionId: sessionDbId, tool: data.tool_name }, error)

  src\services\worker\SessionManager.ts:265 [SESSION]
    message: "Failed to persist summarize to DB"
    error: error
    full: logger.error('SESSION', 'Failed to persist summarize to DB', { sessionId: sessionDbId }, error)

  src\shared\EnvManager.ts:171 [ENV]
    message: "Failed to save .env file"
    error: error as Error
    full: logger.error('ENV', 'Failed to save .env file', { path: ENV_FILE_PATH }, error as Error)

  src\utils\agents-md-utils.ts:35 [AGENTS_MD]
    message: "Failed to write AGENTS.md"
    error: error as Error
    full: logger.error('AGENTS_MD', 'Failed to write AGENTS.md', { agentsPath }, error as Error)

  src\utils\claude-md-utils.ts:427 [FOLDER_INDEX]
    message: "Failed to fetch timeline"
    full: logger.error('FOLDER_INDEX', 'Failed to fetch timeline', { folderPath, status: response.status })

  src\utils\claude-md-utils.ts:456 [FOLDER_INDEX]
    message: "Failed to update CLAUDE.md"
    full: logger.error('FOLDER_INDEX', 'Failed to update CLAUDE.md', { folderPath, errorMessage: err.message, errorStack: err.stack })

  src\utils\cursor-utils.ts:45 [CONFIG]
    message: "Failed to read Cursor registry, using empty registry"
    full: logger.error('CONFIG', 'Failed to read Cursor registry, using empty registry', { file: registryFile, error: error instanceof Error ? error.message : String(error)

  src\utils\cursor-utils.ts:154 [CONFIG]
    message: "Failed to read MCP config, starting fresh"
    full: logger.error('CONFIG', 'Failed to read MCP config, starting fresh', { file: mcpJsonPath, error: error instanceof Error ? error.message : String(error)

  src\utils\transcript-parser.ts:56 [PARSER]
    message: "Failed to parse ${this.parseErrors.length} lines"
    full: logger.error('PARSER', `Failed to parse ${this.parseErrors.length} lines`, { path: transcriptPath, totalLines: lines.length, errorCount: this.parseErrors.length })

  Count: 113

WARN (should be non-critical, has fallback):
────────────────────────────────────────────────────────────
  src\cli\claude-md-commands.ts:98 [CLAUDE_MD]
    message: "git ls-files failed, falling back to directory walk"
    full: logger.warn('CLAUDE_MD', 'git ls-files failed, falling back to directory walk', { error: String(error)

  src\cli\claude-md-commands.ts:412 [CLAUDE_MD]
    message: "Error processing folder: ${relativeFolder}"
    full: logger.warn('CLAUDE_MD', `Error processing folder: ${relativeFolder}`, { error: result.error })

  src\cli\claude-md-commands.ts:526 [CLAUDE_MD]
    message: "Error processing ${relativePath}"
    full: logger.warn('CLAUDE_MD', `Error processing ${relativePath}`, { error: String(error)

  src\cli\handlers\context.ts:55 [HOOK]
    message: "Context generation failed, returning empty"
    full: logger.warn('HOOK', 'Context generation failed, returning empty', { status: response.status })

  src\cli\handlers\context.ts:83 [HOOK]
    message: "Context fetch error, returning empty"
    full: logger.warn('HOOK', 'Context fetch error, returning empty', { error: error instanceof Error ? error.message : String(error)

  src\cli\handlers\file-edit.ts:58 [HOOK]
    message: "File edit observation storage failed, skipping"
    full: logger.warn('HOOK', 'File edit observation storage failed, skipping', { status: response.status, filePath })

  src\cli\handlers\file-edit.ts:65 [HOOK]
    message: "File edit observation fetch error, skipping"
    full: logger.warn('HOOK', 'File edit observation fetch error, skipping', { error: error instanceof Error ? error.message : String(error)

  src\cli\handlers\index.ts:50 [HOOK]
    message: "Unknown event type: ${eventType}, returning no-op"
    full: logger.warn('HOOK', `Unknown event type: ${eventType}, returning no-op`)

  src\cli\handlers\observation.ts:68 [HOOK]
    message: "Observation storage failed, skipping"
    full: logger.warn('HOOK', 'Observation storage failed, skipping', { status: response.status, toolName })

  src\cli\handlers\observation.ts:75 [HOOK]
    message: "Observation fetch error, skipping"
    full: logger.warn('HOOK', 'Observation fetch error, skipping', { error: error instanceof Error ? error.message : String(error)

  src\cli\handlers\session-complete.ts:29 [HOOK]
    message: "session-complete: Missing sessionId, skipping"
    full: logger.warn('HOOK', 'session-complete: Missing sessionId, skipping')

  src\cli\handlers\session-complete.ts:50 [HOOK]
    message: "session-complete: Failed to complete session"
    full: logger.warn('HOOK', 'session-complete: Failed to complete session', { status: response.status, body: text })

  src\cli\handlers\session-complete.ts:59 [HOOK]
    message: "session-complete: Error completing session"
    full: logger.warn('HOOK', 'session-complete: Error completing session', { error: (error as Error)

  src\cli\handlers\session-init.ts:29 [HOOK]
    message: "(message not captured)"
    full: logger.warn('HOOK', 'session-init: No sessionId provided, skipping (Codex CLI or unknown platform)

  src\cli\hook-command.ts:95 [HOOK]
    message: "Worker unavailable, skipping hook: ${error instanceof Error ? error.message : error}"
    full: logger.warn('HOOK', `Worker unavailable, skipping hook: ${error instanceof Error ? error.message : error}`)

  src\sdk\parser.ts:141 [PARSER]
    message: "Summary missing required fields"
    full: logger.warn('PARSER', 'Summary missing required fields', { // sessionId, // hasRequest: !!request, // hasInvestigated: !!investigated, // hasLearned: !!learned, // hasCompleted: !!completed, // hasNextSteps: !!next_steps // })

  src\services\domain\ModeManager.ts:147 [SYSTEM]
    message: "Mode file not found: ${modeId}, falling back to 'code'"
    full: logger.warn('SYSTEM', `Mode file not found: ${modeId}, falling back to 'code'`)

  src\services\domain\ModeManager.ts:164 [SYSTEM]
    message: "Parent mode '${parentId}' not found for ${modeId}, falling back to 'code'"
    full: logger.warn('SYSTEM', `Parent mode '${parentId}' not found for ${modeId}, falling back to 'code'`)

  src\services\domain\ModeManager.ts:174 [SYSTEM]
    message: "Override file '${overrideId}' not found, using parent mode '${parentId}' only"
    full: logger.warn('SYSTEM', `Override file '${overrideId}' not found, using parent mode '${parentId}' only`)

  src\services\domain\ModeManager.ts:181 [SYSTEM]
    message: "Invalid override file: ${overrideId}, using parent mode '${parentId}' only"
    full: logger.warn('SYSTEM', `Invalid override file: ${overrideId}, using parent mode '${parentId}' only`)

  src\services\infrastructure\HealthMonitor.ts:100 [SYSTEM]
    message: "Shutdown request returned error"
    full: logger.warn('SYSTEM', 'Shutdown request returned error', { port, status: response.status })

  src\services\infrastructure\ProcessManager.ts:148 [SYSTEM]
    message: "Failed to parse PID file"
    error: error as Error
    full: logger.warn('SYSTEM', 'Failed to parse PID file', { path: PID_FILE }, error as Error)

  src\services\infrastructure\ProcessManager.ts:163 [SYSTEM]
    message: "Failed to remove PID file"
    error: error as Error
    full: logger.warn('SYSTEM', 'Failed to remove PID file', { path: PID_FILE }, error as Error)

  src\services\infrastructure\ProcessManager.ts:190 [SYSTEM]
    message: "Invalid parent PID for child process enumeration"
    full: logger.warn('SYSTEM', 'Invalid parent PID for child process enumeration', { parentPid })

  src\services\infrastructure\ProcessManager.ts:220 [SYSTEM]
    message: "Invalid PID for force kill"
    full: logger.warn('SYSTEM', 'Invalid PID for force kill', { pid })

  src\services\infrastructure\ProcessManager.ts:264 [SYSTEM]
    message: "Timeout waiting for child processes to exit"
    full: logger.warn('SYSTEM', 'Timeout waiting for child processes to exit')

  src\services\infrastructure\ProcessManager.ts:407 [SYSTEM]
    message: "Skipping invalid PID"
    full: logger.warn('SYSTEM', 'Skipping invalid PID', { pid })

  src\services\infrastructure\ProcessManager.ts:596 [SYSTEM]
    message: "(message not captured)"
    full: logger.warn('SYSTEM', 'Running one-time chroma data wipe (upgrade from pre-v10.3)

  src\services\infrastructure\ProcessManager.ts:791 [SYSTEM]
    message: "Received ${signal} but shutdown already in progress"
    full: logger.warn('SYSTEM', `Received ${signal} but shutdown already in progress`)

  src\services\sqlite\migrations\runner.ts:444 [DB]
    message: "(message not captured)"
    full: logger.warn('DB', 'FTS5 not available — user_prompts_fts skipped (search uses ChromaDB)

  src\services\sqlite\migrations\runner.ts:573 [DB]
    message: "Column ${oldCol} not found in ${table}, skipping rename"
    full: logger.warn('DB', `Column ${oldCol} not found in ${table}, skipping rename`)

  src\services\sqlite\SessionSearch.ts:68 [DB]
    message: "(message not captured)"
    full: logger.warn('DB', 'FTS5 not available on this platform — skipping FTS table creation (search uses ChromaDB)

  src\services\sqlite\SessionSearch.ts:160 [DB]
    message: "FTS5 table creation failed — search will use ChromaDB and LIKE queries"
    error: error as Error
    full: logger.warn('DB', 'FTS5 table creation failed — search will use ChromaDB and LIKE queries', {}, error as Error)

  src\services\sqlite\SessionSearch.ts:302 [DB]
    message: "Text search not supported - use ChromaDB for vector search"
    full: logger.warn('DB', 'Text search not supported - use ChromaDB for vector search')

  src\services\sqlite\SessionSearch.ts:341 [DB]
    message: "Text search not supported - use ChromaDB for vector search"
    full: logger.warn('DB', 'Text search not supported - use ChromaDB for vector search')

  src\services\sqlite\SessionSearch.ts:577 [DB]
    message: "Text search not supported - use ChromaDB for vector search"
    full: logger.warn('DB', 'Text search not supported - use ChromaDB for vector search')

  src\services\sqlite\SessionStore.ts:461 [DB]
    message: "(message not captured)"
    full: logger.warn('DB', 'FTS5 not available — user_prompts_fts skipped (search uses ChromaDB)

  src\services\sqlite\SessionStore.ts:590 [DB]
    message: "Column ${oldCol} not found in ${table}, skipping rename"
    full: logger.warn('DB', `Column ${oldCol} not found in ${table}, skipping rename`)

  src\services\sync\ChromaMcpManager.ts:145 [CHROMA_MCP]
    message: "Connection failed, killing subprocess to prevent zombie"
    full: logger.warn('CHROMA_MCP', 'Connection failed, killing subprocess to prevent zombie', { error: connectionError instanceof Error ? connectionError.message : String(connectionError)

  src\services\sync\ChromaMcpManager.ts:170 [CHROMA_MCP]
    message: "chroma-mcp subprocess closed unexpectedly, applying reconnect backoff"
    full: logger.warn('CHROMA_MCP', 'chroma-mcp subprocess closed unexpectedly, applying reconnect backoff')

  src\services\sync\ChromaMcpManager.ts:261 [CHROMA_MCP]
    message: "Transport error during "${toolName}", reconnecting and retrying once"
    full: logger.warn('CHROMA_MCP', `Transport error during "${toolName}", reconnecting and retrying once`, { error: transportError instanceof Error ? transportError.message : String(transportError)

  src\services\transcript-transformer.ts:269 [TRANSFORMER]
    message: "Failed to cleanup temp file"
    error: error as Error
    full: logger.warn('TRANSFORMER', 'Failed to cleanup temp file', { path: tempPath }, error as Error)

  src\services\transcript-transformer.ts:343 [BACKUP]
    message: "Failed to trim tool output backup"
    error: error as Error
    full: logger.warn('BACKUP', 'Failed to trim tool output backup', {}, error as Error)

  src\services\transcripts\processor.ts:333 [TRANSCRIPT]
    message: "Summary request failed"
    full: logger.warn('TRANSCRIPT', 'Summary request failed', { error: error instanceof Error ? error.message : String(error)

  src\services\transcripts\processor.ts:366 [TRANSCRIPT]
    message: "Failed to update AGENTS.md context"
    full: logger.warn('TRANSCRIPT', 'Failed to update AGENTS.md context', { error: error instanceof Error ? error.message : String(error)

  src\services\transcripts\state.ts:19 [TRANSCRIPT]
    message: "Failed to load watch state, starting fresh"
    full: logger.warn('TRANSCRIPT', 'Failed to load watch state, starting fresh', { statePath, error: error instanceof Error ? error.message : String(error)

  src\services\transcripts\state.ts:35 [TRANSCRIPT]
    message: "Failed to save watch state"
    full: logger.warn('TRANSCRIPT', 'Failed to save watch state', { statePath, error: error instanceof Error ? error.message : String(error)

  src\services\transcripts\watcher.ts:112 [TRANSCRIPT]
    message: "Missing schema for watch"
    full: logger.warn('TRANSCRIPT', 'Missing schema for watch', { watch: watch.name })

  src\services\worker-service.ts:304 [SYSTEM]
    message: "Context requested before initialization complete, returning empty"
    full: logger.warn('SYSTEM', 'Context requested before initialization complete, returning empty')

  src\services\worker-service.ts:583 [SDK]
    message: "SDK resume failed, falling back to standalone processing"
    full: logger.warn('SDK', 'SDK resume failed, falling back to standalone processing', { sessionId: session.sessionDbId, project: session.project, reason: error instanceof Error ? error.message : String(error)

  src\services\worker-service.ts:594 [SDK]
    message: "Detected stale resume failure, clearing memorySessionId for fresh start"
    full: logger.warn('SDK', 'Detected stale resume failure, clearing memorySessionId for fresh start', { sessionId: session.sessionDbId, memorySessionId: session.memorySessionId, errorMessage })

  src\services\worker-service.ts:638 [SYSTEM]
    message: "Skipping restart due to unrecoverable error"
    full: logger.warn('SYSTEM', 'Skipping restart due to unrecoverable error', { sessionId: session.sessionDbId })

  src\services\worker-service.ts:718 [SDK]
    message: "Fallback Gemini failed, trying OpenRouter"
    full: logger.warn('SDK', 'Fallback Gemini failed, trying OpenRouter', { sessionId: sessionDbId, error: e instanceof Error ? e.message : String(e)

  src\services\worker-service.ts:730 [SDK]
    message: "Fallback OpenRouter failed"
    full: logger.warn('SDK', 'Fallback OpenRouter failed', { sessionId: sessionDbId, error: e instanceof Error ? e.message : String(e)

  src\services\worker-service.ts:741 [SDK]
    message: "No fallback available; marked pending messages abandoned"
    full: logger.warn('SDK', 'No fallback available; marked pending messages abandoned', { sessionId: sessionDbId, abandoned })

  src\services\worker-service.ts:924 [SYSTEM]
    message: "Worker did not become healthy after waiting — proceeding with own restart"
    full: logger.warn('SYSTEM', 'Worker did not become healthy after waiting — proceeding with own restart')

  src\services\worker-service.ts:960 [SYSTEM]
    message: "(message not captured)"
    full: logger.warn('SYSTEM', 'Worker unavailable on Windows — skipping spawn (recent attempt failed within cooldown)

  src\services\worker-service.ts:987 [SYSTEM]
    message: "Worker is alive but readiness timed out — proceeding anyway"
    full: logger.warn('SYSTEM', 'Worker is alive but readiness timed out — proceeding anyway')

  src\services\worker-service.ts:1037 [SYSTEM]
    message: "Port did not free up after shutdown"
    full: logger.warn('SYSTEM', 'Port did not free up after shutdown', { port })

  src\services\worker-service.ts:1108 [SYSTEM]
    message: "Worker failed to start before hook, handler will retry"
    full: logger.warn('SYSTEM', 'Worker failed to start before hook, handler will retry')

  src\services\worker\agents\ResponseProcessor.ts:263 [FOLDER_INDEX]
    message: "(message not captured)"
    full: logger.warn('FOLDER_INDEX', 'CLAUDE.md update failed (non-critical)

  src\services\worker\agents\ResponseProcessor.ts:328 [CURSOR]
    message: "(message not captured)"
    full: logger.warn('CURSOR', 'Context update failed (non-critical)

  src\services\worker\EndlessModeConfig.ts:57 [CONFIG]
    message: "Failed to parse settings.json, using environment/defaults"
    error: error as Error
    full: logger.warn('CONFIG', 'Failed to parse settings.json, using environment/defaults', {}, error as Error)

  src\services\worker\GeminiAgent.ts:254 [SDK]
    message: "Empty Gemini observation response, skipping processing to preserve message"
    full: logger.warn('SDK', 'Empty Gemini observation response, skipping processing to preserve message', { sessionId: session.sessionDbId, messageId: session.processingMessageIds[session.processingMessageIds.length - 1] })

  src\services\worker\GeminiAgent.ts:304 [SDK]
    message: "Empty Gemini summary response, skipping processing to preserve message"
    full: logger.warn('SDK', 'Empty Gemini summary response, skipping processing to preserve message', { sessionId: session.sessionDbId, messageId: session.processingMessageIds[session.processingMessageIds.length - 1] })

  src\services\worker\GeminiAgent.ts:323 [SDK]
    message: "Gemini agent aborted"
    full: logger.warn('SDK', 'Gemini agent aborted', { sessionId: session.sessionDbId })

  src\services\worker\GeminiAgent.ts:329 [SDK]
    message: "Gemini API failed, falling back to Claude SDK"
    full: logger.warn('SDK', 'Gemini API failed, falling back to Claude SDK', { sessionDbId: session.sessionDbId, error: error instanceof Error ? error.message : String(error)

  src\services\worker\GeminiAgent.ts:440 [SDK]
    message: "Invalid Gemini model "${configuredModel}", falling back to ${defaultModel}"
    full: logger.warn('SDK', `Invalid Gemini model "${configuredModel}", falling back to ${defaultModel}`, { configured: configuredModel, validModels, })

  src\services\worker\http\middleware.ts:94 [SECURITY]
    message: "Admin endpoint access denied - not localhost"
    full: logger.warn('SECURITY', 'Admin endpoint access denied - not localhost', { endpoint: req.path, clientIp, method: req.method })

  src\services\worker\http\routes\DataRoutes.ts:469 [QUEUE]
    message: "(message not captured)"
    full: logger.warn('QUEUE', 'Cleared ALL queue messages (pending, processing, failed)

  src\services\worker\http\routes\SessionRoutes.ts:117 [SESSION]
    message: "(message not captured)"
    full: logger.warn('SESSION', 'Stale generator detected, aborting to prevent queue stall (#1099)

  src\services\worker\OpenRouterAgent.ts:263 [SDK]
    message: "OpenRouter agent aborted"
    full: logger.warn('SDK', 'OpenRouter agent aborted', { sessionId: session.sessionDbId })

  src\services\worker\OpenRouterAgent.ts:269 [SDK]
    message: "OpenRouter API failed, falling back to Claude SDK"
    full: logger.warn('SDK', 'OpenRouter API failed, falling back to Claude SDK', { sessionDbId: session.sessionDbId, error: error instanceof Error ? error.message : String(error)

  src\services\worker\OpenRouterAgent.ts:320 [SDK]
    message: "Context window truncated to prevent runaway costs"
    full: logger.warn('SDK', 'Context window truncated to prevent runaway costs', { originalMessages: history.length, keptMessages: truncated.length, droppedMessages: i + 1, estimatedTokens: tokenCount, tokenLimit: MAX_ESTIMATED_TOKENS })

  src\services\worker\OpenRouterAgent.ts:424 [SDK]
    message: "High token usage detected - consider reducing context"
    full: logger.warn('SDK', 'High token usage detected - consider reducing context', { totalTokens: tokensUsed, estimatedCost: estimatedCost.toFixed(4)

  src\services\worker\ProcessRegistry.ts:63 [PROCESS]
    message: "Multiple processes found for session ${sessionDbId}"
    full: logger.warn('PROCESS', `Multiple processes found for session ${sessionDbId}`, { count: matches.length, pids: matches.map(m => m.pid)

  src\services\worker\ProcessRegistry.ts:163 [PROCESS]
    message: "PID ${pid} did not exit after ${timeoutMs}ms, sending SIGKILL"
    full: logger.warn('PROCESS', `PID ${pid} did not exit after ${timeoutMs}ms, sending SIGKILL`, { pid, timeoutMs })

  src\services\worker\ProcessRegistry.ts:275 [PROCESS]
    message: "Killing system orphan PID ${orphanPid}"
    full: logger.warn('PROCESS', `Killing system orphan PID ${orphanPid}`, { pid: orphanPid })

  src\services\worker\ProcessRegistry.ts:300 [PROCESS]
    message: "(message not captured)"
    full: logger.warn('PROCESS', `Killing orphan PID ${pid} (session ${info.sessionDbId} gone)

  src\services\worker\ProcessRegistry.ts:369 [SDK_SPAWN]
    message: "[session-${sessionDbId}] Claude process exited"
    full: logger.warn('SDK_SPAWN', `[session-${sessionDbId}] Claude process exited`, { code, signal, pid: child.pid })

  src\services\worker\SDKAgent.ts:121 [SDK]
    message: "(message not captured)"
    full: logger.warn('SDK', `Skipping resume for INIT prompt despite existing memorySessionId=${session.memorySessionId} - SDK context was lost (worker restart or crash recovery)

  src\services\worker\SessionManager.ts:111 [SESSION]
    message: "(message not captured)"
    full: logger.warn('SESSION', `Discarding stale memory_session_id from previous worker instance (Issue #817)

  src\services\worker\SessionManager.ts:299 [SESSION]
    message: "(message not captured)"
    full: logger.warn('SESSION', 'Generator did not exit within 30s after abort, forcing cleanup (#1099)

  src\services\worker\SessionManager.ts:377 [SESSION]
    message: "(message not captured)"
    full: logger.warn('SESSION', `Reaping stale session ${sessionDbId} (no activity for >${Math.round(SessionManager.MAX_SESSION_IDLE_MS / 60000)

  src\shared\EnvManager.ts:123 [ENV]
    message: "Failed to load .env file"
    error: error as Error
    full: logger.warn('ENV', 'Failed to load .env file', { path: ENV_FILE_PATH }, error as Error)

  src\shared\worker-utils.ts:18 [SYSTEM]
    message: "Invalid CLAUDE_MEM_HEALTH_TIMEOUT_MS, using default"
    full: logger.warn('SYSTEM', 'Invalid CLAUDE_MEM_HEALTH_TIMEOUT_MS, using default', { value: envVal, min: 500, max: 300000 })

  src\shared\worker-utils.ts:195 [SYSTEM]
    message: "Worker not healthy, hook will proceed gracefully"
    full: logger.warn('SYSTEM', 'Worker not healthy, hook will proceed gracefully')

  src\utils\claude-md-utils.ts:344 [FOLDER_INDEX]
    message: "Failed to parse CLAUDE_MEM_FOLDER_MD_EXCLUDE setting"
    full: logger.warn('FOLDER_INDEX', 'Failed to parse CLAUDE_MEM_FOLDER_MD_EXCLUDE setting')

  src\utils\cursor-utils.ts:185 [CURSOR]
    message: "Failed to remove MCP config during cleanup"
    full: logger.warn('CURSOR', 'Failed to remove MCP config during cleanup', { mcpJsonPath, error: e instanceof Error ? e.message : String(e)

  src\utils\project-name.ts:14 [PROJECT_NAME]
    message: "Empty cwd provided, using fallback"
    full: logger.warn('PROJECT_NAME', 'Empty cwd provided, using fallback', { cwd })

  src\utils\project-name.ts:35 [PROJECT_NAME]
    message: "Root directory detected, using fallback"
    full: logger.warn('PROJECT_NAME', 'Root directory detected, using fallback', { cwd })

  src\utils\tag-stripping.ts:41 [SYSTEM]
    message: "tag count exceeds limit"
    full: logger.warn('SYSTEM', 'tag count exceeds limit', undefined, { tagCount, maxAllowed: MAX_TAG_COUNT, contentLength: content.length })

  Count: 92

INFO (informational):
────────────────────────────────────────────────────────────
  src\cli\claude-md-commands.ts:362 [CLAUDE_MD]
    message: "Starting CLAUDE.md generation"
    full: logger.info('CLAUDE_MD', 'Starting CLAUDE.md generation', { workingDir, dryRun, observationLimit })

  src\cli\claude-md-commands.ts:372 [CLAUDE_MD]
    message: "No folders found in project"
    full: logger.info('CLAUDE_MD', 'No folders found in project')

  src\cli\claude-md-commands.ts:376 [CLAUDE_MD]
    message: "Found ${trackedFolders.size} folders in project"
    full: logger.info('CLAUDE_MD', `Found ${trackedFolders.size} folders in project`)

  src\cli\claude-md-commands.ts:379 [CLAUDE_MD]
    message: "Database not found, no observations to process"
    full: logger.info('CLAUDE_MD', 'Database not found, no observations to process')

  src\cli\claude-md-commands.ts:421 [CLAUDE_MD]
    message: "CLAUDE.md generation complete"
    full: logger.info('CLAUDE_MD', 'CLAUDE.md generation complete', { totalFolders: foldersArray.length, withObservations: successCount, noObservations: skipCount, errors: errorCount, dryRun })

  src\cli\claude-md-commands.ts:453 [CLAUDE_MD]
    message: "Starting CLAUDE.md cleanup"
    full: logger.info('CLAUDE_MD', 'Starting CLAUDE.md cleanup', { workingDir, dryRun })

  src\cli\claude-md-commands.ts:495 [CLAUDE_MD]
    message: "No CLAUDE.md files with auto-generated content found"
    full: logger.info('CLAUDE_MD', 'No CLAUDE.md files with auto-generated content found')

  src\cli\claude-md-commands.ts:499 [CLAUDE_MD]
    message: "Found ${filesToProcess.length} CLAUDE.md files with auto-generated content"
    full: logger.info('CLAUDE_MD', `Found ${filesToProcess.length} CLAUDE.md files with auto-generated content`)

  src\cli\claude-md-commands.ts:531 [CLAUDE_MD]
    message: "CLAUDE.md cleanup complete"
    full: logger.info('CLAUDE_MD', 'CLAUDE.md cleanup complete', { deleted: deletedCount, cleaned: cleanedCount, errors: errorCount, dryRun })

  src\cli\handlers\file-edit.ts:30 [HOOK]
    message: "FileEdit: ${filePath}"
    full: logger.dataIn('HOOK', `FileEdit: ${filePath}`, { workerPort: port, editCount: edits?.length ?? 0 })

  src\cli\handlers\observation.ts:35 [HOOK]
    message: "PostToolUse: ${toolStr}"
    full: logger.dataIn('HOOK', `PostToolUse: ${toolStr}`, { workerPort: port })

  src\cli\handlers\session-complete.ts:33 [HOOK]
    message: "→ session-complete: Removing session from active map"
    full: logger.info('HOOK', '→ session-complete: Removing session from active map', { workerPort: port, contentSessionId: sessionId })

  src\cli\handlers\session-complete.ts:55 [HOOK]
    message: "Session completed successfully"
    full: logger.info('HOOK', 'Session completed successfully', { contentSessionId: sessionId })

  src\cli\handlers\session-init.ts:36 [HOOK]
    message: "Project excluded from tracking"
    full: logger.info('HOOK', 'Project excluded from tracking', { cwd })

  src\cli\handlers\session-init.ts:84 [HOOK]
    message: "INIT_COMPLETE | sessionDbId=${sessionDbId} | promptNumber=${promptNumber} | skipped=true | reason=private"
    full: logger.info('HOOK', `INIT_COMPLETE | sessionDbId=${sessionDbId} | promptNumber=${promptNumber} | skipped=true | reason=private`, { sessionId: sessionDbId })

  src\cli\handlers\session-init.ts:94 [HOOK]
    message: "INIT_COMPLETE | sessionDbId=${sessionDbId} | promptNumber=${promptNumber} | skipped_agent_init=true | reason=context_already_injected"
    full: logger.info('HOOK', `INIT_COMPLETE | sessionDbId=${sessionDbId} | promptNumber=${promptNumber} | skipped_agent_init=true | reason=context_already_injected`, { sessionId: sessionDbId })

  src\cli\handlers\session-init.ts:125 [HOOK]
    message: "INIT_COMPLETE | sessionDbId=${sessionDbId} | promptNumber=${promptNumber} | project=${project}"
    full: logger.info('HOOK', `INIT_COMPLETE | sessionDbId=${sessionDbId} | promptNumber=${promptNumber} | project=${project}`, { sessionId: sessionDbId })

  src\cli\handlers\summarize.ts:42 [HOOK]
    message: "Stop: Requesting summary"
    full: logger.dataIn('HOOK', 'Stop: Requesting summary', { workerPort: port, hasLastAssistantMessage: !!lastAssistantMessage })

  src\hooks\summary-hook.ts:181 [HOOK]
    message: "Stop: Requesting summary"
    full: logger.dataIn('HOOK', 'Stop: Requesting summary', { sessionId: sessionDbId, workerPort: port, promptNumber, hasLastUserMessage: !!lastUserMessage, hasLastAssistantMessage: !!lastAssistantMessage })

  src\sdk\parser.ts:111 [PARSER]
    message: "Summary skipped"
    full: logger.info('PARSER', 'Summary skipped', { sessionId, reason: skipMatch[1] })

  src\servers\mcp-server.ts:413 [SYSTEM]
    message: "Parent process died, self-exiting to prevent orphan"
    full: logger.info('SYSTEM', 'Parent process died, self-exiting to prevent orphan', { initialPpid, currentPpid: process.ppid })

  src\servers\mcp-server.ts:429 [SYSTEM]
    message: "MCP server shutting down"
    full: logger.info('SYSTEM', 'MCP server shutting down')

  src\servers\mcp-server.ts:442 [SYSTEM]
    message: "Claude-mem search server started"
    full: logger.info('SYSTEM', 'Claude-mem search server started')

  src\servers\mcp-server.ts:455 [SYSTEM]
    message: "Worker available"
    full: logger.info('SYSTEM', 'Worker available', undefined, { workerUrl: WORKER_BASE_URL })

  src\services\infrastructure\GracefulShutdown.ts:58 [SYSTEM]
    message: "Shutdown initiated"
    full: logger.info('SYSTEM', 'Shutdown initiated')

  src\services\infrastructure\GracefulShutdown.ts:65 [SYSTEM]
    message: "Found child processes"
    full: logger.info('SYSTEM', 'Found child processes', { count: childPids.length, pids: childPids })

  src\services\infrastructure\GracefulShutdown.ts:70 [SYSTEM]
    message: "HTTP server closed"
    full: logger.info('SYSTEM', 'HTTP server closed')

  src\services\infrastructure\GracefulShutdown.ts:79 [SYSTEM]
    message: "MCP client closed"
    full: logger.info('SYSTEM', 'MCP client closed')

  src\services\infrastructure\GracefulShutdown.ts:84 [SHUTDOWN]
    message: "Stopping Chroma MCP connection..."
    full: logger.info('SHUTDOWN', 'Stopping Chroma MCP connection...')

  src\services\infrastructure\GracefulShutdown.ts:86 [SHUTDOWN]
    message: "Chroma MCP connection stopped"
    full: logger.info('SHUTDOWN', 'Chroma MCP connection stopped')

  src\services\infrastructure\GracefulShutdown.ts:96 [SYSTEM]
    message: "Force killing remaining children"
    full: logger.info('SYSTEM', 'Force killing remaining children')

  src\services\infrastructure\GracefulShutdown.ts:104 [SYSTEM]
    message: "Worker shutdown complete"
    full: logger.info('SYSTEM', 'Worker shutdown complete')

  src\services\infrastructure\GracefulShutdown.ts:128 [SYSTEM]
    message: "Waited for Windows port cleanup"
    full: logger.info('SYSTEM', 'Waited for Windows port cleanup')

  src\services\infrastructure\ProcessManager.ts:231 [SYSTEM]
    message: "Killed process"
    full: logger.info('SYSTEM', 'Killed process', { pid })

  src\services\infrastructure\ProcessManager.ts:256 [SYSTEM]
    message: "All child processes exited"
    full: logger.info('SYSTEM', 'All child processes exited')

  src\services\infrastructure\ProcessManager.ts:395 [SYSTEM]
    message: "Cleaning up orphaned claude-mem processes"
    full: logger.info('SYSTEM', 'Cleaning up orphaned claude-mem processes', { platform: isWindows ? 'Windows' : 'Unix', count: pidsToKill.length, pids: pidsToKill, maxAgeMinutes: ORPHAN_MAX_AGE_MINUTES })

  src\services\infrastructure\ProcessManager.ts:428 [SYSTEM]
    message: "Orphaned processes cleaned up"
    full: logger.info('SYSTEM', 'Orphaned processes cleaned up', { count: pidsToKill.length })

  src\services\infrastructure\ProcessManager.ts:546 [SYSTEM]
    message: "Aggressive startup cleanup: killing orphaned processes"
    full: logger.info('SYSTEM', 'Aggressive startup cleanup: killing orphaned processes', { platform: isWindows ? 'Windows' : 'Unix', count: pidsToKill.length, pids: pidsToKill })

  src\services\infrastructure\ProcessManager.ts:571 [SYSTEM]
    message: "Aggressive startup cleanup complete"
    full: logger.info('SYSTEM', 'Aggressive startup cleanup complete', { count: pidsToKill.length })

  src\services\infrastructure\ProcessManager.ts:600 [SYSTEM]
    message: "Chroma data directory removed"
    full: logger.info('SYSTEM', 'Chroma data directory removed', { chromaDir })

  src\services\infrastructure\ProcessManager.ts:606 [SYSTEM]
    message: "Chroma migration marker written"
    full: logger.info('SYSTEM', 'Chroma migration marker written', { markerPath })

  src\services\infrastructure\ProcessManager.ts:772 [SYSTEM]
    message: "(message not captured)"
    full: logger.info('SYSTEM', 'Removing stale PID file (worker process is dead)

  src\services\infrastructure\ProcessManager.ts:796 [SYSTEM]
    message: "Received ${signal}, shutting down..."
    full: logger.info('SYSTEM', `Received ${signal}, shutting down...`)

  src\services\integrations\CursorHooksInstaller.ts:79 [CURSOR]
    message: "Registered project for auto-context updates"
    full: logger.info('CURSOR', 'Registered project for auto-context updates', { projectName, workspacePath })

  src\services\integrations\CursorHooksInstaller.ts:90 [CURSOR]
    message: "Unregistered project"
    full: logger.info('CURSOR', 'Unregistered project', { projectName })

  src\services\queue\SessionQueueProcessor.ts:55 [SESSION]
    message: "Idle timeout reached, triggering abort to kill subprocess"
    full: logger.info('SESSION', 'Idle timeout reached, triggering abort to kill subprocess', { sessionDbId, idleDurationMs: idleDuration, thresholdMs: IDLE_TIMEOUT_MS })

  src\services\server\Server.ts:95 [SYSTEM]
    message: "HTTP server started"
    full: logger.info('SYSTEM', 'HTTP server started', { host, port, pid: process.pid })

  src\services\server\Server.ts:127 [SYSTEM]
    message: "HTTP server closed"
    full: logger.info('SYSTEM', 'HTTP server closed')

  src\services\server\Server.ts:247 [SYSTEM]
    message: "Sending restart request to wrapper"
    full: logger.info('SYSTEM', 'Sending restart request to wrapper')

  src\services\server\Server.ts:272 [SYSTEM]
    message: "Sending shutdown request to wrapper"
    full: logger.info('SYSTEM', 'Sending shutdown request to wrapper')

  src\services\sqlite\Database.ts:176 [DB]
    message: "Applying migration ${migration.version}"
    full: logger.info('DB', `Applying migration ${migration.version}`)

  src\services\sqlite\Database.ts:186 [DB]
    message: "Migration ${migration.version} applied successfully"
    full: logger.info('DB', `Migration ${migration.version} applied successfully`)

  src\services\sqlite\PendingMessageStore.ts:109 [QUEUE]
    message: "(message not captured)"
    full: logger.info('QUEUE', `SELF_HEAL | sessionDbId=${sessionId} | recovered ${resetResult.changes} stale processing message(s)

  src\services\sqlite\PendingMessageStore.ts:131 [QUEUE]
    message: "CLAIMED | sessionDbId=${sessionId} | messageId=${msg.id} | type=${msg.message_type}"
    full: logger.info('QUEUE', `CLAIMED | sessionDbId=${sessionId} | messageId=${msg.id} | type=${msg.message_type}`, { sessionId: sessionId })

  src\services\sqlite\PendingMessageStore.ts:180 [QUEUE]
    message: "RESET_STALE | count=${result.changes} | thresholdMs=${thresholdMs}${sessionDbId !== undefined ? "
    full: logger.info('QUEUE', `RESET_STALE | count=${result.changes} | thresholdMs=${thresholdMs}${sessionDbId !== undefined ? ` | sessionDbId=${sessionDbId}` : ''}`)

  src\services\sqlite\PendingMessageStore.ts:414 [QUEUE]
    message: "(message not captured)"
    full: logger.info('QUEUE', `STUCK_RESET | hasAnyPendingWork reset ${resetResult.changes} stuck processing message(s)

  src\services\sqlite\SessionSearch.ts:72 [DB]
    message: "Creating FTS5 tables"
    full: logger.info('DB', 'Creating FTS5 tables')

  src\services\sqlite\SessionSearch.ts:157 [DB]
    message: "FTS5 tables created successfully"
    full: logger.info('DB', 'FTS5 tables created successfully')

  src\services\sqlite\SessionStore.ts:912 [DB]
    message: "(message not captured)"
    full: logger.info('DB', 'Registered memory_session_id before storage (FK fix)

  src\services\sqlite\SessionStore.ts:2220 [SESSION]
    message: "Created manual session"
    full: logger.info('SESSION', 'Created manual session', { memorySessionId, project })

  src\services\sync\ChromaMcpManager.ts:114 [CHROMA_MCP]
    message: "Connecting to chroma-mcp via MCP stdio"
    full: logger.info('CHROMA_MCP', 'Connecting to chroma-mcp via MCP stdio', { command: uvxSpawnCommand, args: uvxSpawnArgs.join(' ')

  src\services\sync\ChromaMcpManager.ts:159 [CHROMA_MCP]
    message: "Connected to chroma-mcp successfully"
    full: logger.info('CHROMA_MCP', 'Connected to chroma-mcp successfully')

  src\services\sync\ChromaMcpManager.ts:330 [CHROMA_MCP]
    message: "Stopping chroma-mcp MCP connection"
    full: logger.info('CHROMA_MCP', 'Stopping chroma-mcp MCP connection')

  src\services\sync\ChromaMcpManager.ts:343 [CHROMA_MCP]
    message: "chroma-mcp MCP connection stopped"
    full: logger.info('CHROMA_MCP', 'chroma-mcp MCP connection stopped')

  src\services\sync\ChromaMcpManager.ts:415 [CHROMA_MCP]
    message: "Created combined SSL certificate bundle for Zscaler"
    full: logger.info('CHROMA_MCP', 'Created combined SSL certificate bundle for Zscaler', { path: combinedCertPath })

  src\services\sync\ChromaMcpManager.ts:444 [CHROMA_MCP]
    message: "Using combined SSL certificates for enterprise compatibility"
    full: logger.info('CHROMA_MCP', 'Using combined SSL certificates for enterprise compatibility', { certPath: combinedCertPath })

  src\services\sync\ChromaSync.ts:335 [CHROMA_SYNC]
    message: "Syncing observation"
    full: logger.info('CHROMA_SYNC', 'Syncing observation', { observationId, documentCount: documents.length, project })

  src\services\sync\ChromaSync.ts:376 [CHROMA_SYNC]
    message: "Syncing summary"
    full: logger.info('CHROMA_SYNC', 'Syncing summary', { summaryId, documentCount: documents.length, project })

  src\services\sync\ChromaSync.ts:430 [CHROMA_SYNC]
    message: "Syncing user prompt"
    full: logger.info('CHROMA_SYNC', 'Syncing user prompt', { promptId, project })

  src\services\sync\ChromaSync.ts:459 [CHROMA_SYNC]
    message: "Fetching existing Chroma document IDs..."
    full: logger.info('CHROMA_SYNC', 'Fetching existing Chroma document IDs...', { project: targetProject })

  src\services\sync\ChromaSync.ts:500 [CHROMA_SYNC]
    message: "Existing IDs fetched"
    full: logger.info('CHROMA_SYNC', 'Existing IDs fetched', { project: targetProject, observations: observationIds.size, summaries: summaryIds.size, prompts: promptIds.size })

  src\services\sync\ChromaSync.ts:519 [CHROMA_SYNC]
    message: "Starting smart backfill"
    full: logger.info('CHROMA_SYNC', 'Starting smart backfill', { project: backfillProject })

  src\services\sync\ChromaSync.ts:547 [CHROMA_SYNC]
    message: "Backfilling observations"
    full: logger.info('CHROMA_SYNC', 'Backfilling observations', { project: backfillProject, missing: observations.length, existing: existing.observations.size, total: totalObsCount.count })

  src\services\sync\ChromaSync.ts:588 [CHROMA_SYNC]
    message: "Backfilling summaries"
    full: logger.info('CHROMA_SYNC', 'Backfilling summaries', { project: backfillProject, missing: summaries.length, existing: existing.summaries.size, total: totalSummaryCount.count })

  src\services\sync\ChromaSync.ts:637 [CHROMA_SYNC]
    message: "Backfilling user prompts"
    full: logger.info('CHROMA_SYNC', 'Backfilling user prompts', { project: backfillProject, missing: prompts.length, existing: existing.prompts.size, total: totalPromptCount.count })

  src\services\sync\ChromaSync.ts:661 [CHROMA_SYNC]
    message: "Smart backfill complete"
    full: logger.info('CHROMA_SYNC', 'Smart backfill complete', { project: backfillProject, synced: { observationDocs: allDocs.length, summaryDocs: summaryDocs.length, promptDocs: promptDocs.length }, skipped: { observations: existing.observations.size, summaries: existing.summaries.size, prompts: existing.prompts.size } })

  src\services\sync\ChromaSync.ts:786 [CHROMA_SYNC]
    message: "Backfill check for ${projects.length} projects"
    full: logger.info('CHROMA_SYNC', `Backfill check for ${projects.length} projects`)

  src\services\sync\ChromaSync.ts:810 [CHROMA_SYNC]
    message: "ChromaSync closed"
    full: logger.info('CHROMA_SYNC', 'ChromaSync closed', { project: this.project })

  src\services\transcript-transformer.ts:120 [TRANSFORMER]
    message: "Transcript transformation complete"
    full: logger.success('TRANSFORMER', 'Transcript transformation complete', { toolUseId, originalSize, compressedSize, originalTokens, compressedTokens, savings: `${Math.round((1 - compressedSize / originalSize)

  src\services\transcript-transformer.ts:318 [BACKUP]
    message: "Created transcript backup"
    full: logger.info('BACKUP', 'Created transcript backup', { original: transcriptPath, backup: backupPath })

  src\services\transcripts\watcher.ts:195 [TRANSCRIPT]
    message: "Watching transcript file"
    full: logger.info('TRANSCRIPT', 'Watching transcript file', { file: filePath, watch: watch.name, schema: schema.name })

  src\services\worker-service.ts:366 [SYSTEM]
    message: "Worker started"
    full: logger.info('SYSTEM', 'Worker started', { host, port, pid: process.pid })

  src\services\worker-service.ts:398 [SYSTEM]
    message: "(message not captured)"
    full: logger.info('SYSTEM', 'ChromaMcpManager initialized (lazy - connects on first use)

  src\services\worker-service.ts:400 [SYSTEM]
    message: "Chroma disabled via CLAUDE_MEM_CHROMA_ENABLED=false, skipping ChromaMcpManager"
    full: logger.info('SYSTEM', 'Chroma disabled via CLAUDE_MEM_CHROMA_ENABLED=false, skipping ChromaMcpManager')

  src\services\worker-service.ts:405 [SYSTEM]
    message: "Mode loaded: ${modeId}"
    full: logger.info('SYSTEM', `Mode loaded: ${modeId}`)

  src\services\worker-service.ts:414 [SYSTEM]
    message: "Reset ${resetCount} stale processing messages to pending"
    full: logger.info('SYSTEM', `Reset ${resetCount} stale processing messages to pending`)

  src\services\worker-service.ts:429 [WORKER]
    message: "SearchManager initialized and search routes registered"
    full: logger.info('WORKER', 'SearchManager initialized and search routes registered')

  src\services\worker-service.ts:436 [SYSTEM]
    message: "(message not captured)"
    full: logger.info('SYSTEM', 'Core initialization complete (DB + search ready)

  src\services\worker-service.ts:441 [CHROMA_SYNC]
    message: "Backfill check complete for all projects"
    full: logger.info('CHROMA_SYNC', 'Backfill check complete for all projects')

  src\services\worker-service.ts:463 [WORKER]
    message: "MCP server connected"
    full: logger.success('WORKER', 'MCP server connected')

  src\services\worker-service.ts:473 [SYSTEM]
    message: "(message not captured)"
    full: logger.info('SYSTEM', 'Started orphan reaper (runs every 5 minutes)

  src\services\worker-service.ts:480 [SYSTEM]
    message: "Reaped ${reaped} stale sessions"
    full: logger.info('SYSTEM', `Reaped ${reaped} stale sessions`)

  src\services\worker-service.ts:490 [SYSTEM]
    message: "Auto-recovered ${result.sessionsStarted} sessions with pending work"
    full: logger.info('SYSTEM', `Auto-recovered ${result.sessionsStarted} sessions with pending work`, { totalPending: result.totalPendingSessions, started: result.sessionsStarted, sessionIds: result.startedSessionIds })

  src\services\worker-service.ts:547 [SYSTEM]
    message: "(message not captured)"
    full: logger.info('SYSTEM', `Starting generator (${source})

  src\services\worker-service.ts:652 [SYSTEM]
    message: "Generator exited due to idle timeout, not restarting"
    full: logger.info('SYSTEM', 'Generator exited due to idle timeout, not restarting', { sessionId: session.sessionDbId })

  src\services\worker-service.ts:664 [SYSTEM]
    message: "Pending work remains after generator exit, restarting with fresh AbortController"
    full: logger.info('SYSTEM', 'Pending work remains after generator exit, restarting with fresh AbortController', { sessionId: session.sessionDbId, pendingCount })

  src\services\worker-service.ts:784 [SYSTEM]
    message: "Marked ${ids.length} stale sessions as failed"
    full: logger.info('SYSTEM', `Marked ${ids.length} stale sessions as failed`)

  src\services\worker-service.ts:794 [SYSTEM]
    message: "Marked ${msgResult.changes} pending messages from stale sessions as failed"
    full: logger.info('SYSTEM', `Marked ${msgResult.changes} pending messages from stale sessions as failed`)

  src\services\worker-service.ts:812 [SYSTEM]
    message: "Processing up to ${sessionLimit} of ${orphanedSessionIds.length} pending session queues"
    full: logger.info('SYSTEM', `Processing up to ${sessionLimit} of ${orphanedSessionIds.length} pending session queues`)

  src\services\worker-service.ts:825 [SYSTEM]
    message: "Starting processor for session ${sessionDbId}"
    full: logger.info('SYSTEM', `Starting processor for session ${sessionDbId}`, { project: session.project, pendingCount: pendingStore.getPendingCount(sessionDbId)

  src\services\worker-service.ts:877 [WORKER]
    message: "Broadcasting processing status"
    full: logger.info('WORKER', 'Broadcasting processing status', { isProcessing, queueDepth, activeSessions })

  src\services\worker-service.ts:915 [SYSTEM]
    message: "Version mismatch detected but PID file is recent — another restart likely in progress, polling health"
    full: logger.info('SYSTEM', 'Version mismatch detected but PID file is recent — another restart likely in progress, polling health', { pluginVersion: versionCheck.pluginVersion, workerVersion: versionCheck.workerVersion })

  src\services\worker-service.ts:921 [SYSTEM]
    message: "Worker became healthy after waiting for concurrent restart"
    full: logger.info('SYSTEM', 'Worker became healthy after waiting for concurrent restart')

  src\services\worker-service.ts:927 [SYSTEM]
    message: "Worker version mismatch detected - auto-restarting"
    full: logger.info('SYSTEM', 'Worker version mismatch detected - auto-restarting', { pluginVersion: versionCheck.pluginVersion, workerVersion: versionCheck.workerVersion })

  src\services\worker-service.ts:940 [SYSTEM]
    message: "Worker already running and healthy"
    full: logger.info('SYSTEM', 'Worker already running and healthy')

  src\services\worker-service.ts:948 [SYSTEM]
    message: "Port in use, waiting for worker to become healthy"
    full: logger.info('SYSTEM', 'Port in use, waiting for worker to become healthy')

  src\services\worker-service.ts:951 [SYSTEM]
    message: "Worker is now healthy"
    full: logger.info('SYSTEM', 'Worker is now healthy')

  src\services\worker-service.ts:965 [SYSTEM]
    message: "Starting worker daemon"
    full: logger.info('SYSTEM', 'Starting worker daemon')

  src\services\worker-service.ts:994 [SYSTEM]
    message: "Worker started successfully"
    full: logger.info('SYSTEM', 'Worker started successfully')

  src\services\worker-service.ts:1040 [SYSTEM]
    message: "Worker stopped successfully"
    full: logger.info('SYSTEM', 'Worker stopped successfully')

  src\services\worker-service.ts:1046 [SYSTEM]
    message: "Restarting worker"
    full: logger.info('SYSTEM', 'Restarting worker')

  src\services\worker-service.ts:1077 [SYSTEM]
    message: "Worker restarted successfully"
    full: logger.info('SYSTEM', 'Worker restarted successfully')

  src\services\worker-service.ts:1129 [SYSTEM]
    message: "Starting worker in-process for hook"
    full: logger.info('SYSTEM', 'Starting worker in-process for hook', { event })

  src\services\worker-service.ts:1172 [SYSTEM]
    message: "(message not captured)"
    full: logger.info('SYSTEM', 'Worker already running (PID alive)

  src\services\worker-service.ts:1186 [SYSTEM]
    message: "Port already in use, refusing to start duplicate"
    full: logger.info('SYSTEM', 'Port already in use, refusing to start duplicate', { port })

  src\services\worker\agents\ResponseProcessor.ts:91 [DB]
    message: "STORING | sessionDbId=${session.sessionDbId} | memorySessionId=${session.memorySessionId} | obsCount=${observations.length} | hasSummary=${!!summaryForStore}"
    full: logger.info('DB', `STORING | sessionDbId=${session.sessionDbId} | memorySessionId=${session.memorySessionId} | obsCount=${observations.length} | hasSummary=${!!summaryForStore}`, { sessionId: session.sessionDbId, memorySessionId: session.memorySessionId })

  src\services\worker\agents\ResponseProcessor.ts:109 [DB]
    message: "(message not captured)"
    full: logger.info('DB', `STORED | sessionDbId=${session.sessionDbId} | memorySessionId=${session.memorySessionId} | obsCount=${result.observationIds.length} | obsIds=[${result.observationIds.join(',')

  src\services\worker\BranchManager.ts:190 [BRANCH]
    message: "Starting branch switch"
    full: logger.info('BRANCH', 'Starting branch switch', { from: info.branch, to: targetBranch })

  src\services\worker\BranchManager.ts:227 [BRANCH]
    message: "Branch switch complete"
    full: logger.success('BRANCH', 'Branch switch complete', { branch: targetBranch })

  src\services\worker\BranchManager.ts:278 [BRANCH]
    message: "Pulling updates"
    full: logger.info('BRANCH', 'Pulling updates', { branch: info.branch })

  src\services\worker\BranchManager.ts:294 [BRANCH]
    message: "Updates pulled"
    full: logger.success('BRANCH', 'Updates pulled', { branch: info.branch })

  src\services\worker\DatabaseManager.ts:38 [DB]
    message: "Chroma disabled via CLAUDE_MEM_CHROMA_ENABLED=false, using SQLite-only search"
    full: logger.info('DB', 'Chroma disabled via CLAUDE_MEM_CHROMA_ENABLED=false, using SQLite-only search')

  src\services\worker\DatabaseManager.ts:41 [DB]
    message: "Database initialized"
    full: logger.info('DB', 'Database initialized')

  src\services\worker\DatabaseManager.ts:62 [DB]
    message: "Database closed"
    full: logger.info('DB', 'Database closed')

  src\services\worker\EndlessModeConfig.ts:107 [CONFIG]
    message: "Endless Mode enabled"
    full: logger.info('CONFIG', 'Endless Mode enabled', { fallback: fallbackToOriginal, maxLookupTime: `${maxLookupTime}ms`, keepRecent: keepRecentToolUses, maxToolHistoryMB: `${maxToolHistoryMB}MB`, syncMode: enableSynchronousMode })

  src\services\worker\GeminiAgent.ts:145 [SESSION]
    message: "MEMORY_ID_GENERATED | sessionDbId=${session.sessionDbId} | provider=Gemini"
    full: logger.info('SESSION', `MEMORY_ID_GENERATED | sessionDbId=${session.sessionDbId} | provider=Gemini`)

  src\services\worker\GeminiAgent.ts:315 [SDK]
    message: "Gemini agent completed"
    full: logger.success('SDK', 'Gemini agent completed', { sessionId: session.sessionDbId, duration: `${(sessionDuration / 1000)

  src\services\worker\http\middleware.ts:60 [HTTP]
    message: "→ ${req.method} ${req.path}"
    full: logger.info('HTTP', `→ ${req.method} ${req.path}`, { requestId }, bodySummary)

  src\services\worker\http\middleware.ts:66 [HTTP]
    message: "← ${res.statusCode} ${req.path}"
    full: logger.info('HTTP', `← ${res.statusCode} ${req.path}`, { requestId, duration: `${duration}ms` })

  src\services\worker\http\routes\DataRoutes.ts:450 [QUEUE]
    message: "Cleared failed queue messages"
    full: logger.info('QUEUE', 'Cleared failed queue messages', { clearedCount })

  src\services\worker\http\routes\LogsRoutes.ts:157 [SYSTEM]
    message: "Log file cleared via UI"
    full: logger.info('SYSTEM', 'Log file cleared via UI', { path: logFilePath })

  src\services\worker\http\routes\MemoryRoutes.ts:65 [HTTP]
    message: "Manual observation saved"
    full: logger.info('HTTP', 'Manual observation saved', { id: result.id, project: targetProject, title: observation.title })

  src\services\worker\http\routes\SessionRoutes.ts:136 [SESSION]
    message: "Provider changed, will switch after current generator finishes"
    full: logger.info('SESSION', `Provider changed, will switch after current generator finishes`, { sessionId: sessionDbId, currentProvider: session.currentProvider, selectedProvider, historyLength: session.conversationHistory.length })

  src\services\worker\http\routes\SessionRoutes.ts:174 [SESSION]
    message: "(message not captured)"
    full: logger.info('SESSION', `Generator auto-starting (${source})

  src\services\worker\http\routes\SessionRoutes.ts:223 [SESSION]
    message: "Generator aborted"
    full: logger.info('SESSION', `Generator aborted`, { sessionId: sessionDbId })

  src\services\worker\http\routes\SessionRoutes.ts:264 [SESSION]
    message: "Restarting generator after crash/exit with pending work"
    full: logger.info('SESSION', `Restarting generator after crash/exit with pending work`, { sessionId: sessionDbId, pendingCount, consecutiveRestarts: session.consecutiveRestarts, maxRestarts: MAX_CONSECUTIVE_RESTARTS })

  src\services\worker\http\routes\SessionRoutes.ts:334 [HTTP]
    message: "SessionRoutes: handleSessionInit called"
    full: logger.info('HTTP', 'SessionRoutes: handleSessionInit called', { sessionDbId, promptNumber, has_userPrompt: !!userPrompt })

  src\services\worker\http\routes\SessionRoutes.ts:647 [HTTP]
    message: "→ POST /api/sessions/complete"
    full: logger.info('HTTP', '→ POST /api/sessions/complete', { contentSessionId })

  src\services\worker\http\routes\SessionRoutes.ts:674 [SESSION]
    message: "Session completed via API"
    full: logger.info('SESSION', 'Session completed via API', { contentSessionId, sessionDbId })

  src\services\worker\http\routes\SessionRoutes.ts:703 [HTTP]
    message: "SessionRoutes: handleSessionInitByClaudeId called"
    full: logger.info('HTTP', 'SessionRoutes: handleSessionInitByClaudeId called', { contentSessionId, project, prompt_length: prompt?.length, customTitle })

  src\services\worker\http\routes\SessionRoutes.ts:723 [SESSION]
    message: "CREATED | contentSessionId=${contentSessionId} → sessionDbId=${sessionDbId} | isNew=${isNewSession} | project=${project}"
    full: logger.info('SESSION', `CREATED | contentSessionId=${contentSessionId} → sessionDbId=${sessionDbId} | isNew=${isNewSession} | project=${project}`, { sessionId: sessionDbId })

  src\services\worker\http\routes\SettingsRoutes.ts:139 [WORKER]
    message: "Settings updated"
    full: logger.info('WORKER', 'Settings updated')

  src\services\worker\http\routes\SettingsRoutes.ts:197 [WORKER]
    message: "Branch switch requested"
    full: logger.info('WORKER', 'Branch switch requested', { branch })

  src\services\worker\http\routes\SettingsRoutes.ts:204 [WORKER]
    message: "Restarting worker after branch switch"
    full: logger.info('WORKER', 'Restarting worker after branch switch')

  src\services\worker\http\routes\SettingsRoutes.ts:216 [WORKER]
    message: "Branch update requested"
    full: logger.info('WORKER', 'Branch update requested')

  src\services\worker\http\routes\SettingsRoutes.ts:223 [WORKER]
    message: "Restarting worker after branch update"
    full: logger.info('WORKER', 'Restarting worker after branch update')

  src\services\worker\http\routes\SettingsRoutes.ts:388 [WORKER]
    message: "MCP search server enabled"
    full: logger.info('WORKER', 'MCP search server enabled')

  src\services\worker\http\routes\SettingsRoutes.ts:392 [WORKER]
    message: "MCP search server disabled"
    full: logger.info('WORKER', 'MCP search server disabled')

  src\services\worker\http\routes\SettingsRoutes.ts:412 [SETTINGS]
    message: "Created settings file with defaults"
    full: logger.info('SETTINGS', 'Created settings file with defaults', { settingsPath })

  src\services\worker\OpenRouterAgent.ts:100 [SESSION]
    message: "MEMORY_ID_GENERATED | sessionDbId=${session.sessionDbId} | provider=OpenRouter"
    full: logger.info('SESSION', `MEMORY_ID_GENERATED | sessionDbId=${session.sessionDbId} | provider=OpenRouter`)

  src\services\worker\OpenRouterAgent.ts:254 [SDK]
    message: "OpenRouter agent completed"
    full: logger.success('SDK', 'OpenRouter agent completed', { sessionId: session.sessionDbId, duration: `${(sessionDuration / 1000)

  src\services\worker\OpenRouterAgent.ts:413 [SDK]
    message: "OpenRouter API usage"
    full: logger.info('SDK', 'OpenRouter API usage', { model, inputTokens, outputTokens, totalTokens: tokensUsed, estimatedCostUSD: estimatedCost.toFixed(4)

  src\services\worker\ProcessRegistry.ts:40 [PROCESS]
    message: "Registered PID ${pid} for session ${sessionDbId}"
    full: logger.info('PROCESS', `Registered PID ${pid} for session ${sessionDbId}`, { pid, sessionDbId })

  src\services\worker\ProcessRegistry.ts:97 [PROCESS]
    message: "(message not captured)"
    full: logger.info('PROCESS', `Pool limit reached (${processRegistry.size}/${maxConcurrent})

  src\services\worker\ProcessRegistry.ts:239 [PROCESS]
    message: "(message not captured)"
    full: logger.info('PROCESS', `Killing idle daemon child PID ${pid} (idle ${minutes}m)

  src\services\worker\ProcessRegistry.ts:402 [PROCESS]
    message: "Reaper cleaned up ${killed} orphaned processes"
    full: logger.info('PROCESS', `Reaper cleaned up ${killed} orphaned processes`, { killed })

  src\services\worker\SDKAgent.ts:84 [SDK]
    message: "forceInit flag set, starting fresh SDK session"
    full: logger.info('SDK', 'forceInit flag set, starting fresh SDK session', { sessionDbId: session.sessionDbId, previousMemorySessionId: session.memorySessionId })

  src\services\worker\SDKAgent.ts:102 [SDK]
    message: "Starting SDK query"
    full: logger.info('SDK', 'Starting SDK query', { sessionDbId: session.sessionDbId, contentSessionId: session.contentSessionId, memorySessionId: session.memorySessionId, hasRealMemorySessionId, shouldResume, resume_parameter: shouldResume ? session.memorySessionId : '(none - fresh start)

  src\services\worker\SDKAgent.ts:178 [SESSION]
    message: "(message not captured)"
    full: logger.info('SESSION', logMessage, { sessionId: session.sessionDbId, memorySessionId: message.session_id, previousId })

  src\services\worker\SDKAgent.ts:245 [SDK]
    message: "(message not captured)"
    full: logger.dataOut('SDK', `Response received (${responseSize} chars)

  src\services\worker\SDKAgent.ts:291 [SDK]
    message: "Agent completed"
    full: logger.success('SDK', 'Agent completed', { sessionId: session.sessionDbId, duration: `${(sessionDuration / 1000)

  src\services\worker\SDKAgent.ts:341 [SDK]
    message: "Creating message generator"
    full: logger.info('SDK', 'Creating message generator', { sessionDbId: session.sessionDbId, contentSessionId: session.contentSessionId, lastPromptNumber: session.lastPromptNumber, isInitPrompt, promptType: isInitPrompt ? 'INIT' : 'CONTINUATION' })

  src\services\worker\SessionManager.ts:176 [SESSION]
    message: "Session initialized"
    full: logger.info('SESSION', 'Session initialized', { sessionId: sessionDbId, project: session.project, contentSessionId: session.contentSessionId, queueDepth: 0, hasGenerator: false })

  src\services\worker\SessionManager.ts:222 [QUEUE]
    message: "ENQUEUED | sessionDbId=${sessionDbId} | messageId=${messageId} | type=observation | tool=${toolSummary} | depth=${queueDepth}"
    full: logger.info('QUEUE', `ENQUEUED | sessionDbId=${sessionDbId} | messageId=${messageId} | type=observation | tool=${toolSummary} | depth=${queueDepth}`, { sessionId: sessionDbId })

  src\services\worker\SessionManager.ts:261 [QUEUE]
    message: "ENQUEUED | sessionDbId=${sessionDbId} | messageId=${messageId} | type=summarize | depth=${queueDepth}"
    full: logger.info('QUEUE', `ENQUEUED | sessionDbId=${sessionDbId} | messageId=${messageId} | type=summarize | depth=${queueDepth}`, { sessionId: sessionDbId })

  src\services\worker\SessionManager.ts:317 [SESSION]
    message: "Session deleted"
    full: logger.info('SESSION', 'Session deleted', { sessionId: sessionDbId, duration: `${(sessionDuration / 1000)

  src\services\worker\SessionManager.ts:341 [SESSION]
    message: "(message not captured)"
    full: logger.info('SESSION', 'Session removed (orphaned after SDK termination)

  src\services\worker\SessionManager.ts:465 [SESSION]
    message: "Triggering abort due to idle timeout to kill subprocess"
    full: logger.info('SESSION', 'Triggering abort due to idle timeout to kill subprocess', { sessionDbId })

  src\utils\project-name.ts:31 [PROJECT_NAME]
    message: "Drive root detected"
    full: logger.info('PROJECT_NAME', 'Drive root detected', { cwd, projectName })

  Count: 169

DEBUG (detailed diagnostics):
────────────────────────────────────────────────────────────
  src\bin\import-xml-observations.ts:80 [IMPORT]
    message: "Skipping invalid JSON line"
    full: logger.debug('IMPORT', 'Skipping invalid JSON line', { lineNumber: index + 1, filename, error: e instanceof Error ? e.message : String(e)

  src\cli\claude-md-commands.ts:405 [CLAUDE_MD]
    message: "Processed folder: ${relativeFolder}"
    full: logger.debug('CLAUDE_MD', `Processed folder: ${relativeFolder}`, { observationCount: result.observationCount })

  src\cli\claude-md-commands.ts:516 [CLAUDE_MD]
    message: "(message not captured)"
    full: logger.debug('CLAUDE_MD', `${dryRun ? '[DRY-RUN] Would delete' : 'Deleted'} (empty)

  src\cli\claude-md-commands.ts:522 [CLAUDE_MD]
    message: "${dryRun ? '[DRY-RUN] Would clean' : 'Cleaned'}: ${relativePath}"
    full: logger.debug('CLAUDE_MD', `${dryRun ? '[DRY-RUN] Would clean' : 'Cleaned'}: ${relativePath}`)

  src\cli\handlers\file-edit.ts:62 [HOOK]
    message: "File edit observation sent successfully"
    full: logger.debug('HOOK', 'File edit observation sent successfully', { filePath })

  src\cli\handlers\observation.ts:47 [HOOK]
    message: "Project excluded from tracking, skipping observation"
    full: logger.debug('HOOK', 'Project excluded from tracking, skipping observation', { cwd, toolName })

  src\cli\handlers\observation.ts:72 [HOOK]
    message: "Observation sent successfully"
    full: logger.debug('HOOK', 'Observation sent successfully', { toolName })

  src\cli\handlers\session-init.ts:47 [HOOK]
    message: "session-init: Calling /api/sessions/init"
    full: logger.debug('HOOK', 'session-init: Calling /api/sessions/init', { contentSessionId: sessionId, project })

  src\cli\handlers\session-init.ts:77 [HOOK]
    message: "session-init: Received from /api/sessions/init"
    full: logger.debug('HOOK', 'session-init: Received from /api/sessions/init', { sessionDbId, promptNumber, skipped: initResult.skipped, contextInjected: initResult.contextInjected })

  src\cli\handlers\session-init.ts:80 [HOOK]
    message: "[ALIGNMENT] Hook Entry | contentSessionId=${sessionId} | prompt#=${promptNumber} | sessionDbId=${sessionDbId}"
    full: logger.debug('HOOK', `[ALIGNMENT] Hook Entry | contentSessionId=${sessionId} | prompt#=${promptNumber} | sessionDbId=${sessionDbId}`)

  src\cli\handlers\session-init.ts:107 [HOOK]
    message: "session-init: Calling /sessions/{sessionDbId}/init"
    full: logger.debug('HOOK', 'session-init: Calling /sessions/{sessionDbId}/init', { sessionDbId, promptNumber })

  src\cli\handlers\session-init.ts:122 [HOOK]
    message: "session-init: Skipping SDK agent init for Cursor platform"
    full: logger.debug('HOOK', 'session-init: Skipping SDK agent init for Cursor platform', { sessionDbId, promptNumber })

  src\cli\handlers\summarize.ts:33 [HOOK]
    message: "No transcriptPath in Stop hook input for session ${sessionId} - skipping summary"
    full: logger.debug('HOOK', `No transcriptPath in Stop hook input for session ${sessionId} - skipping summary`)

  src\cli\handlers\summarize.ts:66 [HOOK]
    message: "Summary request sent successfully"
    full: logger.debug('HOOK', 'Summary request sent successfully')

  src\hooks\pre-tool-use-hook.ts:39 [HOOK]
    message: "PreToolUse: ${tool_name}"
    full: logger.debug('HOOK', `PreToolUse: ${tool_name}`, { toolUseId: tool_use_id, workerPort: port })

  src\hooks\pre-tool-use-hook.ts:64 [HOOK]
    message: "Pre-tool-use tracking sent successfully"
    full: logger.debug('HOOK', 'Pre-tool-use tracking sent successfully', { toolUseId: tool_use_id })

  src\hooks\pre-tool-use-hook.ts:70 [HOOK]
    message: "(message not captured)"
    full: logger.debug('HOOK', 'Pre-tool-use tracking failed (non-critical)

  src\hooks\save-hook.ts:153 [HOOK]
    message: "Cleared tool input from transcript"
    full: logger.debug('HOOK', 'Cleared tool input from transcript', { toolUseId: input.tool_use_id, tokensSaved })

  src\hooks\summary-hook.ts:210 [HOOK]
    message: "Summary request sent successfully"
    full: logger.debug('HOOK', 'Summary request sent successfully', { sessionId: sessionDbId })

  src\sdk\prompts.ts:99 [SDK]
    message: "Tool input is plain string, using as-is"
    error: error as Error
    full: logger.debug('SDK', 'Tool input is plain string, using as-is', { toolName: obs.tool_name }, error as Error)

  src\sdk\prompts.ts:108 [SDK]
    message: "Tool output is plain string, using as-is"
    error: error as Error
    full: logger.debug('SDK', 'Tool output is plain string, using as-is', { toolName: obs.tool_name }, error as Error)

  src\servers\mcp-server.ts:58 [SYSTEM]
    message: "→ Worker API"
    full: logger.debug('SYSTEM', '→ Worker API', undefined, { endpoint, params })

  src\servers\mcp-server.ts:80 [SYSTEM]
    message: "← Worker API success"
    full: logger.debug('SYSTEM', '← Worker API success', undefined, { endpoint })

  src\servers\mcp-server.ts:103 [HTTP]
    message: "(message not captured)"
    full: logger.debug('HTTP', 'Worker API request (POST)

  src\servers\mcp-server.ts:122 [HTTP]
    message: "(message not captured)"
    full: logger.debug('HTTP', 'Worker API success (POST)

  src\servers\mcp-server.ts:152 [SYSTEM]
    message: "Worker health check failed"
    error: error as Error
    full: logger.debug('SYSTEM', 'Worker health check failed', {}, error as Error)

  src\services\context\ContextBuilder.ts:57 [SYSTEM]
    message: "(message not captured)"
    full: logger.debug('SYSTEM', 'Marker file cleanup failed (may not exist)

  src\services\context\ObservationCompiler.ts:174 [PARSER]
    message: "Skipping malformed transcript line"
    full: logger.debug('PARSER', 'Skipping malformed transcript line', { lineIndex: i }, parseError as Error)

  src\services\domain\ModeManager.ts:141 [SYSTEM]
    message: "(message not captured)"
    full: logger.debug('SYSTEM', `Loaded mode: ${mode.name} (${modeId})

  src\services\domain\ModeManager.ts:172 [SYSTEM]
    message: "Loaded override file: ${overrideId} for parent ${parentId}"
    full: logger.debug('SYSTEM', `Loaded override file: ${overrideId} for parent ${parentId}`)

  src\services\domain\ModeManager.ts:190 [SYSTEM]
    message: "(message not captured)"
    full: logger.debug('SYSTEM', `Loaded mode with inheritance: ${mergedMode.name} (${modeId} = ${parentId} + ${overrideId})

  src\services\infrastructure\HealthMonitor.ts:49 [SYSTEM]
    message: "(message not captured)"
    error: error as Error
    full: logger.debug('SYSTEM', retryLogMessage, { port }, error as Error)

  src\services\infrastructure\HealthMonitor.ts:107 [SYSTEM]
    message: "Worker already stopped"
    error: error
    full: logger.debug('SYSTEM', 'Worker already stopped', { port }, error)

  src\services\infrastructure\HealthMonitor.ts:129 [SYSTEM]
    message: "(message not captured)"
    full: logger.debug('SYSTEM', 'Could not read plugin version (shutdown race)

  src\services\infrastructure\HealthMonitor.ts:148 [SYSTEM]
    message: "Could not fetch worker version"
    full: logger.debug('SYSTEM', 'Could not fetch worker version', { port })

  src\services\infrastructure\ProcessManager.ts:234 [SYSTEM]
    message: "Process already exited during force kill"
    error: error as Error
    full: logger.debug('SYSTEM', 'Process already exited during force kill', { pid }, error as Error)

  src\services\infrastructure\ProcessManager.ts:260 [SYSTEM]
    message: "Waiting for processes to exit"
    full: logger.debug('SYSTEM', 'Waiting for processes to exit', { stillAlive })

  src\services\infrastructure\ProcessManager.ts:329 [SYSTEM]
    message: "(message not captured)"
    full: logger.debug('SYSTEM', 'No orphaned claude-mem processes found (Windows)

  src\services\infrastructure\ProcessManager.ts:350 [SYSTEM]
    message: "Found orphaned process"
    full: logger.debug('SYSTEM', 'Found orphaned process', { pid, ageMinutes: Math.round(ageMinutes)

  src\services\infrastructure\ProcessManager.ts:362 [SYSTEM]
    message: "(message not captured)"
    full: logger.debug('SYSTEM', 'No orphaned claude-mem processes found (Unix)

  src\services\infrastructure\ProcessManager.ts:381 [SYSTEM]
    message: "Found orphaned process"
    full: logger.debug('SYSTEM', 'Found orphaned process', { pid, ageMinutes, command: match[3].substring(0, 80)

  src\services\infrastructure\ProcessManager.ts:414 [SYSTEM]
    message: "Failed to kill process, may have already exited"
    error: error as Error
    full: logger.debug('SYSTEM', 'Failed to kill process, may have already exited', { pid }, error as Error)

  src\services\infrastructure\ProcessManager.ts:423 [SYSTEM]
    message: "Process already exited"
    error: error as Error
    full: logger.debug('SYSTEM', 'Process already exited', { pid }, error as Error)

  src\services\infrastructure\ProcessManager.ts:466 [SYSTEM]
    message: "(message not captured)"
    full: logger.debug('SYSTEM', 'No orphaned claude-mem processes found (Windows)

  src\services\infrastructure\ProcessManager.ts:484 [SYSTEM]
    message: "(message not captured)"
    full: logger.debug('SYSTEM', 'Found orphaned process (aggressive)

  src\services\infrastructure\ProcessManager.ts:493 [SYSTEM]
    message: "(message not captured)"
    full: logger.debug('SYSTEM', 'Found orphaned process (age-gated)

  src\services\infrastructure\ProcessManager.ts:506 [SYSTEM]
    message: "(message not captured)"
    full: logger.debug('SYSTEM', 'No orphaned claude-mem processes found (Unix)

  src\services\infrastructure\ProcessManager.ts:526 [SYSTEM]
    message: "(message not captured)"
    full: logger.debug('SYSTEM', 'Found orphaned process (aggressive)

  src\services\infrastructure\ProcessManager.ts:532 [SYSTEM]
    message: "(message not captured)"
    full: logger.debug('SYSTEM', 'Found orphaned process (age-gated)

  src\services\infrastructure\ProcessManager.ts:558 [SYSTEM]
    message: "Failed to kill process, may have already exited"
    error: error as Error
    full: logger.debug('SYSTEM', 'Failed to kill process, may have already exited', { pid }, error as Error)

  src\services\infrastructure\ProcessManager.ts:566 [SYSTEM]
    message: "Process already exited"
    error: error as Error
    full: logger.debug('SYSTEM', 'Process already exited', { pid }, error as Error)

  src\services\infrastructure\ProcessManager.ts:592 [SYSTEM]
    message: "Chroma migration marker exists, skipping wipe"
    full: logger.debug('SYSTEM', 'Chroma migration marker exists, skipping wipe')

  src\services\integrations\CursorHooksInstaller.ts:117 [CURSOR]
    message: "Updated context file"
    full: logger.debug('CURSOR', 'Updated context file', { projectName, workspacePath: entry.workspacePath })

  src\services\integrations\CursorHooksInstaller.ts:426 [CURSOR]
    message: "Worker not running during install"
    error: error as Error
    full: logger.debug('CURSOR', 'Worker not running during install', {}, error as Error)

  src\services\integrations\CursorHooksInstaller.ts:609 [SYSTEM]
    message: "Claude CLI not in PATH"
    error: error as Error
    full: logger.debug('SYSTEM', 'Claude CLI not in PATH', {}, error as Error)

  src\services\sqlite\migrations\runner.ts:133 [DB]
    message: "Added worker_port column to sdk_sessions table"
    full: logger.debug('DB', 'Added worker_port column to sdk_sessions table')

  src\services\sqlite\migrations\runner.ts:154 [DB]
    message: "Added prompt_counter column to sdk_sessions table"
    full: logger.debug('DB', 'Added prompt_counter column to sdk_sessions table')

  src\services\sqlite\migrations\runner.ts:163 [DB]
    message: "Added prompt_number column to observations table"
    full: logger.debug('DB', 'Added prompt_number column to observations table')

  src\services\sqlite\migrations\runner.ts:172 [DB]
    message: "Added prompt_number column to session_summaries table"
    full: logger.debug('DB', 'Added prompt_number column to session_summaries table')

  src\services\sqlite\migrations\runner.ts:196 [DB]
    message: "Removing UNIQUE constraint from session_summaries.memory_session_id"
    full: logger.debug('DB', 'Removing UNIQUE constraint from session_summaries.memory_session_id')

  src\services\sqlite\migrations\runner.ts:253 [DB]
    message: "Successfully removed UNIQUE constraint from session_summaries.memory_session_id"
    full: logger.debug('DB', 'Successfully removed UNIQUE constraint from session_summaries.memory_session_id')

  src\services\sqlite\migrations\runner.ts:274 [DB]
    message: "Adding hierarchical fields to observations table"
    full: logger.debug('DB', 'Adding hierarchical fields to observations table')

  src\services\sqlite\migrations\runner.ts:290 [DB]
    message: "Successfully added hierarchical fields to observations table"
    full: logger.debug('DB', 'Successfully added hierarchical fields to observations table')

  src\services\sqlite\migrations\runner.ts:312 [DB]
    message: "Making observations.text nullable"
    full: logger.debug('DB', 'Making observations.text nullable')

  src\services\sqlite\migrations\runner.ts:371 [DB]
    message: "Successfully made observations.text nullable"
    full: logger.debug('DB', 'Successfully made observations.text nullable')

  src\services\sqlite\migrations\runner.ts:390 [DB]
    message: "Creating user_prompts table with FTS5 support"
    full: logger.debug('DB', 'Creating user_prompts table with FTS5 support')

  src\services\sqlite\migrations\runner.ts:453 [DB]
    message: "Successfully created user_prompts table"
    full: logger.debug('DB', 'Successfully created user_prompts table')

  src\services\sqlite\migrations\runner.ts:472 [DB]
    message: "Added discovery_tokens column to observations table"
    full: logger.debug('DB', 'Added discovery_tokens column to observations table')

  src\services\sqlite\migrations\runner.ts:481 [DB]
    message: "Added discovery_tokens column to session_summaries table"
    full: logger.debug('DB', 'Added discovery_tokens column to session_summaries table')

  src\services\sqlite\migrations\runner.ts:505 [DB]
    message: "Creating pending_messages table"
    full: logger.debug('DB', 'Creating pending_messages table')

  src\services\sqlite\migrations\runner.ts:535 [DB]
    message: "pending_messages table created successfully"
    full: logger.debug('DB', 'pending_messages table created successfully')

  src\services\sqlite\migrations\runner.ts:550 [DB]
    message: "Checking session ID columns for semantic clarity rename"
    full: logger.debug('DB', 'Checking session ID columns for semantic clarity rename')

  src\services\sqlite\migrations\runner.ts:568 [DB]
    message: "Renamed ${table}.${oldCol} to ${newCol}"
    full: logger.debug('DB', `Renamed ${table}.${oldCol} to ${newCol}`)

  src\services\sqlite\migrations\runner.ts:597 [DB]
    message: "Successfully renamed ${renamesPerformed} session ID columns"
    full: logger.debug('DB', `Successfully renamed ${renamesPerformed} session ID columns`)

  src\services\sqlite\migrations\runner.ts:599 [DB]
    message: "(message not captured)"
    full: logger.debug('DB', 'No session ID column renames needed (already up to date)

  src\services\sqlite\migrations\runner.ts:630 [DB]
    message: "Added failed_at_epoch column to pending_messages table"
    full: logger.debug('DB', 'Added failed_at_epoch column to pending_messages table')

  src\services\sqlite\migrations\runner.ts:649 [DB]
    message: "Adding ON UPDATE CASCADE to FK constraints on observations and session_summaries"
    full: logger.debug('DB', 'Adding ON UPDATE CASCADE to FK constraints on observations and session_summaries')

  src\services\sqlite\migrations\runner.ts:812 [DB]
    message: "Successfully added ON UPDATE CASCADE to FK constraints"
    full: logger.debug('DB', 'Successfully added ON UPDATE CASCADE to FK constraints')

  src\services\sqlite\migrations\runner.ts:838 [DB]
    message: "Added content_hash column to observations table with backfill and index"
    full: logger.debug('DB', 'Added content_hash column to observations table with backfill and index')

  src\services\sqlite\migrations\runner.ts:857 [DB]
    message: "Added custom_title column to sdk_sessions table"
    full: logger.debug('DB', 'Added custom_title column to sdk_sessions table')

  src\services\sqlite\observations\store.ts:71 [DEDUP]
    message: "Skipped duplicate observation | contentHash=${contentHash} | existingId=${existing.id}"
    full: logger.debug('DEDUP', `Skipped duplicate observation | contentHash=${contentHash} | existingId=${existing.id}`)

  src\services\sqlite\PendingMessageStore.ts:150 [QUEUE]
    message: "CONFIRMED | messageId=${messageId} | deleted from queue"
    full: logger.debug('QUEUE', `CONFIRMED | messageId=${messageId} | deleted from queue`)

  src\services\sqlite\SessionStore.ts:150 [DB]
    message: "Added worker_port column to sdk_sessions table"
    full: logger.debug('DB', 'Added worker_port column to sdk_sessions table')

  src\services\sqlite\SessionStore.ts:171 [DB]
    message: "Added prompt_counter column to sdk_sessions table"
    full: logger.debug('DB', 'Added prompt_counter column to sdk_sessions table')

  src\services\sqlite\SessionStore.ts:180 [DB]
    message: "Added prompt_number column to observations table"
    full: logger.debug('DB', 'Added prompt_number column to observations table')

  src\services\sqlite\SessionStore.ts:189 [DB]
    message: "Added prompt_number column to session_summaries table"
    full: logger.debug('DB', 'Added prompt_number column to session_summaries table')

  src\services\sqlite\SessionStore.ts:213 [DB]
    message: "Removing UNIQUE constraint from session_summaries.memory_session_id"
    full: logger.debug('DB', 'Removing UNIQUE constraint from session_summaries.memory_session_id')

  src\services\sqlite\SessionStore.ts:270 [DB]
    message: "Successfully removed UNIQUE constraint from session_summaries.memory_session_id"
    full: logger.debug('DB', 'Successfully removed UNIQUE constraint from session_summaries.memory_session_id')

  src\services\sqlite\SessionStore.ts:291 [DB]
    message: "Adding hierarchical fields to observations table"
    full: logger.debug('DB', 'Adding hierarchical fields to observations table')

  src\services\sqlite\SessionStore.ts:307 [DB]
    message: "Successfully added hierarchical fields to observations table"
    full: logger.debug('DB', 'Successfully added hierarchical fields to observations table')

  src\services\sqlite\SessionStore.ts:329 [DB]
    message: "Making observations.text nullable"
    full: logger.debug('DB', 'Making observations.text nullable')

  src\services\sqlite\SessionStore.ts:388 [DB]
    message: "Successfully made observations.text nullable"
    full: logger.debug('DB', 'Successfully made observations.text nullable')

  src\services\sqlite\SessionStore.ts:407 [DB]
    message: "Creating user_prompts table with FTS5 support"
    full: logger.debug('DB', 'Creating user_prompts table with FTS5 support')

  src\services\sqlite\SessionStore.ts:470 [DB]
    message: "Successfully created user_prompts table"
    full: logger.debug('DB', 'Successfully created user_prompts table')

  src\services\sqlite\SessionStore.ts:489 [DB]
    message: "Added discovery_tokens column to observations table"
    full: logger.debug('DB', 'Added discovery_tokens column to observations table')

  src\services\sqlite\SessionStore.ts:498 [DB]
    message: "Added discovery_tokens column to session_summaries table"
    full: logger.debug('DB', 'Added discovery_tokens column to session_summaries table')

  src\services\sqlite\SessionStore.ts:522 [DB]
    message: "Creating pending_messages table"
    full: logger.debug('DB', 'Creating pending_messages table')

  src\services\sqlite\SessionStore.ts:552 [DB]
    message: "pending_messages table created successfully"
    full: logger.debug('DB', 'pending_messages table created successfully')

  src\services\sqlite\SessionStore.ts:567 [DB]
    message: "Checking session ID columns for semantic clarity rename"
    full: logger.debug('DB', 'Checking session ID columns for semantic clarity rename')

  src\services\sqlite\SessionStore.ts:585 [DB]
    message: "Renamed ${table}.${oldCol} to ${newCol}"
    full: logger.debug('DB', `Renamed ${table}.${oldCol} to ${newCol}`)

  src\services\sqlite\SessionStore.ts:614 [DB]
    message: "Successfully renamed ${renamesPerformed} session ID columns"
    full: logger.debug('DB', `Successfully renamed ${renamesPerformed} session ID columns`)

  src\services\sqlite\SessionStore.ts:616 [DB]
    message: "(message not captured)"
    full: logger.debug('DB', 'No session ID column renames needed (already up to date)

  src\services\sqlite\SessionStore.ts:647 [DB]
    message: "Added failed_at_epoch column to pending_messages table"
    full: logger.debug('DB', 'Added failed_at_epoch column to pending_messages table')

  src\services\sqlite\SessionStore.ts:666 [DB]
    message: "Adding ON UPDATE CASCADE to FK constraints on observations and session_summaries"
    full: logger.debug('DB', 'Adding ON UPDATE CASCADE to FK constraints on observations and session_summaries')

  src\services\sqlite\SessionStore.ts:830 [DB]
    message: "Successfully added ON UPDATE CASCADE to FK constraints"
    full: logger.debug('DB', 'Successfully added ON UPDATE CASCADE to FK constraints')

  src\services\sqlite\SessionStore.ts:852 [DB]
    message: "Added content_hash column to observations table with backfill and index"
    full: logger.debug('DB', 'Added content_hash column to observations table with backfill and index')

  src\services\sqlite\SessionStore.ts:870 [DB]
    message: "Added custom_title column to sdk_sessions table"
    full: logger.debug('DB', 'Added custom_title column to sdk_sessions table')

  src\services\sync\ChromaMcpManager.ts:167 [CHROMA_MCP]
    message: "Ignoring stale onclose from previous transport"
    full: logger.debug('CHROMA_MCP', 'Ignoring stale onclose from previous transport')

  src\services\sync\ChromaMcpManager.ts:243 [CHROMA_MCP]
    message: "Calling tool: ${toolName}"
    full: logger.debug('CHROMA_MCP', `Calling tool: ${toolName}`, { arguments: JSON.stringify(toolArguments)

  src\services\sync\ChromaMcpManager.ts:326 [CHROMA_MCP]
    message: "No active MCP connection to stop"
    full: logger.debug('CHROMA_MCP', 'No active MCP connection to stop')

  src\services\sync\ChromaMcpManager.ts:335 [CHROMA_MCP]
    message: "(message not captured)"
    full: logger.debug('CHROMA_MCP', 'Error during client close (subprocess may already be dead)

  src\services\sync\ChromaMcpManager.ts:421 [CHROMA_MCP]
    message: "Could not create combined cert bundle"
    error: error as Error
    full: logger.debug('CHROMA_MCP', 'Could not create combined cert bundle', {}, error as Error)

  src\services\sync\ChromaSync.ts:113 [CHROMA_SYNC]
    message: "Collection ready"
    full: logger.debug('CHROMA_SYNC', 'Collection ready', { collection: this.collectionName })

  src\services\sync\ChromaSync.ts:294 [CHROMA_SYNC]
    message: "Documents added"
    full: logger.debug('CHROMA_SYNC', 'Documents added', { collection: this.collectionName, count: documents.length })

  src\services\sync\ChromaSync.ts:493 [CHROMA_SYNC]
    message: "Fetched batch of existing IDs"
    full: logger.debug('CHROMA_SYNC', 'Fetched batch of existing IDs', { project: targetProject, offset, batchSize: metadatas.length })

  src\services\sync\ChromaSync.ts:565 [CHROMA_SYNC]
    message: "Backfill progress"
    full: logger.debug('CHROMA_SYNC', 'Backfill progress', { project: backfillProject, progress: `${Math.min(i + this.BATCH_SIZE, allDocs.length)

  src\services\sync\ChromaSync.ts:606 [CHROMA_SYNC]
    message: "Backfill progress"
    full: logger.debug('CHROMA_SYNC', 'Backfill progress', { project: backfillProject, progress: `${Math.min(i + this.BATCH_SIZE, summaryDocs.length)

  src\services\sync\ChromaSync.ts:655 [CHROMA_SYNC]
    message: "Backfill progress"
    full: logger.debug('CHROMA_SYNC', 'Backfill progress', { project: backfillProject, progress: `${Math.min(i + this.BATCH_SIZE, promptDocs.length)

  src\services\transcript-transformer.ts:203 [TRANSFORMER]
    message: "Failed to parse ${fieldName}"
    full: logger.debug('TRANSFORMER', `Failed to parse ${fieldName}`, { field, error: e })

  src\services\transcript-transformer.ts:225 [TRANSFORMER]
    message: "Atomic write successful"
    full: logger.debug('TRANSFORMER', 'Atomic write successful', { path: this.transcriptPath })

  src\services\transcript-transformer.ts:249 [TRANSFORMER]
    message: "JSONL validation passed"
    full: logger.debug('TRANSFORMER', 'JSONL validation passed', { path: filePath, lines: lines.length })

  src\services\transcript-transformer.ts:266 [TRANSFORMER]
    message: "Cleaned up temp file"
    full: logger.debug('TRANSFORMER', 'Cleaned up temp file', { path: tempPath })

  src\services\transcript-transformer.ts:335 [BACKUP]
    message: "Backup trimming disabled"
    full: logger.debug('BACKUP', 'Backup trimming disabled', { maxSizeMB: this.maxSizeMB })

  src\services\transcript-transformer.ts:341 [BACKUP]
    message: "Trimmed tool output backup"
    full: logger.debug('BACKUP', 'Trimmed tool output backup', { maxSizeMB: this.maxSizeMB })

  src\services\transcripts\processor.ts:117 [TRANSCRIPT]
    message: "Skipping event without sessionId"
    full: logger.debug('TRANSCRIPT', 'Skipping event without sessionId', { event: event.name, watch: watch.name })

  src\services\transcripts\processor.ts:364 [TRANSCRIPT]
    message: "Updated AGENTS.md context"
    full: logger.debug('TRANSCRIPT', 'Updated AGENTS.md context', { agentsPath, watch: watch.name })

  src\services\transcripts\watcher.ts:213 [TRANSCRIPT]
    message: "Failed to parse transcript line"
    full: logger.debug('TRANSCRIPT', 'Failed to parse transcript line', { watch: watch.name, file: basename(filePath)

  src\services\worker-service.ts:284 [SYSTEM]
    message: "Ignoring SIGHUP in daemon mode"
    full: logger.debug('SYSTEM', 'Ignoring SIGHUP in daemon mode')

  src\services\worker-service.ts:537 [SYSTEM]
    message: "Replacing aborted AbortController before starting generator"
    full: logger.debug('SYSTEM', 'Replacing aborted AbortController before starting generator', { sessionId: session.sessionDbId })

  src\services\worker\agents\ResponseProcessor.ts:121 [QUEUE]
    message: "(message not captured)"
    full: logger.debug('QUEUE', `CONFIRMED_BATCH | sessionDbId=${session.sessionDbId} | count=${session.processingMessageIds.length} | ids=[${session.processingMessageIds.join(',')

  src\services\worker\agents\ResponseProcessor.ts:206 [CHROMA]
    message: "Observation synced"
    full: logger.debug('CHROMA', 'Observation synced', { obsId, duration: `${chromaDuration}ms`, type: obs.type, title: obs.title || '(untitled)

  src\services\worker\agents\ResponseProcessor.ts:299 [CHROMA]
    message: "Summary synced"
    full: logger.debug('CHROMA', 'Summary synced', { summaryId: result.summaryId, duration: `${chromaDuration}ms`, request: summaryForStore.request || '(no request)

  src\services\worker\BranchManager.ts:196 [BRANCH]
    message: "Discarding local changes"
    full: logger.debug('BRANCH', 'Discarding local changes')

  src\services\worker\BranchManager.ts:201 [BRANCH]
    message: "Fetching from origin"
    full: logger.debug('BRANCH', 'Fetching from origin')

  src\services\worker\BranchManager.ts:205 [BRANCH]
    message: "Checking out branch"
    full: logger.debug('BRANCH', 'Checking out branch', { branch: targetBranch })

  src\services\worker\BranchManager.ts:210 [BRANCH]
    message: "Branch not local, tracking remote"
    full: logger.debug('BRANCH', 'Branch not local, tracking remote', { branch: targetBranch, error: error instanceof Error ? error.message : String(error)

  src\services\worker\BranchManager.ts:215 [BRANCH]
    message: "Pulling latest"
    full: logger.debug('BRANCH', 'Pulling latest')

  src\services\worker\BranchManager.ts:224 [BRANCH]
    message: "Running npm install"
    full: logger.debug('BRANCH', 'Running npm install')

  src\services\worker\EndlessModeConfig.ts:115 [CONFIG]
    message: "Endless Mode disabled"
    full: logger.debug('CONFIG', 'Endless Mode disabled')

  src\services\worker\GeminiAgent.ts:78 [SDK]
    message: "Rate limiting: waiting ${waitTime}ms before Gemini request"
    full: logger.debug('SDK', `Rate limiting: waiting ${waitTime}ms before Gemini request`, { model, rpm })

  src\services\worker\GeminiAgent.ts:369 [SDK]
    message: "(message not captured)"
    full: logger.debug('SDK', `Querying Gemini multi-turn (${model})

  src\services\worker\http\routes\SessionRoutes.ts:57 [SESSION]
    message: "Using OpenRouter agent"
    full: logger.debug('SESSION', 'Using OpenRouter agent')

  src\services\worker\http\routes\SessionRoutes.ts:65 [SESSION]
    message: "Using Gemini agent"
    full: logger.debug('SESSION', 'Using Gemini agent')

  src\services\worker\http\routes\SessionRoutes.ts:101 [SESSION]
    message: "Spawn already in progress, skipping"
    full: logger.debug('SESSION', 'Spawn already in progress, skipping', { sessionDbId, source })

  src\services\worker\http\routes\SessionRoutes.ts:161 [SESSION]
    message: "Resetting aborted AbortController before starting generator"
    full: logger.debug('SESSION', 'Resetting aborted AbortController before starting generator', { sessionId: session.sessionDbId })

  src\services\worker\http\routes\SessionRoutes.ts:245 [SESSION]
    message: "Crash recovery already scheduled"
    full: logger.debug('SESSION', 'Crash recovery already scheduled', { sessionDbId })

  src\services\worker\http\routes\SessionRoutes.ts:294 [SESSION]
    message: "Aborted controller after natural completion"
    full: logger.debug('SESSION', 'Aborted controller after natural completion', { sessionId: sessionDbId })

  src\services\worker\http\routes\SessionRoutes.ts:300 [SESSION]
    message: "Error during recovery check, aborting to prevent leaks"
    full: logger.debug('SESSION', 'Error during recovery check, aborting to prevent leaks', { sessionId: sessionDbId, error: e instanceof Error ? e.message : String(e)

  src\services\worker\http\routes\SessionRoutes.ts:371 [CHROMA]
    message: "User prompt synced"
    full: logger.debug('CHROMA', 'User prompt synced', { promptId: latestPrompt.id, duration: `${chromaDuration}ms`, prompt: truncatedPrompt })

  src\services\worker\http\routes\SessionRoutes.ts:511 [SESSION]
    message: "Skipping observation for tool"
    full: logger.debug('SESSION', 'Skipping observation for tool', { tool_name })

  src\services\worker\http\routes\SessionRoutes.ts:521 [SESSION]
    message: "Skipping meta-observation for session-memory file"
    full: logger.debug('SESSION', 'Skipping meta-observation for session-memory file', { tool_name, file_path: filePath })

  src\services\worker\http\routes\SessionRoutes.ts:663 [SESSION]
    message: "session-complete: Session not in active map"
    full: logger.debug('SESSION', 'session-complete: Session not in active map', { contentSessionId, sessionDbId })

  src\services\worker\http\routes\SessionRoutes.ts:734 [HTTP]
    message: "(message not captured)"
    full: logger.debug('HTTP', `[ALIGNMENT] DB Lookup Proof | contentSessionId=${contentSessionId} → memorySessionId=${memorySessionId || '(not yet captured)

  src\services\worker\http\routes\SessionRoutes.ts:736 [HTTP]
    message: "[ALIGNMENT] New Session | contentSessionId=${contentSessionId} | prompt#=${promptNumber} | memorySessionId will be captured on first SDK response"
    full: logger.debug('HTTP', `[ALIGNMENT] New Session | contentSessionId=${contentSessionId} | prompt#=${promptNumber} | memorySessionId will be captured on first SDK response`)

  src\services\worker\http\routes\SessionRoutes.ts:744 [HOOK]
    message: "Session init - prompt entirely private"
    full: logger.debug('HOOK', 'Session init - prompt entirely private', { sessionId: sessionDbId, promptNumber, originalLength: prompt.length })

  src\services\worker\http\routes\SessionRoutes.ts:767 [SESSION]
    message: "User prompt saved"
    full: logger.debug('SESSION', 'User prompt saved', { sessionId: sessionDbId, promptNumber, contextInjected })

  src\services\worker\http\routes\SettingsRoutes.ts:354 [SETTINGS]
    message: "Invalid URL format"
    full: logger.debug('SETTINGS', 'Invalid URL format', { url: settings.CLAUDE_MEM_OPENROUTER_SITE_URL, error: error instanceof Error ? error.message : String(error)

  src\services\worker\http\routes\SettingsRoutes.ts:394 [WORKER]
    message: "(message not captured)"
    full: logger.debug('WORKER', 'MCP toggle no-op (already in desired state)

  src\services\worker\OpenRouterAgent.ts:364 [SDK]
    message: "(message not captured)"
    full: logger.debug('SDK', `Querying OpenRouter multi-turn (${model})

  src\services\worker\PaginationHelper.ts:55 [WORKER]
    message: "File paths is plain string, using as-is"
    error: err as Error
    full: logger.debug('WORKER', 'File paths is plain string, using as-is', {}, err as Error)

  src\services\worker\ProcessRegistry.ts:48 [PROCESS]
    message: "Unregistered PID ${pid}"
    full: logger.debug('PROCESS', `Unregistered PID ${pid}`, { pid })

  src\services\worker\ProcessRegistry.ts:358 [SDK_SPAWN]
    message: "(message not captured)"
    full: logger.debug('SDK_SPAWN', `[session-${sessionDbId}] stderr: ${data.toString()

  src\services\worker\SDKAgent.ts:115 [SDK]
    message: "[ALIGNMENT] Resume Decision | contentSessionId=${session.contentSessionId} | memorySessionId=${session.memorySessionId} | prompt#=${session.lastPromptNumber} | hasRealMemorySessionId=${hasRealMemorySessionId} | shouldResume=${shouldResume} | resumeWith=${shouldResume ? session.memorySessionId : 'NONE'}"
    full: logger.debug('SDK', `[ALIGNMENT] Resume Decision | contentSessionId=${session.contentSessionId} | memorySessionId=${session.memorySessionId} | prompt#=${session.lastPromptNumber} | hasRealMemorySessionId=${hasRealMemorySessionId} | shouldResume=${shouldResume} | resumeWith=${shouldResume ? session.memorySessionId : 'NONE'}`)

  src\services\worker\SDKAgent.ts:119 [SDK]
    message: "(message not captured)"
    full: logger.debug('SDK', `[ALIGNMENT] First Prompt (INIT)

  src\services\worker\SDKAgent.ts:189 [SDK]
    message: "[ALIGNMENT] ${previousId ? 'Updated' : 'Captured'} | contentSessionId=${session.contentSessionId} → memorySessionId=${message.session_id} | Future prompts will resume with this ID"
    full: logger.debug('SDK', `[ALIGNMENT] ${previousId ? 'Updated' : 'Captured'} | contentSessionId=${session.contentSessionId} → memorySessionId=${message.session_id} | Future prompts will resume with this ID`)

  src\services\worker\SDKAgent.ts:223 [SDK]
    message: "Token usage captured"
    full: logger.debug('SDK', 'Token usage captured', { sessionId: session.sessionDbId, inputTokens: usage.input_tokens, outputTokens: usage.output_tokens, cacheCreation: usage.cache_creation_input_tokens || 0, cacheRead: usage.cache_read_input_tokens || 0, cumulativeInput: session.cumulativeInputTokens, cumulativeOutput: session.cumulativeOutputTokens })

  src\services\worker\SDKAgent.ts:474 [SDK]
    message: "Claude executable auto-detection failed"
    error: error as Error
    full: logger.debug('SDK', 'Claude executable auto-detection failed', {}, error as Error)

  src\services\worker\search\SearchOrchestrator.ts:86 [SEARCH]
    message: "Orchestrator: Filter-only query, using SQLite"
    full: logger.debug('SEARCH', 'Orchestrator: Filter-only query, using SQLite', {})

  src\services\worker\search\SearchOrchestrator.ts:92 [SEARCH]
    message: "Orchestrator: Using Chroma semantic search"
    full: logger.debug('SEARCH', 'Orchestrator: Using Chroma semantic search', {})

  src\services\worker\search\SearchOrchestrator.ts:101 [SEARCH]
    message: "Orchestrator: Chroma failed, falling back to SQLite"
    full: logger.debug('SEARCH', 'Orchestrator: Chroma failed, falling back to SQLite', {})

  src\services\worker\search\SearchOrchestrator.ts:114 [SEARCH]
    message: "Orchestrator: Chroma not available"
    full: logger.debug('SEARCH', 'Orchestrator: Chroma not available', {})

  src\services\worker\search\strategies\ChromaSearchStrategy.ts:71 [SEARCH]
    message: "ChromaSearchStrategy: Querying Chroma"
    full: logger.debug('SEARCH', 'ChromaSearchStrategy: Querying Chroma', { query, searchType })

  src\services\worker\search\strategies\ChromaSearchStrategy.ts:78 [SEARCH]
    message: "ChromaSearchStrategy: Chroma returned matches"
    full: logger.debug('SEARCH', 'ChromaSearchStrategy: Chroma returned matches', { matchCount: chromaResults.ids.length })

  src\services\worker\search\strategies\ChromaSearchStrategy.ts:94 [SEARCH]
    message: "ChromaSearchStrategy: Filtered by recency"
    full: logger.debug('SEARCH', 'ChromaSearchStrategy: Filtered by recency', { count: recentItems.length })

  src\services\worker\search\strategies\ChromaSearchStrategy.ts:127 [SEARCH]
    message: "ChromaSearchStrategy: Hydrated results"
    full: logger.debug('SEARCH', 'ChromaSearchStrategy: Hydrated results', { observations: observations.length, sessions: sessions.length, prompts: prompts.length })

  src\services\worker\search\strategies\HybridSearchStrategy.ts:72 [SEARCH]
    message: "HybridSearchStrategy: findByConcept"
    full: logger.debug('SEARCH', 'HybridSearchStrategy: findByConcept', { concept })

  src\services\worker\search\strategies\HybridSearchStrategy.ts:76 [SEARCH]
    message: "HybridSearchStrategy: Found metadata matches"
    full: logger.debug('SEARCH', 'HybridSearchStrategy: Found metadata matches', { count: metadataResults.length })

  src\services\worker\search\strategies\HybridSearchStrategy.ts:93 [SEARCH]
    message: "HybridSearchStrategy: Ranked by semantic relevance"
    full: logger.debug('SEARCH', 'HybridSearchStrategy: Ranked by semantic relevance', { count: rankedIds.length })

  src\services\worker\search\strategies\HybridSearchStrategy.ts:138 [SEARCH]
    message: "HybridSearchStrategy: findByType"
    full: logger.debug('SEARCH', 'HybridSearchStrategy: findByType', { type: typeStr })

  src\services\worker\search\strategies\HybridSearchStrategy.ts:142 [SEARCH]
    message: "HybridSearchStrategy: Found metadata matches"
    full: logger.debug('SEARCH', 'HybridSearchStrategy: Found metadata matches', { count: metadataResults.length })

  src\services\worker\search\strategies\HybridSearchStrategy.ts:159 [SEARCH]
    message: "HybridSearchStrategy: Ranked by semantic relevance"
    full: logger.debug('SEARCH', 'HybridSearchStrategy: Ranked by semantic relevance', { count: rankedIds.length })

  src\services\worker\search\strategies\HybridSearchStrategy.ts:205 [SEARCH]
    message: "HybridSearchStrategy: findByFile"
    full: logger.debug('SEARCH', 'HybridSearchStrategy: findByFile', { filePath })

  src\services\worker\search\strategies\HybridSearchStrategy.ts:209 [SEARCH]
    message: "HybridSearchStrategy: Found file matches"
    full: logger.debug('SEARCH', 'HybridSearchStrategy: Found file matches', { observations: metadataResults.observations.length, sessions: metadataResults.sessions.length })

  src\services\worker\search\strategies\HybridSearchStrategy.ts:230 [SEARCH]
    message: "HybridSearchStrategy: Ranked observations"
    full: logger.debug('SEARCH', 'HybridSearchStrategy: Ranked observations', { count: rankedIds.length })

  src\services\worker\search\strategies\SQLiteSearchStrategy.ts:61 [SEARCH]
    message: "SQLiteSearchStrategy: Filter-only query"
    full: logger.debug('SEARCH', 'SQLiteSearchStrategy: Filter-only query', { searchType, hasDateRange: !!dateRange, hasProject: !!project })

  src\services\worker\search\strategies\SQLiteSearchStrategy.ts:86 [SEARCH]
    message: "SQLiteSearchStrategy: Results"
    full: logger.debug('SEARCH', 'SQLiteSearchStrategy: Results', { observations: observations.length, sessions: sessions.length, prompts: prompts.length })

  src\services\worker\SearchManager.ts:140 [SEARCH]
    message: "(message not captured)"
    full: logger.debug('SEARCH', 'Filter-only query (no query text)

  src\services\worker\SearchManager.ts:155 [SEARCH]
    message: "Using ChromaDB semantic search"
    full: logger.debug('SEARCH', 'Using ChromaDB semantic search', { typeFilter: type || 'all' })

  src\services\worker\SearchManager.ts:180 [SEARCH]
    message: "ChromaDB returned semantic matches"
    full: logger.debug('SEARCH', 'ChromaDB returned semantic matches', { matchCount: chromaResults.ids.length })

  src\services\worker\SearchManager.ts:191 [SEARCH]
    message: "Results within 90-day window"
    full: logger.debug('SEARCH', 'Results within 90-day window', { count: recentMetadata.length })

  src\services\worker\SearchManager.ts:209 [SEARCH]
    message: "Categorized results by type"
    full: logger.debug('SEARCH', 'Categorized results by type', { observations: obsIds.length, sessions: sessionIds.length, prompts: prompts.length })

  src\services\worker\SearchManager.ts:224 [SEARCH]
    message: "Hydrated results from SQLite"
    full: logger.debug('SEARCH', 'Hydrated results from SQLite', { observations: observations.length, sessions: sessions.length, prompts: prompts.length })

  src\services\worker\SearchManager.ts:227 [SEARCH]
    message: "(message not captured)"
    full: logger.debug('SEARCH', 'ChromaDB found no matches (final result, no FTS5 fallback)

  src\services\worker\SearchManager.ts:233 [SEARCH]
    message: "ChromaDB not initialized - semantic search unavailable"
    full: logger.debug('SEARCH', 'ChromaDB not initialized - semantic search unavailable', {})

  src\services\worker\SearchManager.ts:234 [SEARCH]
    message: "Install UVX/Python to enable vector search"
    full: logger.debug('SEARCH', 'Install UVX/Python to enable vector search', { url: 'https://docs.astral.sh/uv/getting-started/installation/' })

  src\services\worker\SearchManager.ts:408 [SEARCH]
    message: "Using hybrid semantic search for timeline query"
    full: logger.debug('SEARCH', 'Using hybrid semantic search for timeline query', {})

  src\services\worker\SearchManager.ts:410 [SEARCH]
    message: "Chroma returned semantic matches for timeline"
    full: logger.debug('SEARCH', 'Chroma returned semantic matches for timeline', { matchCount: chromaResults?.ids?.length ?? 0 })

  src\services\worker\SearchManager.ts:441 [SEARCH]
    message: "Query mode: Using observation as timeline anchor"
    full: logger.debug('SEARCH', 'Query mode: Using observation as timeline anchor', { observationId: topResult.id })

  src\services\worker\SearchManager.ts:660 [SEARCH]
    message: "Using Chroma semantic search with type=decision filter"
    full: logger.debug('SEARCH', 'Using Chroma semantic search with type=decision filter', {})

  src\services\worker\SearchManager.ts:671 [SEARCH]
    message: "Using metadata-first + semantic ranking for decisions"
    full: logger.debug('SEARCH', 'Using metadata-first + semantic ranking for decisions', {})

  src\services\worker\SearchManager.ts:732 [SEARCH]
    message: "Using hybrid search for change-related observations"
    full: logger.debug('SEARCH', 'Using hybrid search for change-related observations', {})

  src\services\worker\SearchManager.ts:814 [SEARCH]
    message: "Using metadata-first + semantic ranking for how-it-works"
    full: logger.debug('SEARCH', 'Using metadata-first + semantic ranking for how-it-works', {})

  src\services\worker\SearchManager.ts:871 [SEARCH]
    message: "(message not captured)"
    full: logger.debug('SEARCH', 'Using hybrid semantic search (Chroma + SQLite)

  src\services\worker\SearchManager.ts:875 [SEARCH]
    message: "Chroma returned semantic matches"
    full: logger.debug('SEARCH', 'Chroma returned semantic matches', { matchCount: chromaResults.ids.length })

  src\services\worker\SearchManager.ts:885 [SEARCH]
    message: "Results within 90-day window"
    full: logger.debug('SEARCH', 'Results within 90-day window', { count: recentIds.length })

  src\services\worker\SearchManager.ts:891 [SEARCH]
    message: "Hydrated observations from SQLite"
    full: logger.debug('SEARCH', 'Hydrated observations from SQLite', { count: results.length })

  src\services\worker\SearchManager.ts:928 [SEARCH]
    message: "Using hybrid semantic search for sessions"
    full: logger.debug('SEARCH', 'Using hybrid semantic search for sessions', {})

  src\services\worker\SearchManager.ts:932 [SEARCH]
    message: "Chroma returned semantic matches for sessions"
    full: logger.debug('SEARCH', 'Chroma returned semantic matches for sessions', { matchCount: chromaResults.ids.length })

  src\services\worker\SearchManager.ts:942 [SEARCH]
    message: "Results within 90-day window"
    full: logger.debug('SEARCH', 'Results within 90-day window', { count: recentIds.length })

  src\services\worker\SearchManager.ts:948 [SEARCH]
    message: "Hydrated sessions from SQLite"
    full: logger.debug('SEARCH', 'Hydrated sessions from SQLite', { count: results.length })

  src\services\worker\SearchManager.ts:985 [SEARCH]
    message: "Using hybrid semantic search for user prompts"
    full: logger.debug('SEARCH', 'Using hybrid semantic search for user prompts', {})

  src\services\worker\SearchManager.ts:989 [SEARCH]
    message: "Chroma returned semantic matches for prompts"
    full: logger.debug('SEARCH', 'Chroma returned semantic matches for prompts', { matchCount: chromaResults.ids.length })

  src\services\worker\SearchManager.ts:999 [SEARCH]
    message: "Results within 90-day window"
    full: logger.debug('SEARCH', 'Results within 90-day window', { count: recentIds.length })

  src\services\worker\SearchManager.ts:1005 [SEARCH]
    message: "Hydrated user prompts from SQLite"
    full: logger.debug('SEARCH', 'Hydrated user prompts from SQLite', { count: results.length })

  src\services\worker\SearchManager.ts:1042 [SEARCH]
    message: "Using metadata-first + semantic ranking for concept search"
    full: logger.debug('SEARCH', 'Using metadata-first + semantic ranking for concept search', {})

  src\services\worker\SearchManager.ts:1046 [SEARCH]
    message: "Found observations with concept"
    full: logger.debug('SEARCH', 'Found observations with concept', { concept, count: metadataResults.length })

  src\services\worker\SearchManager.ts:1061 [SEARCH]
    message: "Chroma ranked results by semantic relevance"
    full: logger.debug('SEARCH', 'Chroma ranked results by semantic relevance', { count: rankedIds.length })

  src\services\worker\SearchManager.ts:1074 [SEARCH]
    message: "Using SQLite-only concept search"
    full: logger.debug('SEARCH', 'Using SQLite-only concept search', {})

  src\services\worker\SearchManager.ts:1113 [SEARCH]
    message: "Using metadata-first + semantic ranking for file search"
    full: logger.debug('SEARCH', 'Using metadata-first + semantic ranking for file search', {})

  src\services\worker\SearchManager.ts:1117 [SEARCH]
    message: "Found results for file"
    full: logger.debug('SEARCH', 'Found results for file', { file: filePath, observations: metadataResults.observations.length, sessions: metadataResults.sessions.length })

  src\services\worker\SearchManager.ts:1136 [SEARCH]
    message: "Chroma ranked observations by semantic relevance"
    full: logger.debug('SEARCH', 'Chroma ranked observations by semantic relevance', { count: rankedIds.length })

  src\services\worker\SearchManager.ts:1149 [SEARCH]
    message: "Using SQLite-only file search"
    full: logger.debug('SEARCH', 'Using SQLite-only file search', {})

  src\services\worker\SearchManager.ts:1233 [SEARCH]
    message: "Using metadata-first + semantic ranking for type search"
    full: logger.debug('SEARCH', 'Using metadata-first + semantic ranking for type search', {})

  src\services\worker\SearchManager.ts:1237 [SEARCH]
    message: "Found observations with type"
    full: logger.debug('SEARCH', 'Found observations with type', { type: typeStr, count: metadataResults.length })

  src\services\worker\SearchManager.ts:1252 [SEARCH]
    message: "Chroma ranked results by semantic relevance"
    full: logger.debug('SEARCH', 'Chroma ranked results by semantic relevance', { count: rankedIds.length })

  src\services\worker\SearchManager.ts:1265 [SEARCH]
    message: "Using SQLite-only type search"
    full: logger.debug('SEARCH', 'Using SQLite-only type search', {})

  src\services\worker\SearchManager.ts:1341 [WORKER]
    message: "files_read is plain string, using as-is"
    error: error as Error
    full: logger.debug('WORKER', 'files_read is plain string, using as-is', {}, error as Error)

  src\services\worker\SearchManager.ts:1356 [WORKER]
    message: "files_edited is plain string, using as-is"
    error: error as Error
    full: logger.debug('WORKER', 'files_edited is plain string, using as-is', {}, error as Error)

  src\services\worker\SearchManager.ts:1641 [SEARCH]
    message: "Using hybrid semantic search for timeline query"
    full: logger.debug('SEARCH', 'Using hybrid semantic search for timeline query', {})

  src\services\worker\SearchManager.ts:1643 [SEARCH]
    message: "Chroma returned semantic matches for timeline"
    full: logger.debug('SEARCH', 'Chroma returned semantic matches for timeline', { matchCount: chromaResults.ids.length })

  src\services\worker\SearchManager.ts:1653 [SEARCH]
    message: "Results within 90-day window"
    full: logger.debug('SEARCH', 'Results within 90-day window', { count: recentIds.length })

  src\services\worker\SearchManager.ts:1657 [SEARCH]
    message: "Hydrated observations from SQLite"
    full: logger.debug('SEARCH', 'Hydrated observations from SQLite', { count: results.length })

  src\services\worker\SearchManager.ts:1708 [SEARCH]
    message: "Auto mode: Using observation as timeline anchor"
    full: logger.debug('SEARCH', 'Auto mode: Using observation as timeline anchor', { observationId: topResult.id })

  src\services\worker\SessionManager.ts:52 [SESSION]
    message: "initializeSession called"
    full: logger.debug('SESSION', 'initializeSession called', { sessionDbId, promptNumber, has_currentUserPrompt: !!currentUserPrompt })

  src\services\worker\SessionManager.ts:61 [SESSION]
    message: "Returning cached session"
    full: logger.debug('SESSION', 'Returning cached session', { sessionDbId, contentSessionId: session.contentSessionId, lastPromptNumber: session.lastPromptNumber })

  src\services\worker\SessionManager.ts:72 [SESSION]
    message: "Updating project from database"
    full: logger.debug('SESSION', 'Updating project from database', { sessionDbId, oldProject: session.project, newProject: dbSession.project })

  src\services\worker\SessionManager.ts:82 [SESSION]
    message: "Updating userPrompt for continuation"
    full: logger.debug('SESSION', 'Updating userPrompt for continuation', { sessionDbId, promptNumber, oldPrompt: session.userPrompt.substring(0, 80)

  src\services\worker\SessionManager.ts:91 [SESSION]
    message: "No currentUserPrompt provided for existing session"
    full: logger.debug('SESSION', 'No currentUserPrompt provided for existing session', { sessionDbId, promptNumber, usingCachedPrompt: session.userPrompt.substring(0, 80)

  src\services\worker\SessionManager.ts:103 [SESSION]
    message: "Fetched session from database"
    full: logger.debug('SESSION', 'Fetched session from database', { sessionDbId, content_session_id: dbSession.content_session_id, memory_session_id: dbSession.memory_session_id })

  src\services\worker\SessionManager.ts:122 [SESSION]
    message: "No currentUserPrompt provided for new session, using database"
    full: logger.debug('SESSION', 'No currentUserPrompt provided for new session, using database', { sessionDbId, promptNumber, dbPrompt: dbSession.user_prompt.substring(0, 80)

  src\services\worker\SessionManager.ts:128 [SESSION]
    message: "Initializing session with fresh userPrompt"
    full: logger.debug('SESSION', 'Initializing session with fresh userPrompt', { sessionDbId, promptNumber, userPrompt: currentUserPrompt.substring(0, 80)

  src\services\worker\SessionManager.ts:162 [SESSION]
    message: "(message not captured)"
    full: logger.debug('SESSION', 'Creating new session object (memorySessionId cleared to prevent stale resume)

  src\services\worker\SessionManager.ts:293 [SYSTEM]
    message: "Generator already failed, cleaning up"
    full: logger.debug('SYSTEM', 'Generator already failed, cleaning up', { sessionId: session.sessionDbId })

  src\services\worker\SessionManager.ts:306 [SESSION]
    message: "Waiting for subprocess PID ${tracked.pid} to exit"
    full: logger.debug('SESSION', `Waiting for subprocess PID ${tracked.pid} to exit`, { sessionId: sessionDbId, pid: tracked.pid })

  src\services\worker\SettingsManager.ts:46 [WORKER]
    message: "Failed to load settings, using defaults"
    error: error as Error
    full: logger.debug('WORKER', 'Failed to load settings, using defaults', {}, error as Error)

  src\services\worker\SSEBroadcaster.ts:23 [WORKER]
    message: "Client connected"
    full: logger.debug('WORKER', 'Client connected', { total: this.sseClients.size })

  src\services\worker\SSEBroadcaster.ts:39 [WORKER]
    message: "Client disconnected"
    full: logger.debug('WORKER', 'Client disconnected', { total: this.sseClients.size })

  src\services\worker\SSEBroadcaster.ts:47 [WORKER]
    message: "(message not captured)"
    full: logger.debug('WORKER', 'SSE broadcast skipped (no clients)

  src\services\worker\SSEBroadcaster.ts:54 [WORKER]
    message: "SSE broadcast sent"
    full: logger.debug('WORKER', 'SSE broadcast sent', { eventType: event.type, clients: this.sseClients.size })

  src\services\worker\validation\PrivacyCheckValidator.ts:31 [HOOK]
    message: "Skipping ${operationType} - user prompt was entirely private"
    full: logger.debug('HOOK', `Skipping ${operationType} - user prompt was entirely private`, { sessionId: sessionDbId, promptNumber, ...additionalContext })

  src\shared\paths.ts:116 [SYSTEM]
    message: "Git root detection failed, using cwd basename"
    full: logger.debug('SYSTEM', 'Git root detection failed, using cwd basename', { cwd: process.cwd()

  src\shared\timeline-formatting.ts:20 [PARSER]
    message: "Failed to parse JSON array, using empty fallback"
    full: logger.debug('PARSER', 'Failed to parse JSON array, using empty fallback', { preview: json?.substring(0, 50)

  src\shared\worker-utils.ts:117 [SYSTEM]
    message: "(message not captured)"
    full: logger.debug('SYSTEM', 'Could not read plugin version (shutdown race)

  src\shared\worker-utils.ts:159 [SYSTEM]
    message: "Version check"
    full: logger.debug('SYSTEM', 'Version check', { pluginVersion, workerVersion, note: 'Mismatch will be auto-restarted by worker-service start command' })

  src\shared\worker-utils.ts:167 [SYSTEM]
    message: "Version check failed"
    full: logger.debug('SYSTEM', 'Version check failed', { error: error instanceof Error ? error.message : String(error)

  src\shared\worker-utils.ts:188 [SYSTEM]
    message: "Worker health check failed"
    full: logger.debug('SYSTEM', 'Worker health check failed', { error: e instanceof Error ? e.message : String(e)

  src\utils\bun-path.ts:33 [SYSTEM]
    message: "Bun not found in PATH, checking common installation locations"
    full: logger.debug('SYSTEM', 'Bun not found in PATH, checking common installation locations', { error: e instanceof Error ? e.message : String(e)

  src\utils\claude-md-utils.ts:128 [FOLDER_INDEX]
    message: "Skipping non-existent folder"
    full: logger.debug('FOLDER_INDEX', 'Skipping non-existent folder', { folderPath })

  src\utils\claude-md-utils.ts:363 [FOLDER_INDEX]
    message: "Detected active CLAUDE.md, will skip folder"
    full: logger.debug('FOLDER_INDEX', 'Detected active CLAUDE.md, will skip folder', { folderPath })

  src\utils\claude-md-utils.ts:373 [FOLDER_INDEX]
    message: "Skipping invalid file path"
    full: logger.debug('FOLDER_INDEX', 'Skipping invalid file path', { filePath, reason: 'Failed path validation' })

  src\utils\claude-md-utils.ts:388 [FOLDER_INDEX]
    message: "Skipping project root CLAUDE.md"
    full: logger.debug('FOLDER_INDEX', 'Skipping project root CLAUDE.md', { folderPath })

  src\utils\claude-md-utils.ts:393 [FOLDER_INDEX]
    message: "Skipping unsafe directory for CLAUDE.md"
    full: logger.debug('FOLDER_INDEX', 'Skipping unsafe directory for CLAUDE.md', { folderPath })

  src\utils\claude-md-utils.ts:398 [FOLDER_INDEX]
    message: "Skipping folder with active CLAUDE.md to avoid race condition"
    full: logger.debug('FOLDER_INDEX', 'Skipping folder with active CLAUDE.md to avoid race condition', { folderPath })

  src\utils\claude-md-utils.ts:403 [FOLDER_INDEX]
    message: "Skipping excluded folder"
    full: logger.debug('FOLDER_INDEX', 'Skipping excluded folder', { folderPath })

  src\utils\claude-md-utils.ts:412 [FOLDER_INDEX]
    message: "Updating CLAUDE.md files"
    full: logger.debug('FOLDER_INDEX', 'Updating CLAUDE.md files', { project, folderCount: folderPaths.size })

  src\utils\claude-md-utils.ts:433 [FOLDER_INDEX]
    message: "No content for folder"
    full: logger.debug('FOLDER_INDEX', 'No content for folder', { folderPath })

  src\utils\claude-md-utils.ts:446 [FOLDER_INDEX]
    message: "Skipping empty CLAUDE.md creation"
    full: logger.debug('FOLDER_INDEX', 'Skipping empty CLAUDE.md creation', { folderPath })

  src\utils\claude-md-utils.ts:452 [FOLDER_INDEX]
    message: "Updated CLAUDE.md"
    full: logger.debug('FOLDER_INDEX', 'Updated CLAUDE.md', { folderPath })

  src\utils\transcript-parser.ts:46 [PARSER]
    message: "Failed to parse transcript line"
    error: error as Error
    full: logger.debug('PARSER', 'Failed to parse transcript line', { lineNumber: index + 1 }, error as Error)

  Count: 269

=== SUMMARY ===
  ERROR: 113
  WARN:  92
  INFO:  169
  DEBUG: 269
  TOTAL: 643

(pass) Log Level Audit > should generate audit report for log level review

📊 Log Level Distribution:
  ERROR: 113 (17.6%)
  WARN:  92 (14.3%)
  INFO:  169 (26.3%)
  DEBUG: 269 (41.8%)
(pass) Log Level Audit > should have summary statistics [16.00ms]

tests\logger-usage-standards.test.ts:
(pass) Logger Usage Standards > should scan all TypeScript files in src/ [93.00ms]
170 |       throw new Error(
171 |         `❌ CRITICAL: Found console.log/console.error in ${filesWithConsole.length} background service file(s):\n${report}\n\n` +
172 |         `These logs are INVISIBLE - they run in background processes where console output goes nowhere.\n` +
173 |         `Replace with logger.debug/info/warn/error calls immediately.\n\n` +
174 |         `Only hook files (src/hooks/*) should use console.log for their output response.`
175 |       );
            ^
error: ❌ CRITICAL: Found console.log/console.error in 2 background service file(s):
  src/sdk/worker.ts:44,46,49,54,78,88,97,103,115,121,128,137,153,154,158,163,165,172,186,193,204,214,219,230,231,241,250,256,301,317,337,366,374,390,406,429,437,445,454,462,469,493,501,507,511,522,536,552
  src/utils/silent-debug.ts:71

These logs are INVISIBLE - they run in background processes where console output goes nowhere.
Replace with logger.debug/info/warn/error calls immediately.

Only hook files (src/hooks/*) should use console.log for their output response.
      at <anonymous> (C:\Users\hyper\workspace\claude-mem\tests\logger-usage-standards.test.ts:175:7)
(fail) Logger Usage Standards > should NOT use console.log/console.error (these logs are invisible in background services)
186 |         .join("\n");
187 | 
188 |       throw new Error(
189 |         `High-priority files missing logger import (${withoutLogger.length}):\n${report}\n\n` +
190 |         `These files should import and use logger for debugging and observability.`
191 |       );
            ^
error: High-priority files missing logger import (15):
  src/hooks/cleanup-hook.ts
  src/hooks/cleanup.ts
  src/hooks/context-hook.ts
  src/hooks/context-injection.ts
  src/hooks/jit-context-hook.ts
  src/hooks/new-hook.ts
  src/sdk/worker.ts
  src/servers/search-server/formatters/common.ts
  src/servers/search-server/formatters/observation.ts
  src/servers/search-server/formatters/prompt.ts
  src/servers/search-server/formatters/session.ts
  src/servers/search-server/utils/normalize-params.ts
  src/servers/search-server/utils/query-chroma.ts
  src/servers/search-server.ts
  src/services/worker/http/routes/IntegrationsRoutes.ts

These files should import and use logger for debugging and observability.
      at <anonymous> (C:\Users\hyper\workspace\claude-mem\tests\logger-usage-standards.test.ts:191:7)
(fail) Logger Usage Standards > should have logger coverage in high-priority files

📊 Logger Coverage Report:
  Total files analyzed: 164
  Files with logger: 109 (66.5%)
  Files without logger: 55
  Total logger calls: 560
  Excluded files: 50

📝 Files without logger:
     src/cli/adapters/claude-code.ts
     src/cli/adapters/cursor.ts
     src/cli/adapters/raw.ts
     src/cli/stdin-reader.ts
     src/cli/types.ts
  🔴 HIGH src/hooks/cleanup-hook.ts
  🔴 HIGH src/hooks/cleanup.ts
  🔴 HIGH src/hooks/context-hook.ts
  🔴 HIGH src/hooks/context-injection.ts
  🔴 HIGH src/hooks/jit-context-hook.ts
  🔴 HIGH src/hooks/new-hook.ts
  🔴 HIGH src/sdk/worker.ts
  🔴 HIGH src/servers/search-server/formatters/common.ts
  🔴 HIGH src/servers/search-server/formatters/observation.ts
  🔴 HIGH src/servers/search-server/formatters/prompt.ts
  🔴 HIGH src/servers/search-server/formatters/session.ts
  🔴 HIGH src/servers/search-server/utils/normalize-params.ts
  🔴 HIGH src/servers/search-server/utils/query-chroma.ts
  🔴 HIGH src/servers/search-server.ts
     src/services/chroma/ChromaOrchestrator.ts
     src/services/context/ContextConfigLoader.ts
     src/services/context/formatters/ColorFormatter.ts
     src/services/context/formatters/MarkdownFormatter.ts
     src/services/context/sections/FooterRenderer.ts
     src/services/context/sections/HeaderRenderer.ts
     src/services/context/sections/SummaryRenderer.ts
     src/services/context/sections/TimelineRenderer.ts
     src/services/context/TokenCalculator.ts
     src/services/context/types.ts
     src/services/Context.ts
     src/services/domain/types.ts
     src/services/integrations/types.ts
     src/services/process/ProcessManager.ts
     src/services/server/allowed-constants.ts
     src/services/server/Middleware.ts
     src/services/smart-file-read/parser.ts
     src/services/smart-file-read/search.ts
     src/services/sqlite/types.ts
     src/services/transcripts/config.ts
     src/services/transcripts/field-utils.ts
     src/services/transcripts/types.ts
     src/services/worker/agents/types.ts
  🔴 HIGH src/services/worker/http/routes/IntegrationsRoutes.ts
     src/services/worker/search/types.ts
     src/services/worker-types.ts
     src/shared/path-utils.ts
     src/shared/plugin-state.ts
     src/shared/runtime.ts
     src/shared/settings.ts
     src/shared/skip-tools.ts
     src/shared/tool-output-backup.ts
     src/utils/error-messages.ts
     src/utils/project-filter.ts
     src/utils/silent-debug.ts
     src/utils/worktree.ts
(pass) Logger Usage Standards > should report logger coverage statistics

tests\sdk-agent-resume.test.ts:
(pass) SDKAgent Resume Parameter Logic > INIT prompt scenarios (lastPromptNumber === 1) > should NOT pass resume parameter when lastPromptNumber === 1 even if memorySessionId exists
(pass) SDKAgent Resume Parameter Logic > INIT prompt scenarios (lastPromptNumber === 1) > should NOT pass resume parameter when memorySessionId is null and lastPromptNumber === 1
(pass) SDKAgent Resume Parameter Logic > CONTINUATION prompt scenarios (lastPromptNumber > 1) > should pass resume parameter when lastPromptNumber > 1 AND memorySessionId exists
(pass) SDKAgent Resume Parameter Logic > CONTINUATION prompt scenarios (lastPromptNumber > 1) > should pass resume parameter for higher prompt numbers
(pass) SDKAgent Resume Parameter Logic > CONTINUATION prompt scenarios (lastPromptNumber > 1) > should NOT pass resume parameter when memorySessionId is null even for lastPromptNumber > 1
(pass) SDKAgent Resume Parameter Logic > Edge cases > should handle empty string memorySessionId as falsy
(pass) SDKAgent Resume Parameter Logic > Edge cases > should handle undefined memorySessionId as falsy
(pass) SDKAgent Resume Parameter Logic > Bug reproduction: stale session resume crash > should NOT resume when worker restarts with stale memorySessionId
(pass) SDKAgent Resume Parameter Logic > Bug reproduction: stale session resume crash > should resume correctly for normal continuation (not after restart)

tests\session-search.test.ts:
(pass) SessionSearch FTS5 Injection Tests > should escape double quotes in search queries [63.00ms]
(pass) SessionSearch FTS5 Injection Tests > should handle FTS5 special operators safely [62.00ms]
253 | 
254 |     // Search for exact phrase
255 |     const results = search.searchObservations('hello world');
256 | 
257 |     assert.strictEqual(Array.isArray(results), true, 'Should return an array');
258 |     assert.ok(results.length > 0, 'Should find at least one result');
                 ^
AssertionError: Should find at least one result
 generatedMessage: false,
     actual: false,
   expected: true,
   operator: "==",
       code: "ERR_ASSERTION"

      at C:\Users\hyper\workspace\claude-mem\tests\session-search.test.ts:258:12
      at fn (node:test:210:18)
(fail) SessionSearch FTS5 Injection Tests > should find exact phrase matches when properly escaped [63.00ms]
(pass) SessionSearch FTS5 Injection Tests > should handle empty and special character queries safely [62.00ms]
(pass) SessionSearch FTS5 Injection Tests > should search session summaries safely [47.00ms]
(pass) SessionSearch FTS5 Injection Tests > should search user prompts safely [62.00ms]
363 |         start: yesterdayISO,
364 |         end: nowISO
365 |       }
366 |     });
367 | 
368 |     assert.strictEqual(results.length, 1, 'Should find only 1 feature in date range');
                 ^
AssertionError: Should find only 1 feature in date range

0 !== 1

 generatedMessage: false,
     actual: 0,
   expected: 1,
   operator: "strictEqual",
       code: "ERR_ASSERTION"

      at C:\Users\hyper\workspace\claude-mem\tests\session-search.test.ts:368:12
      at fn (node:test:210:18)
(fail) SessionSearch FTS5 Injection Tests > should filter observations by date range using ISO strings [63.00ms]
396 |         start: yesterday,
397 |         end: now
398 |       }
399 |     });
400 | 
401 |     assert.strictEqual(results.length, 1, 'Should find only 1 feature in date range');
                 ^
AssertionError: Should find only 1 feature in date range

0 !== 1

 generatedMessage: false,
     actual: 0,
   expected: 1,
   operator: "strictEqual",
       code: "ERR_ASSERTION"

      at C:\Users\hyper\workspace\claude-mem\tests\session-search.test.ts:401:12
      at fn (node:test:210:18)
(fail) SessionSearch FTS5 Injection Tests > should filter observations by date range using Unix timestamps [62.00ms]
514 |       LIMIT ? OFFSET ?
515 |     `;
516 | 
517 |     params.push(limit, offset);
518 | 
519 |     return this.db.prepare(sql).all(...params) as ObservationSearchResult[];
                         ^
SQLiteError: no such column: o.discovery_tokens
      errno: 1,
 byteOffset: 19,

      at prepare (bun:sqlite:331:37)
      at findByType (C:\Users\hyper\workspace\claude-mem\src\services\sqlite\SessionSearch.ts:519:20)
      at <anonymous> (C:\Users\hyper\workspace\claude-mem\tests\session-search.test.ts:425:28)
      at fn (node:test:210:18)
(fail) SessionSearch FTS5 Injection Tests > should filter by type with date range [63.00ms]
552 |     // Verify all FTS tables exist after SessionSearch instantiation
553 |     const tablesAfter = search['db'].prepare("SELECT name FROM sqlite_master WHERE type='table' AND name LIKE '%_fts'").all() as any[];
554 |     const tableNamesAfter = tablesAfter.map((t: any) => t.name);
555 | 
556 |     assert.ok(tableNamesAfter.includes('observations_fts'), 'observations_fts should still exist after');
557 |     assert.ok(tableNamesAfter.includes('session_summaries_fts'), 'session_summaries_fts should be created');
                 ^
AssertionError: session_summaries_fts should be created
 generatedMessage: false,
     actual: false,
   expected: true,
   operator: "==",
       code: "ERR_ASSERTION"

      at C:\Users\hyper\workspace\claude-mem\tests\session-search.test.ts:557:12
      at fn (node:test:210:18)
(fail) SessionSearch FTS5 Migration Tests > should create all FTS tables when observations_fts exists but session_summaries_fts is missing [31.00ms]

tests\session_id_usage_validation.test.ts:
(pass) Session ID Critical Invariants > Cross-Contamination Prevention > should never mix observations from different content sessions [31.00ms]
(pass) Session ID Critical Invariants > Resume Safety > should prevent resume when memorySessionId is NULL (not yet captured) [16.00ms]
(pass) Session ID Critical Invariants > Resume Safety > should allow resume only after memorySessionId is captured [16.00ms]
(pass) Session ID Critical Invariants > Resume Safety > should preserve memorySessionId across createSDKSession calls (pure get-or-create) [31.00ms]
(pass) Session ID Critical Invariants > Resume Safety > should NOT reset memorySessionId when it is still NULL (first prompt scenario) [16.00ms]
(pass) Session ID Critical Invariants > UNIQUE Constraint Enforcement > should prevent duplicate memorySessionId (protects against multiple transcripts) [15.00ms]
(pass) Session ID Critical Invariants > Foreign Key Integrity > should reject observations for non-existent sessions [16.00ms]

tests\session_store.test.ts:
(pass) SessionStore > should correctly count user prompts [16.00ms]
(pass) SessionStore > should store observation with timestamp override [16.00ms]
(pass) SessionStore > should store summary with timestamp override [15.00ms]

tests\smart-install.test.ts:
(pass) smart-install resolveRoot logic > should prefer CLAUDE_PLUGIN_ROOT when it contains package.json
(pass) smart-install resolveRoot logic > should detect cache-based install paths [16.00ms]
(pass) smart-install resolveRoot logic > should fall back to script-relative path when CLAUDE_PLUGIN_ROOT is unset
(pass) smart-install resolveRoot logic > should handle missing package.json in CLAUDE_PLUGIN_ROOT gracefully
(pass) smart-install verifyCriticalModules logic > should pass when all dependencies exist in node_modules [15.00ms]
(pass) smart-install verifyCriticalModules logic > should detect missing dependencies in node_modules
(pass) smart-install verifyCriticalModules logic > should handle packages with no dependencies gracefully [16.00ms]
(pass) smart-install verifyCriticalModules logic > should detect partially installed scoped packages

tests\worker-spawn.test.ts:
(pass) Worker Self-Spawn CLI > status command > should report worker status in expected format [547.00ms]
(pass) Worker Self-Spawn CLI > status command > should include PID and port when running [422.00ms]
(pass) Worker Self-Spawn CLI > PID file management > should create and read PID file with correct structure
(pass) Worker Self-Spawn CLI > health check utilities > should return false for non-existent server
(pass) Worker Self-Spawn CLI > health check utilities > should timeout appropriately for unreachable server [16.00ms]
(pass) Worker Health Endpoints > health endpoint contract > should expect /api/health to return status ok with expected fields
(pass) Worker Health Endpoints > health endpoint contract > should expect /api/readiness to distinguish ready vs initializing states
(pass) Windows-specific behavior > should detect Windows managed worker mode correctly

tests\zombie-prevention.test.ts:
(pass) Zombie Agent Prevention > should prevent concurrent spawns for same session [125.00ms]
(pass) Zombie Agent Prevention > should prevent duplicate crash recovery spawns [16.00ms]
(pass) Zombie Agent Prevention > should report accurate queueDepth from database [16.00ms]
(pass) Zombie Agent Prevention > should track pending work across multiple sessions [15.00ms]
(pass) Zombie Agent Prevention > should reset AbortController when restarting after abort [16.00ms]
(pass) Zombie Agent Prevention > should recover stuck processing messages via claimNextMessage self-healing [16.00ms]
(pass) Zombie Agent Prevention > should properly cleanup generator promise on session delete [78.00ms]

opencode-plugin\test\plugin.test.ts:

# Unhandled error between tests
-------------------------------
error: Cannot find module '@opencode-ai/plugin' from 'C:\Users\hyper\workspace\claude-mem\opencode-plugin\src\index.ts'
-------------------------------


tests\context\observation-compiler.test.ts:
(pass) buildTimeline > should combine observations and summaries into timeline
(pass) buildTimeline > should sort timeline items chronologically by epoch
(pass) buildTimeline > should handle empty observations array
(pass) buildTimeline > should handle empty summaries array
(pass) buildTimeline > should handle both empty arrays
(pass) buildTimeline > should correctly tag items with their type
(pass) buildTimeline > should use displayEpoch for summary sorting, not created_at_epoch

tests\context\token-calculator.test.ts:
(pass) TokenCalculator > CHARS_PER_TOKEN_ESTIMATE constant > should be 4 characters per token
(pass) TokenCalculator > calculateObservationTokens > should return 0 for an observation with no content
(pass) TokenCalculator > calculateObservationTokens > should estimate tokens based on title length
(pass) TokenCalculator > calculateObservationTokens > should estimate tokens based on subtitle length
(pass) TokenCalculator > calculateObservationTokens > should estimate tokens based on narrative length
(pass) TokenCalculator > calculateObservationTokens > should estimate tokens based on facts JSON length
(pass) TokenCalculator > calculateObservationTokens > should combine all fields for total token estimate
(pass) TokenCalculator > calculateObservationTokens > should handle large observations correctly
(pass) TokenCalculator > calculateObservationTokens > should round up fractional tokens using ceil
(pass) TokenCalculator > calculateTokenEconomics > should return zeros for empty observations array
(pass) TokenCalculator > calculateTokenEconomics > should count total observations
(pass) TokenCalculator > calculateTokenEconomics > should sum read tokens from all observations
(pass) TokenCalculator > calculateTokenEconomics > should sum discovery tokens from all observations
(pass) TokenCalculator > calculateTokenEconomics > should handle null discovery_tokens as 0
(pass) TokenCalculator > calculateTokenEconomics > should calculate savings as discovery minus read tokens
(pass) TokenCalculator > calculateTokenEconomics > should calculate savings percent correctly
(pass) TokenCalculator > calculateTokenEconomics > should return 0% savings when discovery tokens is 0
(pass) TokenCalculator > calculateTokenEconomics > should handle negative savings correctly
(pass) TokenCalculator > calculateTokenEconomics > should round savings percent to nearest integer
(pass) TokenCalculator > calculateTokenEconomics > should aggregate correctly with multiple observations

tests\endless-mode\integration.test.ts:
46 |         method: 'POST',
47 |         headers: { 'Content-Type': 'application/json' },
48 |         body: JSON.stringify(observationPayload)
49 |       });
50 | 
51 |       expect(createResponse.ok).toBe(true);
                                     ^
error: expect(received).toBe(expected)

Expected: true
Received: false

      at <anonymous> (C:\Users\hyper\workspace\claude-mem\tests\endless-mode\integration.test.ts:51:33)
(fail) Endless Mode v7.1 - Integration Tests > Full SSE Flow > should complete full observation lifecycle with SSE
122 |           })
123 |         })
124 |       );
125 | 
126 |       const createResponses = await Promise.all(createPromises);
127 |       createResponses.forEach((response) => expect(response.ok).toBe(true));
                ^
error: expect(received).toBe(expected)

Expected: true
Received: false

      at forEach (1:11)
      at <anonymous> (C:\Users\hyper\workspace\claude-mem\tests\endless-mode\integration.test.ts:127:23)
(fail) Endless Mode v7.1 - Integration Tests > Full SSE Flow > should handle concurrent SSE connections [16.00ms]
188 |       const events: any[] = [];
189 | 
190 |       const completed = await new Promise<boolean>((resolve, reject) => {
191 |         const timeout = setTimeout(() => {
192 |           eventSource.close();
193 |           reject(new Error('SSE timeout'));
                           ^
error: SSE timeout
      at <anonymous> (C:\Users\hyper\workspace\claude-mem\tests\endless-mode\integration.test.ts:193:22)
(fail) Endless Mode v7.1 - Integration Tests > Full SSE Flow > should broadcast processing status updates during queue processing [30031.00ms]
252 | 
253 |       // Wait for processing
254 |       await new Promise<void>((resolve, reject) => {
255 |         const timeout = setTimeout(() => {
256 |           eventSource.close();
257 |           reject(new Error('SSE timeout'));
                           ^
error: SSE timeout
      at <anonymous> (C:\Users\hyper\workspace\claude-mem\tests\endless-mode\integration.test.ts:257:22)
(fail) Endless Mode v7.1 - Integration Tests > API Endpoints > should fetch observations by tool_use_id [30031.00ms]
293 |     it('should return empty array for non-existent tool_use_id', async () => {
294 |       const response = await fetch(
295 |         `http://127.0.0.1:${WORKER_PORT}/api/sessions/observations-for-tool-use/toolu_nonexistent`
296 |       );
297 | 
298 |       expect(response.ok).toBe(true);
                                ^
error: expect(received).toBe(expected)

Expected: true
Received: false

      at <anonymous> (C:\Users\hyper\workspace\claude-mem\tests\endless-mode\integration.test.ts:298:27)
(fail) Endless Mode v7.1 - Integration Tests > API Endpoints > should return empty array for non-existent tool_use_id [31.00ms]

tests\endless-mode\observation-injection.test.ts:

# Unhandled error between tests
-------------------------------
256 |     beforeEach(async () => {
257 |       // Create temporary transcript file
258 |       tempTranscriptPath = path.join(os.tmpdir(), `transcript-${Date.now()}.json`);
259 |     });
260 | 
261 |     afterEach(async () => {
          ^
ReferenceError: afterEach is not defined
      at <anonymous> (C:\Users\hyper\workspace\claude-mem\tests\endless-mode\observation-injection.test.ts:261:5)
-------------------------------

(pass) Endless Mode v7.1 - Observation Injection > formatObservationAsMarkdown() > should format a basic observation with all fields
(pass) Endless Mode v7.1 - Observation Injection > formatObservationAsMarkdown() > should format feature observation with correct emoji
(pass) Endless Mode v7.1 - Observation Injection > formatObservationAsMarkdown() > should format decision observation with correct emoji
(pass) Endless Mode v7.1 - Observation Injection > formatObservationAsMarkdown() > should handle observation with no facts or concepts
(pass) Endless Mode v7.1 - Observation Injection > formatObservationAsMarkdown() > should handle observation with malformed JSON gracefully
(pass) Endless Mode v7.1 - Observation Injection > formatObservationAsMarkdown() > should format change observation
(pass) Endless Mode v7.1 - Observation Injection > Multiple observations formatting > should format multiple observations with --- separator
(pass) Endless Mode v7.1 - Observation Injection > End-to-end observation injection flow > should format multiple observations correctly for additionalContext

tests\endless-mode\sse-wait.test.ts:

# Unhandled error between tests
-------------------------------
error: Cannot find module '../helpers/mocks' from 'C:\Users\hyper\workspace\claude-mem\tests\endless-mode\sse-wait.test.ts'
-------------------------------


tests\hooks\context-reinjection-guard.test.ts:
(pass) Context Re-Injection Guard (#1079) > session-init handler - contextInjected flag behavior > should skip SDK agent init when contextInjected is true [16.00ms]
(pass) Context Re-Injection Guard (#1079) > session-init handler - contextInjected flag behavior > should proceed with SDK agent init when contextInjected is false
(pass) Context Re-Injection Guard (#1079) > session-init handler - contextInjected flag behavior > should proceed with SDK agent init when contextInjected is undefined (backward compat)
(pass) Context Re-Injection Guard (#1079) > SessionManager contextInjected logic > should return undefined for getSession when no active session exists
(pass) Context Re-Injection Guard (#1079) > SessionManager contextInjected logic > should return active session after initializeSession is called [15.00ms]
(pass) Context Re-Injection Guard (#1079) > SessionManager contextInjected logic > should return contextInjected=true pattern for subsequent prompts

tests\infrastructure\graceful-shutdown.test.ts:
(pass) GracefulShutdown > performGracefulShutdown > should call shutdown steps in correct order [16.00ms]
(pass) GracefulShutdown > performGracefulShutdown > should remove PID file during shutdown [15.00ms]
(pass) GracefulShutdown > performGracefulShutdown > should handle missing optional services gracefully
(pass) GracefulShutdown > performGracefulShutdown > should handle null server gracefully
(pass) GracefulShutdown > performGracefulShutdown > should call sessionManager.shutdownAll even without server [16.00ms]
(pass) GracefulShutdown > performGracefulShutdown > should stop chroma server before database close
(pass) GracefulShutdown > performGracefulShutdown > should handle shutdown when PID file does not exist [16.00ms]

tests\infrastructure\health-monitor.test.ts:
(pass) HealthMonitor > isPortInUse > should return true for occupied port (health check succeeds)
(pass) HealthMonitor > isPortInUse > should return false for free port (connection refused)
(pass) HealthMonitor > isPortInUse > should return false when health check returns non-ok
(pass) HealthMonitor > isPortInUse > should return false on network timeout
(pass) HealthMonitor > isPortInUse > should return false on fetch failed error
(pass) HealthMonitor > waitForHealth > should succeed immediately when server responds
(pass) HealthMonitor > waitForHealth > should timeout when no server responds [1515.00ms]
(pass) HealthMonitor > waitForHealth > should succeed after server becomes available [1016.00ms]
(pass) HealthMonitor > waitForHealth > should check health endpoint for liveness
(pass) HealthMonitor > waitForHealth > should use default timeout when not specified
(pass) HealthMonitor > getInstalledPluginVersion > should return a valid semver string
(pass) HealthMonitor > getInstalledPluginVersion > should not throw on ENOENT (graceful degradation)
(pass) HealthMonitor > checkVersionMatch > should assume match when worker version is unavailable
(pass) HealthMonitor > checkVersionMatch > should detect version mismatch
(pass) HealthMonitor > checkVersionMatch > should detect version match
(pass) HealthMonitor > waitForPortFree > should return true immediately when port is already free
(pass) HealthMonitor > waitForPortFree > should timeout when port remains occupied [1531.00ms]
(pass) HealthMonitor > waitForPortFree > should succeed when port becomes free [1031.00ms]
(pass) HealthMonitor > waitForPortFree > should use default timeout when not specified

tests\infrastructure\plugin-disabled-check.test.ts:
(pass) isPluginDisabledInClaudeSettings (#781) > should return false when settings.json does not exist
(pass) isPluginDisabledInClaudeSettings (#781) > should return false when plugin is explicitly enabled [16.00ms]
(pass) isPluginDisabledInClaudeSettings (#781) > should return true when plugin is explicitly disabled
(pass) isPluginDisabledInClaudeSettings (#781) > should return false when enabledPlugins key is missing
(pass) isPluginDisabledInClaudeSettings (#781) > should return false when plugin key is absent from enabledPlugins
(pass) isPluginDisabledInClaudeSettings (#781) > should return false when settings.json contains invalid JSON [16.00ms]
(pass) isPluginDisabledInClaudeSettings (#781) > should return false when settings.json is empty

tests\infrastructure\plugin-distribution.test.ts:
(pass) Plugin Distribution - Skills > should include plugin/skills/mem-search/SKILL.md
22 | 
23 |   it('should have valid YAML frontmatter with name and description', () => {
24 |     const content = readFileSync(skillPath, 'utf-8');
25 | 
26 |     // Must start with YAML frontmatter
27 |     expect(content.startsWith('---\n')).toBe(true);
                                             ^
error: expect(received).toBe(expected)

Expected: true
Received: false

      at <anonymous> (C:\Users\hyper\workspace\claude-mem\tests\infrastructure\plugin-distribution.test.ts:27:41)
(fail) Plugin Distribution - Skills > should have valid YAML frontmatter with name and description
(pass) Plugin Distribution - Skills > should reference the 3-layer search workflow
(pass) Plugin Distribution - Required Files > should include plugin/hooks/hooks.json [15.00ms]
(pass) Plugin Distribution - Required Files > should include plugin/.claude-plugin/plugin.json
(pass) Plugin Distribution - Required Files > should include plugin/skills/mem-search/SKILL.md
(pass) Plugin Distribution - hooks.json Integrity > should have valid JSON in hooks.json
(pass) Plugin Distribution - hooks.json Integrity > should reference CLAUDE_PLUGIN_ROOT in all hook commands
(pass) Plugin Distribution - hooks.json Integrity > should include CLAUDE_PLUGIN_ROOT fallback in all hook commands (#1215)
(pass) Plugin Distribution - package.json Files Field > should include "plugin" in root package.json files field
(pass) Plugin Distribution - Build Script Verification > should verify distribution files in build-hooks.js

tests\infrastructure\process-manager.test.ts:
(pass) ProcessManager > writePidFile > should create file with PID info [16.00ms]
(pass) ProcessManager > writePidFile > should overwrite existing PID file
(pass) ProcessManager > readPidFile > should return PidInfo object for valid file
(pass) ProcessManager > readPidFile > should return null for missing file
(pass) ProcessManager > readPidFile > should return null for corrupted JSON
(pass) ProcessManager > removePidFile > should delete existing file [16.00ms]
(pass) ProcessManager > removePidFile > should not throw for missing file
(pass) ProcessManager > parseElapsedTime > should parse MM:SS format
(pass) ProcessManager > parseElapsedTime > should parse HH:MM:SS format
(pass) ProcessManager > parseElapsedTime > should parse DD-HH:MM:SS format
(pass) ProcessManager > parseElapsedTime > should return -1 for empty or invalid input
(pass) ProcessManager > getPlatformTimeout > should return same value on non-Windows platforms [15.00ms]
(pass) ProcessManager > getPlatformTimeout > should return doubled value on Windows
(pass) ProcessManager > getPlatformTimeout > should apply 2.0x multiplier consistently on Windows
(pass) ProcessManager > getPlatformTimeout > should round Windows timeout values
(pass) ProcessManager > resolveWorkerRuntimePath > should return current runtime on non-Windows platforms
(pass) ProcessManager > resolveWorkerRuntimePath > should reuse execPath when already running under Bun on Windows
(pass) ProcessManager > resolveWorkerRuntimePath > should prefer configured Bun path from environment when available
(pass) ProcessManager > resolveWorkerRuntimePath > should fall back to PATH lookup when no Bun candidate exists
(pass) ProcessManager > resolveWorkerRuntimePath > should return null when Bun cannot be resolved on Windows
(pass) ProcessManager > isProcessAlive > should return true for the current process
(pass) ProcessManager > isProcessAlive > should return false for a non-existent PID [16.00ms]
(pass) ProcessManager > isProcessAlive > should return true for PID 0 (Windows WMIC sentinel)
(pass) ProcessManager > isProcessAlive > should return false for negative PIDs
(pass) ProcessManager > isProcessAlive > should return false for non-integer PIDs
(pass) ProcessManager > cleanStalePidFile > should remove PID file when process is dead
(pass) ProcessManager > cleanStalePidFile > should keep PID file when process is alive
(pass) ProcessManager > cleanStalePidFile > should do nothing when PID file does not exist
(pass) ProcessManager > isPidFileRecent > should return true for a recently written PID file [15.00ms]
(pass) ProcessManager > isPidFileRecent > should return false when PID file does not exist
(pass) ProcessManager > isPidFileRecent > should return false for a very short threshold on a real file
(pass) ProcessManager > touchPidFile > should update mtime of existing PID file [125.00ms]
(pass) ProcessManager > touchPidFile > should not throw when PID file does not exist
(pass) ProcessManager > spawnDaemon > should use setsid on Linux when available
(pass) ProcessManager > spawnDaemon > should return undefined when spawn fails on Windows path [16.00ms]
(pass) ProcessManager > SIGHUP handling > should have SIGHUP listeners registered (integration check)
(pass) ProcessManager > SIGHUP handling > should ignore SIGHUP when --daemon is in process.argv
(pass) ProcessManager > runOneTimeChromaMigration > should wipe chroma directory and write marker file
(pass) ProcessManager > runOneTimeChromaMigration > should skip when marker file already exists (idempotent) [16.00ms]
(pass) ProcessManager > runOneTimeChromaMigration > should handle missing chroma directory gracefully

tests\infrastructure\version-consistency.test.ts:
(pass) Version Consistency > should read version from root package.json
(pass) Version Consistency > should have matching version in plugin/package.json
(pass) Version Consistency > should have matching version in plugin/.claude-plugin/plugin.json
(pass) Version Consistency > should have matching version in .claude-plugin/marketplace.json
(pass) Version Consistency > should have version injected into built worker-service.cjs
(pass) Version Consistency > should have built mcp-server.cjs
(pass) Version Consistency > should validate version format is semver compliant
(pass) Build Script Version Handling > should read version from package.json in build-hooks.js

tests\infrastructure\wmic-parsing.test.ts:
(pass) PowerShell output parsing (Windows) > parsePowerShellOutput - simple number format parsing > should parse simple number format correctly
(pass) PowerShell output parsing (Windows) > parsePowerShellOutput - simple number format parsing > should parse single PID from PowerShell output
(pass) PowerShell output parsing (Windows) > parsePowerShellOutput - simple number format parsing > should handle empty PowerShell output
(pass) PowerShell output parsing (Windows) > parsePowerShellOutput - simple number format parsing > should handle PowerShell output with only whitespace
(pass) PowerShell output parsing (Windows) > parsePowerShellOutput - simple number format parsing > should filter invalid PIDs from PowerShell output
(pass) PowerShell output parsing (Windows) > parsePowerShellOutput - simple number format parsing > should filter negative PIDs from PowerShell output
(pass) PowerShell output parsing (Windows) > parsePowerShellOutput - simple number format parsing > should filter zero PIDs from PowerShell output
(pass) PowerShell output parsing (Windows) > parsePowerShellOutput - simple number format parsing > should handle PowerShell output with extra lines and noise
(pass) PowerShell output parsing (Windows) > parsePowerShellOutput - simple number format parsing > should handle Windows line endings (CRLF)
(pass) PowerShell output parsing (Windows) > parsePowerShellOutput - simple number format parsing > should handle Unix line endings (LF)
(pass) PowerShell output parsing (Windows) > parsePowerShellOutput - simple number format parsing > should handle very large PIDs
(pass) PowerShell output parsing (Windows) > parsePowerShellOutput - simple number format parsing > should handle typical PowerShell output with blank lines and extra spacing
(pass) PowerShell output parsing (Windows) > parsePowerShellOutput - simple number format parsing > should filter lines with text and numbers mixed
(pass) PowerShell output parsing (Windows) > parent PID validation > should reject zero PID
(pass) PowerShell output parsing (Windows) > parent PID validation > should reject negative PID
(pass) PowerShell output parsing (Windows) > parent PID validation > should reject NaN
(pass) PowerShell output parsing (Windows) > parent PID validation > should reject non-integer (float)
(pass) PowerShell output parsing (Windows) > parent PID validation > should reject Infinity
(pass) PowerShell output parsing (Windows) > parent PID validation > should accept valid positive integer PID
(pass) getChildProcesses platform behavior > should return empty array on non-Windows platforms (darwin)
(pass) getChildProcesses platform behavior > should return empty array on non-Windows platforms (linux)
(pass) getChildProcesses platform behavior > should return empty array for invalid parent PID regardless of platform

tests\infrastructure\worker-json-status.test.ts:
(pass) worker-json-status > buildStatusOutput > ready status > should return valid JSON with required fields for ready status
(pass) worker-json-status > buildStatusOutput > ready status > should not include message field when not provided
(pass) worker-json-status > buildStatusOutput > ready status > should include message field when explicitly provided for ready status
(pass) worker-json-status > buildStatusOutput > error status > should return valid JSON with required fields for error status
(pass) worker-json-status > buildStatusOutput > error status > should include message field when provided for error status
(pass) worker-json-status > buildStatusOutput > error status > should handle various error messages correctly
(pass) worker-json-status > buildStatusOutput > required fields always present > should always include continue: true
(pass) worker-json-status > buildStatusOutput > required fields always present > should always include suppressOutput: true
(pass) worker-json-status > buildStatusOutput > JSON serialization > should produce valid JSON when stringified
(pass) worker-json-status > buildStatusOutput > JSON serialization > should match expected JSON structure for hook framework
(pass) worker-json-status > buildStatusOutput > type safety > should only accept valid status values
(pass) worker-json-status > buildStatusOutput > type safety > should have correct type structure
(pass) worker-json-status > buildStatusOutput > edge cases > should handle empty string message
(pass) worker-json-status > buildStatusOutput > edge cases > should handle message with special characters
(pass) worker-json-status > buildStatusOutput > edge cases > should handle very long message [16.00ms]
(pass) worker-json-status > start command JSON output > when worker already healthy > should output valid JSON with status: ready [531.00ms]
(pass) worker-json-status > start command JSON output > when worker already healthy > should match expected JSON structure when worker is healthy [594.00ms]
(skip) worker-json-status > start command JSON output > error scenarios > should output JSON with status: error when port in use but not responding
(skip) worker-json-status > start command JSON output > error scenarios > should output JSON with status: error on spawn failure
(skip) worker-json-status > start command JSON output > error scenarios > should output JSON with status: error on health check timeout
(pass) worker-json-status > Claude Code hook framework compatibility > should always exit with code 0 [593.00ms]
(pass) worker-json-status > Claude Code hook framework compatibility > should output JSON on stdout (not stderr) [516.00ms]
(pass) worker-json-status > Claude Code hook framework compatibility > should be parseable as valid JSON [687.00ms]
(pass) worker-json-status > Claude Code hook framework compatibility > should always include continue: true (required for Claude Code to proceed) [500.00ms]
(pass) worker-json-status > Claude Code hook framework compatibility > should include suppressOutput: true to hide from transcript mode [516.00ms]
(pass) worker-json-status > Claude Code hook framework compatibility > should include a valid status field [547.00ms]

tests\integration\chroma-vector-sync.test.ts:
(pass) ChromaSync Vector Sync Integration > ChromaSync availability check > should detect uvx availability status [47.00ms]
(pass) ChromaSync Vector Sync Integration > ChromaSync class structure > should be importable
(pass) ChromaSync Vector Sync Integration > ChromaSync class structure > should instantiate with project name
(pass) ChromaSync Vector Sync Integration > Document formatting > should format observation documents correctly
(pass) ChromaSync Vector Sync Integration > Document formatting > should have query method
(pass) ChromaSync Vector Sync Integration > Document formatting > should have close method for cleanup
(pass) ChromaSync Vector Sync Integration > Document formatting > should have ensureBackfilled method
(pass) ChromaSync Vector Sync Integration > Observation sync interface > should accept ParsedObservation format
(pass) ChromaSync Vector Sync Integration > Summary sync interface > should accept ParsedSummary format
(pass) ChromaSync Vector Sync Integration > User prompt sync interface > should accept prompt text format
(pass) ChromaSync Vector Sync Integration > Query interface > should accept query string and options
(pass) ChromaSync Vector Sync Integration > Collection naming > should use project-based collection name
(pass) ChromaSync Vector Sync Integration > Collection naming > should handle special characters in project names
(pass) ChromaSync Vector Sync Integration > Error handling > should handle connection failures gracefully
(pass) ChromaSync Vector Sync Integration > Cleanup > should handle close on unconnected instance [15.00ms]
(pass) ChromaSync Vector Sync Integration > Cleanup > should be safe to call close multiple times
(pass) ChromaSync Vector Sync Integration > Process leak prevention (Issue #761) > should have transport cleanup in ChromaMcpManager error handlers
(pass) ChromaSync Vector Sync Integration > Process leak prevention (Issue #761) > should reset state after close regardless of connection status
(pass) ChromaSync Vector Sync Integration > Process leak prevention (Issue #761) > should clean up transport in ChromaMcpManager close() method

tests\integration\hook-execution-e2e.test.ts:
(pass) Hook Execution E2E > health and readiness endpoints > should return 200 with status ok from /api/health [578.00ms]
(pass) Hook Execution E2E > health and readiness endpoints > should return 200 with status ready from /api/readiness when initialized [547.00ms]
(pass) Hook Execution E2E > health and readiness endpoints > should return 503 from /api/readiness when not initialized [531.00ms]
(pass) Hook Execution E2E > health and readiness endpoints > should return version from /api/version [563.00ms]
(pass) Hook Execution E2E > server lifecycle > should start and stop cleanly [1031.00ms]
(pass) Hook Execution E2E > server lifecycle > should reflect initialization state changes dynamically [547.00ms]
(pass) Hook Execution E2E > route handling > should return 404 for unknown routes after finalizeRoutes [531.00ms]
(pass) Hook Execution E2E > route handling > should accept JSON content type for POST requests [532.00ms]
(pass) Hook Execution E2E > privacy tag handling simulation > should demonstrate privacy skip flow for entirely private prompt [546.00ms]
(pass) Hook Execution E2E > privacy tag handling simulation > should demonstrate partial privacy for mixed prompts [547.00ms]

tests\integration\worker-api-endpoints.test.ts:
(pass) Worker API Endpoints Integration > Health/Readiness/Version Endpoints > GET /api/health > should return status, initialized, mcpReady, platform, pid [532.00ms]
(pass) Worker API Endpoints Integration > Health/Readiness/Version Endpoints > GET /api/health > should reflect uninitialized state [546.00ms]
(pass) Worker API Endpoints Integration > Health/Readiness/Version Endpoints > GET /api/readiness > should return 200 with status ready when initialized [516.00ms]
(pass) Worker API Endpoints Integration > Health/Readiness/Version Endpoints > GET /api/readiness > should return 503 with status initializing when not ready [563.00ms]
(pass) Worker API Endpoints Integration > Health/Readiness/Version Endpoints > GET /api/version > should return version string [531.00ms]
(pass) Worker API Endpoints Integration > Error Handling > 404 Not Found > should return 404 for unknown GET routes [547.00ms]
(pass) Worker API Endpoints Integration > Error Handling > 404 Not Found > should return 404 for unknown POST routes [515.00ms]
(pass) Worker API Endpoints Integration > Error Handling > 404 Not Found > should return 404 for nested unknown routes [532.00ms]
(pass) Worker API Endpoints Integration > Error Handling > Method handling > should handle OPTIONS requests [531.00ms]
(pass) Worker API Endpoints Integration > Content-Type Handling > should accept application/json content type [562.00ms]
(pass) Worker API Endpoints Integration > Content-Type Handling > should return JSON responses with correct content type [532.00ms]
(pass) Worker API Endpoints Integration > Server State Management > should track initialization state dynamically [546.00ms]
(pass) Worker API Endpoints Integration > Server State Management > should track MCP ready state dynamically [532.00ms]
(pass) Worker API Endpoints Integration > Server Lifecycle > should start listening on specified port [515.00ms]
(pass) Worker API Endpoints Integration > Server Lifecycle > should close gracefully [1016.00ms]
(pass) Worker API Endpoints Integration > Server Lifecycle > should handle port conflicts [562.00ms]
(pass) Worker API Endpoints Integration > Server Lifecycle > should allow restart on same port after close [1704.00ms]
(pass) Worker API Endpoints Integration > Route Registration > should register route handlers
(pass) Worker API Endpoints Integration > Route Registration > should register multiple route handlers

tests\server\error-handler.test.ts:
(pass) ErrorHandler > AppError > should extend Error
(pass) ErrorHandler > AppError > should set default statusCode to 500
(pass) ErrorHandler > AppError > should set custom statusCode
(pass) ErrorHandler > AppError > should set error code when provided
(pass) ErrorHandler > AppError > should set details when provided
(pass) ErrorHandler > AppError > should set message correctly
(pass) ErrorHandler > AppError > should set name to AppError
(pass) ErrorHandler > AppError > should handle all parameters together
(pass) ErrorHandler > createErrorResponse > should create basic error response with error and message
(pass) ErrorHandler > createErrorResponse > should include code when provided
(pass) ErrorHandler > createErrorResponse > should include details when provided
(pass) ErrorHandler > createErrorResponse > should not include code or details keys when not provided
(pass) ErrorHandler > createErrorResponse > should handle empty string code as falsy and exclude it
(pass) ErrorHandler > errorHandler middleware > should handle AppError with custom status code
(pass) ErrorHandler > errorHandler middleware > should handle AppError with details
(pass) ErrorHandler > errorHandler middleware > should handle generic Error with 500 status code
(pass) ErrorHandler > errorHandler middleware > should not call next after handling error
(pass) ErrorHandler > errorHandler middleware > should use error name in response
(pass) ErrorHandler > errorHandler middleware > should handle AppError with default 500 status
(pass) ErrorHandler > notFoundHandler > should return 404 status
(pass) ErrorHandler > notFoundHandler > should include method and path in message
(pass) ErrorHandler > notFoundHandler > should handle DELETE method
(pass) ErrorHandler > notFoundHandler > should handle PUT method
(pass) ErrorHandler > notFoundHandler > should return structured error response

tests\server\server.test.ts:
(pass) Server > constructor > should create Express app
(pass) Server > constructor > should expose app as readonly property
(pass) Server > listen > should start server on specified port [531.00ms]
(pass) Server > listen > should reject if port is already in use [547.00ms]
(pass) Server > close > should stop server from listening after close [1063.00ms]
(pass) Server > close > should handle close when server not started
(pass) Server > close > should allow starting a new server on same port after close [1656.00ms]
(pass) Server > getHttpServer > should return null before listen [16.00ms]
(pass) Server > getHttpServer > should return http.Server after listen [531.00ms]
(pass) Server > registerRoutes > should call setupRoutes on route handler
(pass) Server > registerRoutes > should register multiple route handlers
(pass) Server > finalizeRoutes > should not throw when called
(pass) Server > health endpoint > should return 200 with status ok [516.00ms]
(pass) Server > health endpoint > should include initialization status [531.00ms]
(pass) Server > health endpoint > should reflect initialization state changes [515.00ms]
(pass) Server > health endpoint > should include platform and pid [547.00ms]
(pass) Server > readiness endpoint > should return 200 when initialized [563.00ms]
(pass) Server > readiness endpoint > should return 503 when not initialized [531.00ms]
(pass) Server > version endpoint > should return 200 with version [531.00ms]
(pass) Server > 404 handling > should return 404 for unknown routes after finalizeRoutes [547.00ms]

tests\services\logs-routes-tail-read.test.ts:
(pass) readLastLines (#1203 OOM fix) > should return empty string for empty file
(pass) readLastLines (#1203 OOM fix) > should return all lines when file has fewer lines than requested
(pass) readLastLines (#1203 OOM fix) > should return exactly the last N lines
(pass) readLastLines (#1203 OOM fix) > should return single line when requested [15.00ms]
(pass) readLastLines (#1203 OOM fix) > should handle file without trailing newline
(pass) readLastLines (#1203 OOM fix) > should handle single line file
(pass) readLastLines (#1203 OOM fix) > should handle file with exactly requested number of lines
(pass) readLastLines (#1203 OOM fix) > should work with lines larger than initial chunk size [16.00ms]
(pass) readLastLines (#1203 OOM fix) > should provide accurate totalEstimate when entire file is read
(pass) readLastLines (#1203 OOM fix) > should handle requesting zero lines
(pass) readLastLines (#1203 OOM fix) > should handle file with only newlines
(pass) readLastLines (#1203 OOM fix) > should not load entire large file for small tail request

tests\services\stale-abort-controller-guard.test.ts:
(pass) Stale AbortController Guard (#1099) > ActiveSession.lastGeneratorActivity > should be defined in ActiveSession type
(pass) Stale AbortController Guard (#1099) > ActiveSession.lastGeneratorActivity > should update when set to current time
(pass) Stale AbortController Guard (#1099) > Stale generator detection logic > should detect generator as stale when no activity for >30s
(pass) Stale AbortController Guard (#1099) > Stale generator detection logic > should NOT detect generator as stale when activity within 30s
(pass) Stale AbortController Guard (#1099) > Stale generator detection logic > should reset activity timestamp when generator restarts
